Java HotSpot(TM) 64-Bit Server VM (25.141-b15) for windows-amd64 JRE (1.8.0_141-b15), built on Jul 12 2017 04:25:12 by "java_re" with MS VC++ 10.0 (VS2010)
Memory: 4k page, physical 8352644k(3739904k free), swap 9663364k(3249720k free)
CommandLine flags: -XX:InitialHeapSize=536870912 -XX:MaxHeapSize=536870912 -XX:MaxNewSize=178958336 -XX:MaxTenuringThreshold=6 -XX:NewSize=178958336 -XX:OldPLABSize=16 -XX:OldSize=357912576 -XX:+PrintGC -XX:+PrintGCTimeStamps -XX:+UseCompressedClassPointers -XX:+UseCompressedOops -XX:+UseConcMarkSweepGC -XX:-UseLargePagesIndividualAllocation -XX:+UseParNewGC 
0.275: [GC (Allocation Failure)  122778K->793K(506816K), 0.0010150 secs]
0.460: [GC (Allocation Failure)  123508K->1606K(506816K), 0.0018810 secs]
0.645: [GC (Allocation Failure)  121513K->2275K(506816K), 0.0016176 secs]
0.831: [GC (Allocation Failure)  122191K->2974K(506816K), 0.0021277 secs]
1.017: [GC (Allocation Failure)  122896K->3468K(506816K), 0.0022464 secs]
1.204: [GC (Allocation Failure)  123396K->4094K(506816K), 0.0031439 secs]
1.392: [GC (Allocation Failure)  124021K->3641K(506816K), 0.0052366 secs]
1.581: [GC (Allocation Failure)  123574K->5023K(506816K), 0.0034948 secs]
1.767: [GC (Allocation Failure)  124953K->5451K(506816K), 0.0034673 secs]
1.954: [GC (Allocation Failure)  125388K->5923K(506816K), 0.0034114 secs]
2.142: [GC (Allocation Failure)  125856K->6894K(506816K), 0.0034278 secs]
2.329: [GC (Allocation Failure)  126825K->7848K(506816K), 0.0041148 secs]
2.516: [GC (Allocation Failure)  127778K->8335K(506816K), 0.0040529 secs]
2.704: [GC (Allocation Failure)  128275K->8335K(506816K), 0.0038912 secs]
2.892: [GC (Allocation Failure)  128270K->9309K(506816K), 0.0040426 secs]
3.079: [GC (Allocation Failure)  129241K->9552K(506816K), 0.0039947 secs]
3.265: [GC (Allocation Failure)  129483K->10039K(506816K), 0.0041447 secs]
3.453: [GC (Allocation Failure)  129968K->11473K(506816K), 0.0049451 secs]
3.641: [GC (Allocation Failure)  131401K->11960K(506816K), 0.0049565 secs]
3.830: [GC (Allocation Failure)  131905K->11960K(506816K), 0.0048478 secs]
4.017: [GC (Allocation Failure)  131898K->13177K(506816K), 0.0047507 secs]
4.205: [GC (Allocation Failure)  133112K->12846K(506816K), 0.0048220 secs]
4.394: [GC (Allocation Failure)  132777K->14445K(506816K), 0.0048779 secs]
4.581: [GC (Allocation Failure)  134375K->13757K(506816K), 0.0054061 secs]
4.769: [GC (Allocation Failure)  133686K->14670K(506816K), 0.0046978 secs]
4.957: [GC (Allocation Failure)  137764K->18850K(506816K), 0.0053591 secs]
5.147: [GC (Allocation Failure)  138778K->19726K(506816K), 0.0054827 secs]
5.338: [GC (Allocation Failure)  139653K->19170K(506816K), 0.0054825 secs]
5.527: [GC (Allocation Failure)  139097K->20076K(506816K), 0.0053813 secs]
5.715: [GC (Allocation Failure)  140003K->20588K(506816K), 0.0054681 secs]
5.904: [GC (Allocation Failure)  140515K->20641K(506816K), 0.0056079 secs]
6.092: [GC (Allocation Failure)  140568K->21916K(506816K), 0.0065916 secs]
6.281: [GC (Allocation Failure)  141843K->22193K(506816K), 0.0050062 secs]
6.468: [GC (Allocation Failure)  142120K->22783K(506816K), 0.0043569 secs]
6.656: [GC (Allocation Failure)  142710K->23552K(506816K), 0.0043809 secs]
6.843: [GC (Allocation Failure)  143479K->24039K(506816K), 0.0047709 secs]
7.031: [GC (Allocation Failure)  143966K->24039K(506816K), 0.0045592 secs]
7.219: [GC (Allocation Failure)  143966K->25013K(506816K), 0.0052866 secs]
7.409: [GC (Allocation Failure)  149688K->30978K(506816K), 0.0062890 secs]
7.599: [GC (Allocation Failure)  150906K->30248K(506816K), 0.0064984 secs]
7.789: [GC (Allocation Failure)  150176K->31008K(506816K), 0.0067130 secs]
7.979: [GC (Allocation Failure)  150935K->31462K(506816K), 0.0067445 secs]
8.171: [GC (Allocation Failure)  151389K->31848K(506816K), 0.0071649 secs]
8.361: [GC (Allocation Failure)  151775K->32346K(506816K), 0.0074134 secs]
8.552: [GC (Allocation Failure)  152273K->33322K(506816K), 0.0088185 secs]
8.744: [GC (Allocation Failure)  153249K->33810K(506816K), 0.0047902 secs]
8.932: [GC (Allocation Failure)  153737K->34336K(506816K), 0.0047355 secs]
9.119: [GC (Allocation Failure)  154263K->34676K(506816K), 0.0044952 secs]
9.309: [GC (Allocation Failure)  154602K->35232K(506816K), 0.0052483 secs]
9.496: [GC (Allocation Failure)  155159K->35962K(506816K), 0.0048966 secs]
9.684: [GC (Allocation Failure)  155889K->36449K(506816K), 0.0043098 secs]
9.871: [GC (Allocation Failure)  156376K->36693K(506816K), 0.0056567 secs]
10.059: [GC (Allocation Failure)  156620K->37423K(506816K), 0.0050062 secs]
10.245: [GC (Allocation Failure)  157350K->37953K(506816K), 0.0044481 secs]
10.432: [GC (Allocation Failure)  157880K->38440K(506816K), 0.0048118 secs]
10.619: [GC (Allocation Failure)  158367K->38440K(506816K), 0.0046200 secs]
10.806: [GC (Allocation Failure)  158367K->39420K(506816K), 0.0053050 secs]
10.994: [GC (Allocation Failure)  159347K->39907K(506816K), 0.0048717 secs]
11.185: [GC (Allocation Failure)  166956K->48256K(506816K), 0.0089968 secs]
11.376: [GC (Allocation Failure)  168184K->47957K(506816K), 0.0093184 secs]
11.568: [GC (Allocation Failure)  167885K->48444K(506816K), 0.0096838 secs]
11.760: [GC (Allocation Failure)  168371K->48646K(506816K), 0.0096780 secs]
11.954: [GC (Allocation Failure)  168573K->48954K(506816K), 0.0098414 secs]
12.147: [GC (Allocation Failure)  168881K->50054K(506816K), 0.0118697 secs]
12.343: [GC (Allocation Failure)  169981K->50056K(506816K), 0.0043467 secs]
12.528: [GC (Allocation Failure)  169983K->50909K(506816K), 0.0049118 secs]
12.715: [GC (Allocation Failure)  170836K->51246K(506816K), 0.0045458 secs]
12.904: [GC (Allocation Failure)  171173K->51754K(506816K), 0.0050843 secs]
13.092: [GC (Allocation Failure)  171681K->52489K(506816K), 0.0049182 secs]
13.280: [GC (Allocation Failure)  172416K->53006K(506816K), 0.0045577 secs]
13.467: [GC (Allocation Failure)  172933K->53250K(506816K), 0.0054439 secs]
13.655: [GC (Allocation Failure)  173177K->53981K(506816K), 0.0048869 secs]
13.841: [GC (Allocation Failure)  173908K->54468K(506816K), 0.0046876 secs]
14.028: [GC (Allocation Failure)  174394K->54955K(506816K), 0.0049214 secs]
14.218: [GC (Allocation Failure)  174881K->54955K(506816K), 0.0066405 secs]
14.408: [GC (Allocation Failure)  174881K->55928K(506816K), 0.0049208 secs]
14.595: [GC (Allocation Failure)  175855K->56415K(506816K), 0.0046949 secs]
14.783: [GC (Allocation Failure)  176342K->56659K(506816K), 0.0049194 secs]
14.971: [GC (Allocation Failure)  176586K->57146K(506816K), 0.0053021 secs]
15.159: [GC (Allocation Failure)  177073K->57876K(506816K), 0.0047659 secs]
15.348: [GC (Allocation Failure)  177803K->58363K(506816K), 0.0043820 secs]
15.535: [GC (Allocation Failure)  178290K->58607K(506816K), 0.0049621 secs]
15.722: [GC (Allocation Failure)  178533K->59093K(506816K), 0.0045092 secs]
15.910: [GC (Allocation Failure)  179020K->59824K(506816K), 0.0048770 secs]
16.097: [GC (Allocation Failure)  179751K->60311K(506816K), 0.0049513 secs]
16.284: [GC (Allocation Failure)  180238K->60311K(506816K), 0.0046937 secs]
16.471: [GC (Allocation Failure)  180237K->61285K(506816K), 0.0048644 secs]
16.660: [GC (Allocation Failure)  191894K->73185K(506816K), 0.0136151 secs]
16.857: [GC (Allocation Failure)  193113K->73987K(506816K), 0.0168830 secs]
17.061: [GC (Allocation Failure)  193915K->73492K(506816K), 0.0045037 secs]
17.251: [GC (Allocation Failure)  193420K->73863K(506816K), 0.0042762 secs]
17.439: [GC (Allocation Failure)  193790K->74303K(506816K), 0.0045235 secs]
17.626: [GC (Allocation Failure)  194230K->74857K(506816K), 0.0041224 secs]
17.812: [GC (Allocation Failure)  194784K->75232K(506816K), 0.0045624 secs]
17.999: [GC (Allocation Failure)  195159K->75786K(506816K), 0.0053348 secs]
18.187: [GC (Allocation Failure)  195713K->76384K(506816K), 0.0047972 secs]
18.376: [GC (Allocation Failure)  196311K->77142K(506816K), 0.0046776 secs]
18.564: [GC (Allocation Failure)  197069K->77636K(506816K), 0.0055509 secs]
18.752: [GC (Allocation Failure)  197563K->77638K(506816K), 0.0046615 secs]
18.941: [GC (Allocation Failure)  197565K->78612K(506816K), 0.0051904 secs]
19.130: [GC (Allocation Failure)  198539K->79099K(506816K), 0.0048367 secs]
19.317: [GC (Allocation Failure)  199026K->79343K(506816K), 0.0047297 secs]
19.504: [GC (Allocation Failure)  199270K->79830K(506816K), 0.0049571 secs]
19.691: [GC (Allocation Failure)  199757K->80560K(506816K), 0.0048127 secs]
19.878: [GC (Allocation Failure)  200487K->81047K(506816K), 0.0043283 secs]
20.066: [GC (Allocation Failure)  200974K->81291K(506816K), 0.0081966 secs]
20.258: [GC (Allocation Failure)  201217K->81778K(506816K), 0.0047033 secs]
20.446: [GC (Allocation Failure)  201704K->82508K(506816K), 0.0044724 secs]
20.633: [GC (Allocation Failure)  202435K->82995K(506816K), 0.0053252 secs]
20.821: [GC (Allocation Failure)  202922K->82995K(506816K), 0.0044174 secs]
21.008: [GC (Allocation Failure)  202922K->83969K(506816K), 0.0046838 secs]
21.197: [GC (Allocation Failure)  203895K->84456K(506816K), 0.0049679 secs]
21.386: [GC (Allocation Failure)  204382K->84943K(506816K), 0.0045376 secs]
21.574: [GC (Allocation Failure)  204869K->85186K(506816K), 0.0054161 secs]
21.763: [GC (Allocation Failure)  205113K->85916K(506816K), 0.0047554 secs]
21.951: [GC (Allocation Failure)  205843K->86403K(506816K), 0.0043090 secs]
22.138: [GC (Allocation Failure)  206330K->86890K(506816K), 0.0052673 secs]
22.328: [GC (Allocation Failure)  206817K->87134K(506816K), 0.0048226 secs]
22.516: [GC (Allocation Failure)  207060K->87864K(506816K), 0.0049244 secs]
22.703: [GC (Allocation Failure)  207791K->88351K(506816K), 0.0053141 secs]
22.890: [GC (Allocation Failure)  208278K->88351K(506816K), 0.0046010 secs]
23.079: [GC (Allocation Failure)  208278K->89325K(506816K), 0.0052696 secs]
23.267: [GC (Allocation Failure)  209252K->89812K(506816K), 0.0052281 secs]
23.455: [GC (Allocation Failure)  209738K->90299K(506816K), 0.0046905 secs]
23.643: [GC (Allocation Failure)  210225K->90542K(506816K), 0.0054699 secs]
23.832: [GC (Allocation Failure)  210469K->91272K(506816K), 0.0047226 secs]
24.021: [GC (Allocation Failure)  211199K->91759K(506816K), 0.0043730 secs]
24.209: [GC (Allocation Failure)  211686K->92246K(506816K), 0.0049311 secs]
24.398: [GC (Allocation Failure)  212173K->92246K(506816K), 0.0047258 secs]
24.586: [GC (Allocation Failure)  212173K->93220K(506816K), 0.0046112 secs]
24.774: [GC (Allocation Failure)  213147K->93707K(506816K), 0.0050012 secs]
24.966: [GC (Allocation Failure)  229658K->109723K(506816K), 0.0204932 secs]
25.170: [GC (Allocation Failure)  229652K->111677K(506816K), 0.0232989 secs]
25.379: [GC (Allocation Failure)  231605K->110943K(506816K), 0.0047998 secs]
25.567: [GC (Allocation Failure)  230870K->111266K(506816K), 0.0044440 secs]
25.756: [GC (Allocation Failure)  231193K->111758K(506816K), 0.0043853 secs]
25.944: [GC (Allocation Failure)  231686K->112158K(506816K), 0.0041973 secs]
26.132: [GC (Allocation Failure)  232085K->112492K(506816K), 0.0046536 secs]
26.320: [GC (Allocation Failure)  232419K->113465K(506816K), 0.0050591 secs]
26.508: [GC (Allocation Failure)  233392K->114073K(506816K), 0.0047519 secs]
26.696: [GC (Allocation Failure)  234000K->114348K(506816K), 0.0052644 secs]
26.884: [GC (Allocation Failure)  234275K->115085K(506816K), 0.0051138 secs]
27.072: [GC (Allocation Failure)  235012K->115574K(506816K), 0.0044823 secs]
27.260: [GC (Allocation Failure)  235501K->116061K(506816K), 0.0048811 secs]
27.449: [GC (Allocation Failure)  235988K->116305K(506816K), 0.0047340 secs]
27.636: [GC (Allocation Failure)  236232K->117035K(506816K), 0.0052685 secs]
27.825: [GC (Allocation Failure)  236962K->117522K(506816K), 0.0049013 secs]
28.013: [GC (Allocation Failure)  237449K->117522K(506816K), 0.0043838 secs]
28.200: [GC (Allocation Failure)  237449K->118496K(506816K), 0.0053258 secs]
28.388: [GC (Allocation Failure)  238423K->118983K(506816K), 0.0045016 secs]
28.575: [GC (Allocation Failure)  238910K->119470K(506816K), 0.0042362 secs]
28.763: [GC (Allocation Failure)  239397K->119713K(506816K), 0.0053895 secs]
28.950: [GC (Allocation Failure)  239640K->120444K(506816K), 0.0044385 secs]
29.139: [GC (Allocation Failure)  240370K->120931K(506816K), 0.0048130 secs]
29.327: [GC (Allocation Failure)  240857K->121417K(506816K), 0.0050623 secs]
29.514: [GC (Allocation Failure)  241344K->121417K(506816K), 0.0049282 secs]
29.702: [GC (Allocation Failure)  241344K->122391K(506816K), 0.0050232 secs]
29.889: [GC (Allocation Failure)  242318K->122878K(506816K), 0.0052837 secs]
30.078: [GC (Allocation Failure)  242805K->123122K(506816K), 0.0045987 secs]
30.265: [GC (Allocation Failure)  243048K->123609K(506816K), 0.0050208 secs]
30.455: [GC (Allocation Failure)  243535K->124339K(506816K), 0.0049764 secs]
30.643: [GC (Allocation Failure)  244266K->124826K(506816K), 0.0046431 secs]
30.831: [GC (Allocation Failure)  244753K->125069K(506816K), 0.0056117 secs]
31.020: [GC (Allocation Failure)  244996K->125556K(506816K), 0.0046212 secs]
31.207: [GC (Allocation Failure)  245483K->126287K(506816K), 0.0044411 secs]
31.395: [GC (Allocation Failure)  246213K->126773K(506816K), 0.0053468 secs]
31.582: [GC (Allocation Failure)  246700K->126773K(506816K), 0.0045338 secs]
31.769: [GC (Allocation Failure)  246700K->127747K(506816K), 0.0047913 secs]
31.957: [GC (Allocation Failure)  247674K->128234K(506816K), 0.0048033 secs]
32.145: [GC (Allocation Failure)  248161K->128478K(506816K), 0.0043420 secs]
32.337: [GC (Allocation Failure)  248404K->128965K(506816K), 0.0049276 secs]
32.527: [GC (Allocation Failure)  248891K->129695K(506816K), 0.0046630 secs]
32.714: [GC (Allocation Failure)  249622K->130182K(506816K), 0.0046364 secs]
32.901: [GC (Allocation Failure)  250109K->130425K(506816K), 0.0051878 secs]
33.089: [GC (Allocation Failure)  250352K->130912K(506816K), 0.0047299 secs]
33.277: [GC (Allocation Failure)  250839K->131643K(506816K), 0.0044089 secs]
33.465: [GC (Allocation Failure)  251569K->132130K(506816K), 0.0049781 secs]
33.653: [GC (Allocation Failure)  252056K->132130K(506816K), 0.0041768 secs]
33.839: [GC (Allocation Failure)  252056K->133103K(506816K), 0.0049837 secs]
34.027: [GC (Allocation Failure)  253030K->133590K(506816K), 0.0049220 secs]
34.215: [GC (Allocation Failure)  253517K->134077K(506816K), 0.0045943 secs]
34.403: [GC (Allocation Failure)  254004K->134321K(506816K), 0.0050919 secs]
34.590: [GC (Allocation Failure)  254247K->135051K(506816K), 0.0050919 secs]
34.778: [GC (Allocation Failure)  254978K->135538K(506816K), 0.0044224 secs]
34.966: [GC (Allocation Failure)  255465K->136025K(506816K), 0.0049928 secs]
35.157: [GC (Allocation Failure)  255952K->136268K(506816K), 0.0053506 secs]
35.347: [GC (Allocation Failure)  256195K->136999K(506816K), 0.0049249 secs]
35.535: [GC (Allocation Failure)  256925K->137486K(506816K), 0.0052290 secs]
35.723: [GC (Allocation Failure)  257412K->137486K(506816K), 0.0045694 secs]
35.913: [GC (Allocation Failure)  257412K->138459K(506816K), 0.0053158 secs]
36.101: [GC (Allocation Failure)  258386K->138946K(506816K), 0.0047627 secs]
36.288: [GC (Allocation Failure)  258873K->139433K(506816K), 0.0043961 secs]
36.476: [GC (Allocation Failure)  259360K->139677K(506816K), 0.0054810 secs]
36.664: [GC (Allocation Failure)  259603K->140407K(506816K), 0.0046805 secs]
36.851: [GC (Allocation Failure)  260334K->140894K(506816K), 0.0045803 secs]
37.039: [GC (Allocation Failure)  260821K->141381K(506816K), 0.0050872 secs]
37.227: [GC (Allocation Failure)  261308K->141381K(506816K), 0.0048141 secs]
37.358: [GC (Allocation Failure)  246282K->166878K(506816K), 0.0336648 secs]
37.574: [GC (Allocation Failure)  286802K->166163K(506816K), 0.0048609 secs]
37.761: [GC (Allocation Failure)  286087K->167164K(506816K), 0.0060253 secs]
37.949: [GC (Allocation Failure)  287089K->167853K(506816K), 0.0064823 secs]
38.141: [GC (Allocation Failure)  287778K->167933K(506816K), 0.0056488 secs]
38.333: [GC (Allocation Failure)  287859K->168430K(506816K), 0.0064525 secs]
38.523: [GC (Allocation Failure)  288357K->168757K(506816K), 0.0086600 secs]
38.715: [GC (Allocation Failure)  288684K->169597K(506816K), 0.0045920 secs]
38.908: [GC (Allocation Failure)  289523K->170114K(506816K), 0.0045408 secs]
39.095: [GC (Allocation Failure)  290041K->170609K(506816K), 0.0050732 secs]
39.283: [GC (Allocation Failure)  290535K->170611K(506816K), 0.0044800 secs]
39.471: [GC (Allocation Failure)  290538K->171585K(506816K), 0.0047875 secs]
39.659: [GC (Allocation Failure)  291512K->172072K(506816K), 0.0048019 secs]
39.846: [GC (Allocation Failure)  291999K->172315K(506816K), 0.0047908 secs]
40.035: [GC (Allocation Failure)  292242K->172802K(506816K), 0.0052328 secs]
40.225: [GC (Allocation Failure)  292729K->173533K(506816K), 0.0049191 secs]
40.413: [GC (Allocation Failure)  293460K->174020K(506816K), 0.0048638 secs]
40.601: [GC (Allocation Failure)  293946K->174263K(506816K), 0.0054278 secs]
40.788: [GC (Allocation Failure)  294190K->174750K(506816K), 0.0047858 secs]
40.976: [GC (Allocation Failure)  294677K->175481K(506816K), 0.0046045 secs]
41.164: [GC (Allocation Failure)  295407K->175967K(506816K), 0.0052758 secs]
41.352: [GC (Allocation Failure)  295894K->175967K(506816K), 0.0045817 secs]
41.539: [GC (Allocation Failure)  295894K->176941K(506816K), 0.0049679 secs]
41.727: [GC (Allocation Failure)  296868K->177428K(506816K), 0.0050381 secs]
41.915: [GC (Allocation Failure)  297355K->177915K(506816K), 0.0046595 secs]
41.923: [GC (CMS Initial Mark)  216978K(506816K), 0.0009484 secs]
42.120: [GC (Allocation Failure)  297842K->178159K(506816K), 0.0064849 secs]
42.316: [GC (Allocation Failure)  298085K->178889K(506816K), 0.0048574 secs]
42.507: [GC (Allocation Failure)  298816K->179376K(506816K), 0.0051705 secs]
42.665: [GC (CMS Final Remark)  299303K(506816K), 0.0014299 secs]
42.698: [GC (Allocation Failure)  255448K->136009K(506816K), 0.0054313 secs]
42.887: [GC (Allocation Failure)  255935K->136252K(506816K), 0.0044002 secs]
43.075: [GC (Allocation Failure)  256179K->136982K(506816K), 0.0045531 secs]
43.262: [GC (Allocation Failure)  256909K->137469K(506816K), 0.0047273 secs]
43.450: [GC (Allocation Failure)  257396K->137469K(506816K), 0.0048685 secs]
43.637: [GC (Allocation Failure)  257396K->138443K(506816K), 0.0046510 secs]
43.825: [GC (Allocation Failure)  258370K->138930K(506816K), 0.0045525 secs]
44.013: [GC (Allocation Failure)  258857K->139417K(506816K), 0.0046288 secs]
44.204: [GC (Allocation Failure)  259344K->139660K(506816K), 0.0052623 secs]
44.392: [GC (Allocation Failure)  259587K->140391K(506816K), 0.0045665 secs]
44.580: [GC (Allocation Failure)  260318K->140878K(506816K), 0.0044218 secs]
44.767: [GC (Allocation Failure)  260805K->141365K(506816K), 0.0049966 secs]
44.955: [GC (Allocation Failure)  261291K->141365K(506816K), 0.0046153 secs]
45.143: [GC (Allocation Failure)  261291K->142338K(506816K), 0.0046472 secs]
45.330: [GC (Allocation Failure)  262265K->142825K(506816K), 0.0049746 secs]
45.518: [GC (Allocation Failure)  262752K->143069K(506816K), 0.0047735 secs]
45.705: [GC (Allocation Failure)  262996K->143556K(506816K), 0.0048627 secs]
45.893: [GC (Allocation Failure)  263483K->144286K(506816K), 0.0049898 secs]
46.080: [GC (Allocation Failure)  264213K->144773K(506816K), 0.0080481 secs]
46.272: [GC (Allocation Failure)  264700K->145017K(506816K), 0.0048434 secs]
46.463: [GC (Allocation Failure)  264943K->145503K(506816K), 0.0047370 secs]
46.650: [GC (Allocation Failure)  265430K->146234K(506816K), 0.0046960 secs]
46.837: [GC (Allocation Failure)  266161K->146721K(506816K), 0.0051568 secs]
47.025: [GC (Allocation Failure)  266648K->146721K(506816K), 0.0047799 secs]
47.215: [GC (Allocation Failure)  266648K->147695K(506816K), 0.0049793 secs]
47.403: [GC (Allocation Failure)  267621K->148181K(506816K), 0.0047937 secs]
47.591: [GC (Allocation Failure)  268108K->148425K(506816K), 0.0045037 secs]
47.782: [GC (Allocation Failure)  268352K->148912K(506816K), 0.0051515 secs]
47.969: [GC (Allocation Failure)  268839K->149642K(506816K), 0.0046525 secs]
48.156: [GC (Allocation Failure)  269569K->150129K(506816K), 0.0043221 secs]
48.344: [GC (Allocation Failure)  270056K->150373K(506816K), 0.0050407 secs]
48.531: [GC (Allocation Failure)  270299K->150859K(506816K), 0.0044306 secs]
48.719: [GC (Allocation Failure)  270786K->151590K(506816K), 0.0044627 secs]
48.907: [GC (Allocation Failure)  271517K->152077K(506816K), 0.0047036 secs]
49.095: [GC (Allocation Failure)  272004K->152077K(506816K), 0.0043157 secs]
49.283: [GC (Allocation Failure)  272004K->153051K(506816K), 0.0049849 secs]
49.470: [GC (Allocation Failure)  272977K->153538K(506816K), 0.0048144 secs]
49.657: [GC (Allocation Failure)  273464K->154024K(506816K), 0.0045306 secs]
49.845: [GC (Allocation Failure)  273951K->154268K(506816K), 0.0055748 secs]
50.035: [GC (Allocation Failure)  274195K->154998K(506816K), 0.0052079 secs]
50.224: [GC (Allocation Failure)  274925K->155485K(506816K), 0.0052059 secs]
50.413: [GC (Allocation Failure)  275412K->155972K(506816K), 0.0049931 secs]
50.601: [GC (Allocation Failure)  275899K->156216K(506816K), 0.0048846 secs]
50.788: [GC (Allocation Failure)  276142K->156946K(506816K), 0.0047709 secs]
50.976: [GC (Allocation Failure)  276873K->157433K(506816K), 0.0050419 secs]
51.164: [GC (Allocation Failure)  277360K->157676K(506816K), 0.0045504 secs]
51.352: [GC (Allocation Failure)  277603K->158407K(506816K), 0.0052290 secs]
51.540: [GC (Allocation Failure)  278333K->158894K(506816K), 0.0061993 secs]
51.729: [GC (Allocation Failure)  278820K->159380K(506816K), 0.0049486 secs]
51.917: [GC (Allocation Failure)  279307K->159624K(506816K), 0.0054956 secs]
52.106: [GC (Allocation Failure)  279551K->160354K(506816K), 0.0048706 secs]
52.295: [GC (Allocation Failure)  280281K->160841K(506816K), 0.0046592 secs]
52.484: [GC (Allocation Failure)  280768K->161328K(506816K), 0.0048940 secs]
52.671: [GC (Allocation Failure)  281255K->161328K(506816K), 0.0045054 secs]
52.858: [GC (Allocation Failure)  281255K->162302K(506816K), 0.0044689 secs]
53.047: [GC (Allocation Failure)  282229K->162789K(506816K), 0.0046007 secs]
53.236: [GC (Allocation Failure)  282716K->163032K(506816K), 0.0047624 secs]
53.423: [GC (Allocation Failure)  282959K->163519K(506816K), 0.0048624 secs]
53.611: [GC (Allocation Failure)  283446K->164250K(506816K), 0.0046168 secs]
53.798: [GC (Allocation Failure)  284176K->164737K(506816K), 0.0044180 secs]
53.984: [GC (Allocation Failure)  284663K->164980K(506816K), 0.0048472 secs]
54.172: [GC (Allocation Failure)  284907K->165467K(506816K), 0.0045542 secs]
54.359: [GC (Allocation Failure)  285394K->166197K(506816K), 0.0045823 secs]
54.547: [GC (Allocation Failure)  286124K->166684K(506816K), 0.0050805 secs]
54.734: [GC (Allocation Failure)  286611K->166684K(506816K), 0.0046376 secs]
54.922: [GC (Allocation Failure)  286611K->167658K(506816K), 0.0046978 secs]
55.109: [GC (Allocation Failure)  287585K->168145K(506816K), 0.0049363 secs]
55.299: [GC (Allocation Failure)  288072K->168632K(506816K), 0.0046028 secs]
55.487: [GC (Allocation Failure)  288559K->168875K(506816K), 0.0050504 secs]
55.675: [GC (Allocation Failure)  288802K->169606K(506816K), 0.0051521 secs]
55.864: [GC (Allocation Failure)  289532K->170093K(506816K), 0.0045092 secs]
55.996: [GC (Allocation Failure)  287012K->207365K(506816K), 0.0492687 secs]
56.048: [GC (CMS Initial Mark)  246427K(506816K), 0.0004543 secs]
56.238: [GC (Allocation Failure)  327291K->206553K(506816K), 0.0043136 secs]
56.434: [GC (Allocation Failure)  326479K->207407K(506816K), 0.0050185 secs]
56.625: [GC (Allocation Failure)  327333K->207646K(506816K), 0.0044885 secs]
56.803: [GC (CMS Final Remark)  327573K(506816K), 0.0018234 secs]
56.816: [GC (Allocation Failure)  327573K->208404K(506816K), 0.0043078 secs]
57.005: [GC (Allocation Failure)  304294K->184637K(506816K), 0.0048986 secs]
57.192: [GC (Allocation Failure)  304563K->184964K(506816K), 0.0044198 secs]
57.380: [GC (Allocation Failure)  304891K->185563K(506816K), 0.0052752 secs]
57.568: [GC (Allocation Failure)  305490K->186321K(506816K), 0.0046560 secs]
57.755: [GC (Allocation Failure)  306247K->186815K(506816K), 0.0047782 secs]
57.943: [GC (Allocation Failure)  306742K->187061K(506816K), 0.0048305 secs]
58.130: [GC (Allocation Failure)  306987K->187548K(506816K), 0.0045817 secs]
58.318: [GC (Allocation Failure)  307475K->188278K(506816K), 0.0047770 secs]
58.506: [GC (Allocation Failure)  308205K->188765K(506816K), 0.0051036 secs]
58.694: [GC (Allocation Failure)  308692K->188765K(506816K), 0.0045086 secs]
58.881: [GC (Allocation Failure)  308692K->189739K(506816K), 0.0048542 secs]
59.068: [GC (Allocation Failure)  309666K->190226K(506816K), 0.0047294 secs]
59.257: [GC (Allocation Failure)  310153K->190713K(506816K), 0.0046893 secs]
59.445: [GC (Allocation Failure)  310640K->190957K(506816K), 0.0052424 secs]
59.634: [GC (Allocation Failure)  310883K->191443K(506816K), 0.0049185 secs]
59.822: [GC (Allocation Failure)  311370K->192174K(506816K), 0.0044759 secs]
60.009: [GC (Allocation Failure)  312101K->192661K(506816K), 0.0053222 secs]
60.197: [GC (Allocation Failure)  312588K->192661K(506816K), 0.0042990 secs]
60.384: [GC (Allocation Failure)  312588K->193635K(506816K), 0.0045846 secs]
60.571: [GC (Allocation Failure)  313561K->194121K(506816K), 0.0050539 secs]
60.760: [GC (Allocation Failure)  314048K->194365K(506816K), 0.0045668 secs]
60.948: [GC (Allocation Failure)  314292K->195095K(506816K), 0.0047112 secs]
61.133: [GC (Allocation Failure)  315022K->195582K(506816K), 0.0046194 secs]
61.322: [GC (Allocation Failure)  315509K->196069K(506816K), 0.0045440 secs]
61.508: [GC (Allocation Failure)  315996K->196313K(506816K), 0.0052375 secs]
61.697: [GC (Allocation Failure)  316239K->197043K(506816K), 0.0047773 secs]
61.883: [GC (Allocation Failure)  316970K->197530K(506816K), 0.0045373 secs]
62.070: [GC (Allocation Failure)  317457K->198017K(506816K), 0.0048030 secs]
62.259: [GC (Allocation Failure)  317944K->198017K(506816K), 0.0044224 secs]
62.447: [GC (Allocation Failure)  317944K->198991K(506816K), 0.0048782 secs]
62.635: [GC (Allocation Failure)  318917K->199478K(506816K), 0.0050989 secs]
62.826: [GC (Allocation Failure)  319404K->199721K(506816K), 0.0045080 secs]
63.013: [GC (Allocation Failure)  319648K->200208K(506816K), 0.0049127 secs]
63.201: [GC (Allocation Failure)  320135K->200938K(506816K), 0.0048969 secs]
63.390: [GC (Allocation Failure)  320865K->201425K(506816K), 0.0045890 secs]
63.578: [GC (Allocation Failure)  321352K->201669K(506816K), 0.0055409 secs]
63.765: [GC (Allocation Failure)  321595K->202156K(506816K), 0.0050138 secs]
63.953: [GC (Allocation Failure)  322082K->202886K(506816K), 0.0044619 secs]
64.140: [GC (Allocation Failure)  322813K->203373K(506816K), 0.0051065 secs]
64.329: [GC (Allocation Failure)  323300K->203373K(506816K), 0.0048972 secs]
64.517: [GC (Allocation Failure)  323300K->204347K(506816K), 0.0049694 secs]
64.705: [GC (Allocation Failure)  324273K->204834K(506816K), 0.0048068 secs]
64.893: [GC (Allocation Failure)  324760K->205321K(506816K), 0.0044051 secs]
65.080: [GC (Allocation Failure)  325247K->205564K(506816K), 0.0048735 secs]
65.270: [GC (Allocation Failure)  325491K->206294K(506816K), 0.0045987 secs]
65.457: [GC (Allocation Failure)  326221K->206781K(506816K), 0.0044689 secs]
65.644: [GC (Allocation Failure)  326708K->207025K(506816K), 0.0047688 secs]
65.831: [GC (Allocation Failure)  326952K->207512K(506816K), 0.0044198 secs]
66.018: [GC (Allocation Failure)  327438K->208242K(506816K), 0.0045399 secs]
66.205: [GC (Allocation Failure)  328169K->208729K(506816K), 0.0047551 secs]
66.393: [GC (Allocation Failure)  328656K->208729K(506816K), 0.0047256 secs]
66.580: [GC (Allocation Failure)  328656K->209703K(506816K), 0.0045408 secs]
66.768: [GC (Allocation Failure)  329630K->210190K(506816K), 0.0046136 secs]
66.955: [GC (Allocation Failure)  330116K->210677K(506816K), 0.0044338 secs]
67.142: [GC (Allocation Failure)  330603K->210920K(506816K), 0.0050495 secs]
67.331: [GC (Allocation Failure)  330847K->211650K(506816K), 0.0048922 secs]
67.518: [GC (Allocation Failure)  331577K->212137K(506816K), 0.0048419 secs]
67.706: [GC (Allocation Failure)  332064K->212624K(506816K), 0.0050992 secs]
67.895: [GC (Allocation Failure)  332551K->212624K(506816K), 0.0047425 secs]
68.082: [GC (Allocation Failure)  332551K->213598K(506816K), 0.0047399 secs]
68.271: [GC (Allocation Failure)  333525K->214085K(506816K), 0.0050568 secs]
68.460: [GC (Allocation Failure)  334012K->214328K(506816K), 0.0045604 secs]
68.646: [GC (Allocation Failure)  334255K->215059K(506816K), 0.0048948 secs]
68.836: [GC (Allocation Failure)  334986K->215546K(506816K), 0.0051170 secs]
69.023: [GC (Allocation Failure)  335473K->216033K(506816K), 0.0046343 secs]
69.211: [GC (Allocation Failure)  335959K->216276K(506816K), 0.0050521 secs]
69.400: [GC (Allocation Failure)  336203K->217006K(506816K), 0.0046580 secs]
69.588: [GC (Allocation Failure)  336933K->217493K(506816K), 0.0045449 secs]
69.775: [GC (Allocation Failure)  337420K->217980K(506816K), 0.0051606 secs]
69.963: [GC (Allocation Failure)  337907K->217980K(506816K), 0.0044013 secs]
70.150: [GC (Allocation Failure)  337907K->218954K(506816K), 0.0048033 secs]
70.338: [GC (Allocation Failure)  338881K->219441K(506816K), 0.0050626 secs]
70.524: [GC (Allocation Failure)  339368K->219684K(506816K), 0.0043394 secs]
70.711: [GC (Allocation Failure)  339611K->220171K(506816K), 0.0052474 secs]
70.900: [GC (Allocation Failure)  340098K->220902K(506816K), 0.0049492 secs]
71.087: [GC (Allocation Failure)  340829K->221389K(506816K), 0.0044680 secs]
71.276: [GC (Allocation Failure)  341315K->221632K(506816K), 0.0051351 secs]
71.465: [GC (Allocation Failure)  341559K->222119K(506816K), 0.0048220 secs]
71.653: [GC (Allocation Failure)  342046K->222849K(506816K), 0.0045078 secs]
71.840: [GC (Allocation Failure)  342776K->223336K(506816K), 0.0053541 secs]
72.028: [GC (Allocation Failure)  343263K->223336K(506816K), 0.0045504 secs]
72.215: [GC (Allocation Failure)  343263K->224310K(506816K), 0.0050507 secs]
72.405: [GC (Allocation Failure)  344237K->224797K(506816K), 0.0055421 secs]
72.593: [GC (Allocation Failure)  344724K->225284K(506816K), 0.0046343 secs]
72.779: [GC (Allocation Failure)  345211K->225527K(506816K), 0.0054620 secs]
72.968: [GC (Allocation Failure)  345454K->226258K(506816K), 0.0047457 secs]
73.155: [GC (Allocation Failure)  346185K->226745K(506816K), 0.0046457 secs]
73.343: [GC (Allocation Failure)  346672K->226988K(506816K), 0.0050822 secs]
73.531: [GC (Allocation Failure)  346915K->227475K(506816K), 0.0045420 secs]
73.718: [GC (Allocation Failure)  347402K->228205K(506816K), 0.0046782 secs]
73.905: [GC (Allocation Failure)  348132K->228692K(506816K), 0.0049685 secs]
74.093: [GC (Allocation Failure)  348619K->228692K(506816K), 0.0044195 secs]
74.282: [GC (Allocation Failure)  348619K->229666K(506816K), 0.0053336 secs]
74.470: [GC (Allocation Failure)  349593K->230153K(506816K), 0.0046387 secs]
74.657: [GC (Allocation Failure)  350080K->230640K(506816K), 0.0047042 secs]
74.844: [GC (Allocation Failure)  350567K->230884K(506816K), 0.0052217 secs]
75.032: [GC (Allocation Failure)  350810K->231614K(506816K), 0.0044434 secs]
75.221: [GC (Allocation Failure)  351541K->232101K(506816K), 0.0044315 secs]
75.408: [GC (Allocation Failure)  352028K->232588K(506816K), 0.0051603 secs]
75.596: [GC (Allocation Failure)  352515K->232588K(506816K), 0.0046732 secs]
75.783: [GC (Allocation Failure)  352514K->233562K(506816K), 0.0047922 secs]
75.972: [GC (Allocation Failure)  353488K->234048K(506816K), 0.0048668 secs]
76.160: [GC (Allocation Failure)  353975K->234292K(506816K), 0.0046180 secs]
76.348: [GC (Allocation Failure)  354219K->235022K(506816K), 0.0050816 secs]
76.537: [GC (Allocation Failure)  354949K->235509K(506816K), 0.0048071 secs]
76.725: [GC (Allocation Failure)  355436K->235996K(506816K), 0.0043929 secs]
76.911: [GC (Allocation Failure)  355923K->236240K(506816K), 0.0053585 secs]
77.100: [GC (Allocation Failure)  356166K->236970K(506816K), 0.0046794 secs]
77.293: [GC (Allocation Failure)  356897K->237457K(506816K), 0.0046747 secs]
77.482: [GC (Allocation Failure)  357384K->237944K(506816K), 0.0049241 secs]
77.670: [GC (Allocation Failure)  357871K->237944K(506816K), 0.0045408 secs]
77.857: [GC (Allocation Failure)  357871K->238918K(506816K), 0.0045300 secs]
78.044: [GC (Allocation Failure)  358844K->239405K(506816K), 0.0050074 secs]
78.234: [GC (Allocation Failure)  359331K->239648K(506816K), 0.0046297 secs]
78.422: [GC (Allocation Failure)  359575K->240135K(506816K), 0.0049539 secs]
78.610: [GC (Allocation Failure)  360062K->240865K(506816K), 0.0050053 secs]
78.797: [GC (Allocation Failure)  360792K->241352K(506816K), 0.0044072 secs]
78.983: [GC (Allocation Failure)  361279K->241596K(506816K), 0.0053597 secs]
79.171: [GC (Allocation Failure)  361522K->242083K(506816K), 0.0047349 secs]
79.361: [GC (Allocation Failure)  362009K->242813K(506816K), 0.0044151 secs]
79.547: [GC (Allocation Failure)  362740K->243300K(506816K), 0.0048118 secs]
79.735: [GC (Allocation Failure)  363227K->243300K(506816K), 0.0048127 secs]
79.923: [GC (Allocation Failure)  363227K->244274K(506816K), 0.0048691 secs]
80.111: [GC (Allocation Failure)  364200K->244761K(506816K), 0.0089486 secs]
80.308: [GC (Allocation Failure)  364687K->245247K(506816K), 0.0058260 secs]
80.497: [GC (Allocation Failure)  365174K->245491K(506816K), 0.0052971 secs]
80.687: [GC (Allocation Failure)  365418K->246221K(506816K), 0.0047864 secs]
80.874: [GC (Allocation Failure)  366148K->246708K(506816K), 0.0045996 secs]
81.061: [GC (Allocation Failure)  366635K->246952K(506816K), 0.0049185 secs]
81.249: [GC (Allocation Failure)  366878K->247439K(506816K), 0.0045531 secs]
81.439: [GC (Allocation Failure)  367365K->248169K(506816K), 0.0044525 secs]
81.626: [GC (Allocation Failure)  368096K->248656K(506816K), 0.0053141 secs]
81.813: [GC (Allocation Failure)  368583K->248656K(506816K), 0.0044741 secs]
82.000: [GC (Allocation Failure)  368583K->249630K(506816K), 0.0052237 secs]
82.188: [GC (Allocation Failure)  369556K->250117K(506816K), 0.0049583 secs]
82.378: [GC (Allocation Failure)  370043K->250604K(506816K), 0.0047159 secs]
82.576: [GC (Allocation Failure)  370530K->250847K(506816K), 0.0056465 secs]
82.765: [GC (Allocation Failure)  370774K->251577K(506816K), 0.0048858 secs]
82.954: [GC (Allocation Failure)  371504K->252064K(506816K), 0.0045554 secs]
83.143: [GC (Allocation Failure)  371991K->252551K(506816K), 0.0053521 secs]
83.335: [GC (Allocation Failure)  372478K->252551K(506816K), 0.0047717 secs]
83.525: [GC (Allocation Failure)  372478K->253525K(506816K), 0.0049840 secs]
83.712: [GC (Allocation Failure)  373452K->254012K(506816K), 0.0048723 secs]
83.881: [GC (Allocation Failure)  373939K->293561K(506816K), 0.0164895 secs]
83.901: [GC (CMS Initial Mark)  347644K(506816K), 0.0351061 secs]
84.087: [GC (Allocation Failure)  428508K->348331K(506816K), 0.0731342 secs]
84.797: [Full GC (Allocation Failure)  468260K->271584K(506816K), 0.4837221 secs]
85.463: [GC (Allocation Failure)  391511K->272022K(506816K), 0.0028232 secs]
85.650: [GC (Allocation Failure)  391950K->272321K(506816K), 0.0046411 secs]
85.837: [GC (Allocation Failure)  392248K->272670K(506816K), 0.0043306 secs]
86.024: [GC (Allocation Failure)  392597K->273134K(506816K), 0.0040806 secs]
86.213: [GC (Allocation Failure)  393060K->273675K(506816K), 0.0044978 secs]
86.401: [GC (Allocation Failure)  393602K->273858K(506816K), 0.0044101 secs]
86.588: [GC (Allocation Failure)  393785K->274768K(506816K), 0.0051319 secs]
86.777: [GC (Allocation Failure)  394695K->275534K(506816K), 0.0044285 secs]
86.965: [GC (Allocation Failure)  395461K->276343K(506816K), 0.0047051 secs]
87.153: [GC (Allocation Failure)  396269K->276884K(506816K), 0.0047571 secs]
87.341: [GC (Allocation Failure)  396811K->277034K(506816K), 0.0046563 secs]
87.529: [GC (Allocation Failure)  396960K->278176K(506816K), 0.0045873 secs]
87.715: [GC (Allocation Failure)  398102K->278663K(506816K), 0.0052360 secs]
87.904: [GC (Allocation Failure)  398589K->279270K(506816K), 0.0045721 secs]
88.090: [GC (Allocation Failure)  399197K->279536K(506816K), 0.0051424 secs]
88.279: [GC (Allocation Failure)  399463K->280365K(506816K), 0.0046171 secs]
88.467: [GC (Allocation Failure)  400292K->280969K(506816K), 0.0047609 secs]
88.655: [GC (Allocation Failure)  400895K->281212K(506816K), 0.0049945 secs]
88.844: [GC (Allocation Failure)  401139K->281699K(506816K), 0.0047706 secs]
89.030: [GC (Allocation Failure)  401626K->282450K(506816K), 0.0050887 secs]
89.218: [GC (Allocation Failure)  402377K->282937K(506816K), 0.0068781 secs]
89.409: [GC (Allocation Failure)  402864K->282937K(506816K), 0.0043619 secs]
89.596: [GC (Allocation Failure)  402864K->283911K(506816K), 0.0049211 secs]
89.784: [GC (Allocation Failure)  403837K->284397K(506816K), 0.0046680 secs]
89.972: [GC (Allocation Failure)  404324K->285028K(506816K), 0.0042745 secs]
90.159: [GC (Allocation Failure)  404954K->285271K(506816K), 0.0048864 secs]
90.349: [GC (Allocation Failure)  405198K->286002K(506816K), 0.0047498 secs]
90.536: [GC (Allocation Failure)  405928K->286488K(506816K), 0.0043522 secs]
90.724: [GC (Allocation Failure)  406415K->286975K(506816K), 0.0053132 secs]
90.912: [GC (Allocation Failure)  406902K->286975K(506816K), 0.0046460 secs]
91.099: [GC (Allocation Failure)  406902K->288019K(506816K), 0.0045221 secs]
91.287: [GC (Allocation Failure)  407946K->288506K(506816K), 0.0047820 secs]
91.475: [GC (Allocation Failure)  408432K->288749K(506816K), 0.0046308 secs]
91.662: [GC (Allocation Failure)  408676K->289480K(506816K), 0.0047782 secs]
91.850: [GC (Allocation Failure)  409406K->289966K(506816K), 0.0046522 secs]
92.038: [GC (Allocation Failure)  409893K->290453K(506816K), 0.0044101 secs]
92.225: [GC (Allocation Failure)  410380K->290697K(506816K), 0.0051293 secs]
92.419: [GC (Allocation Failure)  410624K->291427K(506816K), 0.0044370 secs]
92.605: [GC (Allocation Failure)  411354K->291916K(506816K), 0.0048790 secs]
92.793: [GC (Allocation Failure)  411843K->292403K(506816K), 0.0051278 secs]
92.981: [GC (Allocation Failure)  412330K->292403K(506816K), 0.0045233 secs]
93.168: [GC (Allocation Failure)  412330K->293377K(506816K), 0.0048241 secs]
93.358: [GC (Allocation Failure)  413304K->293864K(506816K), 0.0046592 secs]
93.545: [GC (Allocation Failure)  413791K->294107K(506816K), 0.0043744 secs]
93.732: [GC (Allocation Failure)  414034K->294594K(506816K), 0.0053883 secs]
93.922: [GC (Allocation Failure)  414521K->295325K(506816K), 0.0049679 secs]
94.108: [GC (Allocation Failure)  415251K->295811K(506816K), 0.0044256 secs]
94.296: [GC (Allocation Failure)  415738K->296055K(506816K), 0.0050755 secs]
94.485: [GC (Allocation Failure)  415982K->296542K(506816K), 0.0043464 secs]
94.672: [GC (Allocation Failure)  416469K->297272K(506816K), 0.0045998 secs]
94.860: [GC (Allocation Failure)  417199K->297759K(506816K), 0.0047986 secs]
95.049: [GC (Allocation Failure)  417686K->297759K(506816K), 0.0044578 secs]
95.237: [GC (Allocation Failure)  417686K->298733K(506816K), 0.0049369 secs]
95.427: [GC (Allocation Failure)  418660K->299220K(506816K), 0.0048758 secs]
95.615: [GC (Allocation Failure)  419147K->299707K(506816K), 0.0045247 secs]
95.803: [GC (Allocation Failure)  419634K->299950K(506816K), 0.0053114 secs]
95.991: [GC (Allocation Failure)  419877K->300681K(506816K), 0.0044560 secs]
96.178: [GC (Allocation Failure)  420607K->301167K(506816K), 0.0045455 secs]
96.368: [GC (Allocation Failure)  421094K->301411K(506816K), 0.0050787 secs]
96.556: [GC (Allocation Failure)  421338K->301898K(506816K), 0.0047136 secs]
96.743: [GC (Allocation Failure)  421825K->302628K(506816K), 0.0047235 secs]
96.932: [GC (Allocation Failure)  422555K->303115K(506816K), 0.0050466 secs]
97.120: [GC (Allocation Failure)  423042K->303115K(506816K), 0.0044513 secs]
97.310: [GC (Allocation Failure)  423042K->304089K(506816K), 0.0051869 secs]
97.498: [GC (Allocation Failure)  424016K->304576K(506816K), 0.0050989 secs]
97.687: [GC (Allocation Failure)  424503K->305063K(506816K), 0.0045399 secs]
97.875: [GC (Allocation Failure)  424990K->305306K(506816K), 0.0052304 secs]
98.063: [GC (Allocation Failure)  425233K->306037K(506816K), 0.0047963 secs]
98.250: [GC (Allocation Failure)  425963K->306524K(506816K), 0.0046072 secs]
98.439: [GC (Allocation Failure)  426450K->307010K(506816K), 0.0050509 secs]
98.627: [GC (Allocation Failure)  426937K->307010K(506816K), 0.0047127 secs]
98.814: [GC (Allocation Failure)  426937K->307984K(506816K), 0.0049062 secs]
99.002: [GC (Allocation Failure)  427911K->308471K(506816K), 0.0047001 secs]
99.190: [GC (Allocation Failure)  428398K->308715K(506816K), 0.0045250 secs]
99.379: [GC (Allocation Failure)  428641K->309445K(506816K), 0.0048413 secs]
99.566: [GC (Allocation Failure)  429372K->309932K(506816K), 0.0044396 secs]
99.753: [GC (Allocation Failure)  429859K->310419K(506816K), 0.0043712 secs]
99.941: [GC (Allocation Failure)  430346K->310662K(506816K), 0.0047834 secs]
100.129: [GC (Allocation Failure)  430589K->311393K(506816K), 0.0043359 secs]
100.317: [GC (Allocation Failure)  431319K->311880K(506816K), 0.0049767 secs]
100.504: [GC (Allocation Failure)  431806K->312367K(506816K), 0.0050577 secs]
100.692: [GC (Allocation Failure)  432293K->312367K(506816K), 0.0046457 secs]
100.879: [GC (Allocation Failure)  432293K->313340K(506816K), 0.0048302 secs]
101.069: [GC (Allocation Failure)  433267K->313827K(506816K), 0.0066823 secs]
101.259: [GC (Allocation Failure)  433754K->314071K(506816K), 0.0044736 secs]
101.448: [GC (Allocation Failure)  433998K->314558K(506816K), 0.0045349 secs]
101.634: [GC (Allocation Failure)  434484K->315288K(506816K), 0.0050887 secs]
101.823: [GC (Allocation Failure)  435215K->315775K(506816K), 0.0047729 secs]
102.010: [GC (Allocation Failure)  435702K->316018K(506816K), 0.0050846 secs]
102.199: [GC (Allocation Failure)  435945K->316505K(506816K), 0.0046463 secs]
102.387: [GC (Allocation Failure)  436432K->317236K(506816K), 0.0046516 secs]
102.575: [GC (Allocation Failure)  437162K->317723K(506816K), 0.0054743 secs]
102.763: [GC (Allocation Failure)  437649K->317723K(506816K), 0.0048507 secs]
102.951: [GC (Allocation Failure)  437649K->318696K(506816K), 0.0051351 secs]
103.139: [GC (Allocation Failure)  438623K->319183K(506816K), 0.0048568 secs]
103.329: [GC (Allocation Failure)  439110K->319670K(506816K), 0.0044826 secs]
103.517: [GC (Allocation Failure)  439597K->319914K(506816K), 0.0054149 secs]
103.707: [GC (Allocation Failure)  439840K->320644K(506816K), 0.0046583 secs]
103.899: [GC (Allocation Failure)  440571K->321131K(506816K), 0.0044481 secs]
104.086: [GC (Allocation Failure)  441058K->321374K(506816K), 0.0050641 secs]
104.275: [GC (Allocation Failure)  441301K->321861K(506816K), 0.0081858 secs]
104.468: [GC (Allocation Failure)  441788K->322592K(506816K), 0.0045461 secs]
104.657: [GC (Allocation Failure)  442519K->323079K(506816K), 0.0047416 secs]
104.845: [GC (Allocation Failure)  443005K->323079K(506816K), 0.0043917 secs]
105.032: [GC (Allocation Failure)  443005K->324052K(506816K), 0.0053003 secs]
105.220: [GC (Allocation Failure)  443979K->324539K(506816K), 0.0050375 secs]
105.228: [GC (CMS Initial Mark)  363602K(506816K), 0.0005403 secs]
105.414: [GC (Allocation Failure)  444466K->325026K(506816K), 0.0046849 secs]
105.616: [GC (Allocation Failure)  444953K->325270K(506816K), 0.0059543 secs]
105.816: [GC (Allocation Failure)  445197K->326000K(506816K), 0.0045022 secs]
106.021: [GC (Allocation Failure)  445927K->326487K(506816K), 0.0046367 secs]
106.226: [GC (Allocation Failure)  446414K->326974K(506816K), 0.0055050 secs]
106.422: [GC (Allocation Failure)  446901K->326974K(506816K), 0.0045940 secs]
106.611: [GC (CMS Final Remark)  446901K(506816K), 0.0014390 secs]
106.621: [GC (Allocation Failure)  446901K->327948K(506816K), 0.0050238 secs]
106.812: [GC (Allocation Failure)  447875K->328435K(506816K), 0.0050205 secs]
106.820: [GC (CMS Initial Mark)  367497K(506816K), 0.0004181 secs]
107.022: [GC (Allocation Failure)  448361K->328678K(506816K), 0.0049477 secs]
107.217: [GC (Allocation Failure)  448605K->329409K(506816K), 0.0052556 secs]
107.418: [GC (Allocation Failure)  449335K->329895K(506816K), 0.0048682 secs]
107.611: [GC (Allocation Failure)  449822K->330382K(506816K), 0.0045557 secs]
107.811: [GC (Allocation Failure)  450309K->330626K(506816K), 0.0057736 secs]
108.003: [GC (Allocation Failure)  450553K->331356K(506816K), 0.0050129 secs]
108.185: [GC (CMS Final Remark)  451283K(506816K), 0.0015407 secs]
108.193: [GC (Allocation Failure)  451283K->331843K(506816K), 0.0046627 secs]
108.383: [GC (Allocation Failure)  451770K->332330K(506816K), 0.0061569 secs]
108.391: [GC (CMS Initial Mark)  371393K(506816K), 0.0005710 secs]
108.584: [GC (Allocation Failure)  452257K->332330K(506816K), 0.0046817 secs]
108.778: [GC (Allocation Failure)  452257K->333304K(506816K), 0.0048779 secs]
108.979: [GC (Allocation Failure)  453231K->333791K(506816K), 0.0052626 secs]
109.174: [GC (Allocation Failure)  453718K->334034K(506816K), 0.0043633 secs]
109.373: [GC (Allocation Failure)  453961K->334521K(506816K), 0.0054377 secs]
109.576: [GC (Allocation Failure)  454448K->335251K(506816K), 0.0047659 secs]
109.733: [GC (CMS Final Remark)  455178K(506816K), 0.0016357 secs]
109.767: [GC (Allocation Failure)  455165K->335725K(506816K), 0.0044393 secs]
109.958: [GC (Allocation Failure)  455652K->335969K(506816K), 0.0050790 secs]
109.966: [GC (CMS Initial Mark)  375031K(506816K), 0.0004923 secs]
110.164: [GC (Allocation Failure)  455895K->336455K(506816K), 0.0071839 secs]
110.378: [GC (Allocation Failure)  456382K->337186K(506816K), 0.0046893 secs]
110.581: [GC (Allocation Failure)  457113K->337673K(506816K), 0.0053009 secs]
110.774: [GC (Allocation Failure)  457600K->337673K(506816K), 0.0045882 secs]
110.985: [GC (Allocation Failure)  457599K->338647K(506816K), 0.0054234 secs]
111.189: [GC (Allocation Failure)  458573K->339133K(506816K), 0.0051179 secs]
111.372: [GC (CMS Final Remark)  459060K(506816K), 0.0015764 secs]
111.381: [GC (Allocation Failure)  459060K->339620K(506816K), 0.0044072 secs]
111.571: [GC (Allocation Failure)  459547K->339864K(506816K), 0.0052763 secs]
111.579: [GC (CMS Initial Mark)  378926K(506816K), 0.0007157 secs]
111.766: [GC (Allocation Failure)  459791K->340594K(506816K), 0.0052576 secs]
111.961: [GC (Allocation Failure)  460521K->341081K(506816K), 0.0044700 secs]
112.154: [GC (Allocation Failure)  461008K->341325K(506816K), 0.0054383 secs]
112.353: [GC (Allocation Failure)  461251K->341811K(506816K), 0.0047966 secs]
112.549: [GC (Allocation Failure)  461738K->342542K(506816K), 0.0049381 secs]
112.741: [GC (Allocation Failure)  462469K->343029K(506816K), 0.0051793 secs]
112.933: [GC (Allocation Failure)  462956K->343029K(506816K), 0.0046563 secs]
113.114: [GC (CMS Final Remark)  462956K(506816K), 0.0014056 secs]
113.123: [GC (Allocation Failure)  462956K->344003K(506816K), 0.0052980 secs]
113.315: [GC (Allocation Failure)  463929K->344490K(506816K), 0.0061209 secs]
113.324: [GC (CMS Initial Mark)  383552K(506816K), 0.0005552 secs]
113.515: [GC (Allocation Failure)  464416K->344976K(506816K), 0.0042654 secs]
113.708: [GC (Allocation Failure)  464903K->345220K(506816K), 0.0055789 secs]
113.904: [GC (Allocation Failure)  465147K->345950K(506816K), 0.0047378 secs]
114.107: [GC (Allocation Failure)  465877K->346437K(506816K), 0.0044320 secs]
114.305: [GC (Allocation Failure)  466364K->346924K(506816K), 0.0051270 secs]
114.503: [GC (Allocation Failure)  466851K->346924K(506816K), 0.0043774 secs]
114.634: [GC (CMS Final Remark)  466851K(506816K), 0.0014644 secs]
114.693: [GC (Allocation Failure)  466851K->347898K(506816K), 0.0047773 secs]
114.883: [GC (Allocation Failure)  467825K->348385K(506816K), 0.0046595 secs]
114.890: [GC (CMS Initial Mark)  387447K(506816K), 0.0006046 secs]
115.080: [GC (Allocation Failure)  468312K->348628K(506816K), 0.0041824 secs]
115.273: [GC (Allocation Failure)  468555K->349115K(506816K), 0.0057742 secs]
115.473: [GC (Allocation Failure)  469042K->349846K(506816K), 0.0051957 secs]
115.667: [GC (Allocation Failure)  469772K->350332K(506816K), 0.0043902 secs]
115.867: [GC (Allocation Failure)  470259K->350576K(506816K), 0.0056234 secs]
116.063: [GC (Allocation Failure)  470503K->351306K(506816K), 0.0047954 secs]
116.253: [GC (Allocation Failure)  471233K->351793K(506816K), 0.0051568 secs]
116.443: [GC (CMS Final Remark)  471720K(506816K), 0.0016798 secs]
116.454: [GC (Allocation Failure)  471720K->352280K(506816K), 0.0055807 secs]
116.645: [Full GC (Allocation Failure)  472207K->350805K(506816K), 0.6522880 secs]
117.300: [GC (CMS Initial Mark)  389868K(506816K), 0.0011165 secs]
118.323: [Full GC (Allocation Failure)  470732K->351130K(506816K), 0.5368977 secs]
119.043: [Full GC (Allocation Failure)  471047K->351455K(506816K), 0.5428336 secs]
119.588: [GC (CMS Initial Mark)  390517K(506816K), 0.0014416 secs]
120.735: [Full GC (Allocation Failure)  471363K->351779K(506816K), 0.5412871 secs]
121.461: [Full GC (Allocation Failure)  471679K->352104K(506816K), 0.5404308 secs]
122.004: [GC (CMS Initial Mark)  391166K(506816K), 0.0022341 secs]
123.112: [Full GC (Allocation Failure)  471996K->352428K(506816K), 0.5424974 secs]
123.838: [Full GC (Allocation Failure)  472313K->352753K(506816K), 0.5427044 secs]
124.383: [GC (CMS Initial Mark)  391816K(506816K), 0.0024604 secs]
125.495: [Full GC (Allocation Failure)  472630K->353078K(506816K), 0.5425626 secs]
126.222: [Full GC (Allocation Failure)  472948K->353402K(506816K), 0.5430546 secs]
126.767: [GC (CMS Initial Mark)  392465K(506816K), 0.0030466 secs]
127.929: [Full GC (Allocation Failure)  473265K->353727K(506816K), 0.5461386 secs]
128.658: [Full GC (Allocation Failure)  473583K->354051K(506816K), 0.5447082 secs]
129.205: [GC (CMS Initial Mark)  393114K(506816K), 0.0033085 secs]
130.318: [Full GC (Allocation Failure)  473901K->354376K(506816K), 0.5474797 secs]
131.049: [Full GC (Allocation Failure)  474218K->354701K(506816K), 0.5474536 secs]
131.599: [GC (CMS Initial Mark)  393763K(506816K), 0.0040201 secs]
132.682: [Full GC (Allocation Failure)  474536K->355025K(506816K), 0.5462854 secs]
133.412: [Full GC (Allocation Failure)  474854K->355350K(506816K), 0.5445155 secs]
133.959: [GC (CMS Initial Mark)  394412K(506816K), 0.0043028 secs]
135.011: [Full GC (Allocation Failure)  475172K->355674K(506816K), 0.5462793 secs]
135.740: [Full GC (Allocation Failure)  475490K->355999K(506816K), 0.5458896 secs]
136.288: [GC (CMS Initial Mark)  395062K(506816K), 0.0046864 secs]
137.435: [Full GC (Allocation Failure)  475808K->356324K(506816K), 0.5485409 secs]
138.167: [Full GC (Allocation Failure)  476126K->356648K(506816K), 0.5495203 secs]
138.719: [GC (CMS Initial Mark)  395711K(506816K), 0.0052369 secs]
139.853: [Full GC (Allocation Failure)  476444K->356973K(506816K), 0.5520222 secs]
140.588: [Full GC (Allocation Failure)  476762K->357298K(506816K), 0.5513554 secs]
141.142: [GC (CMS Initial Mark)  396360K(506816K), 0.0055874 secs]
142.316: [Full GC (Allocation Failure)  477080K->357622K(506816K), 0.5498766 secs]
143.050: [Full GC (Allocation Failure)  477398K->357947K(506816K), 0.5516299 secs]
143.604: [GC (CMS Initial Mark)  397009K(506816K), 0.0061218 secs]
144.672: [Full GC (Allocation Failure)  477716K->358271K(506816K), 0.5528917 secs]
145.409: [Full GC (Allocation Failure)  478034K->358596K(506816K), 0.5519529 secs]
145.963: [GC (CMS Initial Mark)  397658K(506816K), 0.0065589 secs]
147.078: [Full GC (Allocation Failure)  478353K->358921K(506816K), 0.5531931 secs]
147.815: [Full GC (Allocation Failure)  478671K->359245K(506816K), 0.5532390 secs]
148.371: [GC (CMS Initial Mark)  398308K(506816K), 0.0070737 secs]
149.517: [Full GC (Allocation Failure)  478989K->359570K(506816K), 0.5523663 secs]
150.252: [Full GC (Allocation Failure)  479307K->359894K(506816K), 0.5541353 secs]
150.809: [GC (CMS Initial Mark)  398957K(506816K), 0.0075418 secs]
151.854: [Full GC (Allocation Failure)  479626K->360219K(506816K), 0.5581142 secs]
152.595: [Full GC (Allocation Failure)  479944K->360544K(506816K), 0.5558733 secs]
153.154: [GC (CMS Initial Mark)  399606K(506816K), 0.0080926 secs]
154.209: [Full GC (Allocation Failure)  480262K->360868K(506816K), 0.5571682 secs]
154.950: [Full GC (Allocation Failure)  480581K->361193K(506816K), 0.5593900 secs]
155.512: [GC (CMS Initial Mark)  400255K(506816K), 0.0083054 secs]
156.671: [Full GC (Allocation Failure)  480899K->361517K(506816K), 0.5559874 secs]
157.412: [Full GC (Allocation Failure)  481218K->361842K(506816K), 0.5571179 secs]
157.972: [GC (CMS Initial Mark)  400905K(506816K), 0.0088345 secs]
159.112: [Full GC (Allocation Failure)  481536K->362167K(506816K), 0.5575596 secs]
159.852: [Full GC (Allocation Failure)  481855K->362491K(506816K), 0.5613292 secs]
160.417: [GC (CMS Initial Mark)  401554K(506816K), 0.0092807 secs]
161.583: [Full GC (Allocation Failure)  482173K->362816K(506816K), 0.5581879 secs]
162.326: [Full GC (Allocation Failure)  482492K->363140K(506816K), 0.5673814 secs]
162.896: [GC (CMS Initial Mark)  402203K(506816K), 0.0096365 secs]
164.024: [Full GC (Allocation Failure)  482811K->363465K(506816K), 0.5652286 secs]
164.772: [Full GC (Allocation Failure)  483129K->363790K(506816K), 0.5646801 secs]
165.339: [GC (CMS Initial Mark)  402852K(506816K), 0.0102533 secs]
166.475: [Full GC (Allocation Failure)  483448K->364114K(506816K), 0.5632032 secs]
167.222: [Full GC (Allocation Failure)  483767K->364439K(506816K), 0.5652932 secs]
167.791: [GC (CMS Initial Mark)  403501K(506816K), 0.0141527 secs]
168.959: [Full GC (Allocation Failure)  484085K->364764K(506816K), 0.5663255 secs]
169.708: [Full GC (Allocation Failure)  484404K->365088K(506816K), 0.5685964 secs]
170.280: [GC (CMS Initial Mark)  404151K(506816K), 0.0112087 secs]
171.368: [Full GC (Allocation Failure)  484723K->365413K(506816K), 0.5709271 secs]
172.123: [Full GC (Allocation Failure)  485042K->365737K(506816K), 0.5683184 secs]
172.694: [GC (CMS Initial Mark)  404800K(506816K), 0.0114371 secs]
173.881: [Full GC (Allocation Failure)  485361K->366062K(506816K), 0.5685929 secs]
174.634: [Full GC (Allocation Failure)  485679K->366387K(506816K), 0.5716389 secs]
175.208: [GC (CMS Initial Mark)  405449K(506816K), 0.0117841 secs]
176.304: [Full GC (Allocation Failure)  485998K->366711K(506816K), 0.5652160 secs]
177.051: [Full GC (Allocation Failure)  486317K->367036K(506816K), 0.5679489 secs]
177.622: [GC (CMS Initial Mark)  406098K(506816K), 0.0120636 secs]
178.761: [Full GC (Allocation Failure)  486636K->367360K(506816K), 0.5741675 secs]
179.519: [Full GC (Allocation Failure)  486955K->367685K(506816K), 0.5673607 secs]
180.089: [GC (CMS Initial Mark)  406748K(506816K), 0.0128044 secs]
181.201: [Full GC (Allocation Failure)  487274K->368010K(506816K), 0.5713545 secs]
181.956: [Full GC (Allocation Failure)  487593K->368334K(506816K), 0.5718401 secs]
182.531: [GC (CMS Initial Mark)  407397K(506816K), 0.0131508 secs]
183.609: [Full GC (Allocation Failure)  487912K->368659K(506816K), 0.5703286 secs]
184.363: [Full GC (Allocation Failure)  488231K->368983K(506816K), 0.5718588 secs]
184.937: [GC (CMS Initial Mark)  408046K(506816K), 0.0135779 secs]
185.988: [Full GC (Allocation Failure)  449488K->408155K(506816K), 0.5771661 secs]
186.638: [Full GC (Allocation Failure)  489386K->406004K(506816K), 0.6344081 secs]
187.275: [GC (CMS Initial Mark)  445066K(506816K), 0.1592914 secs]
187.495: [GC (Allocation Failure)  447140K->447386K(506816K), 0.0615740 secs]
187.824: [Full GC (Allocation Failure)  447386K->406112K(506816K), 0.6001472 secs]
188.486: [GC (Allocation Failure)  446835K->447161K(506816K), 0.0632627 secs]
188.549: [Full GC (Allocation Failure)  447161K->406220K(506816K), 0.5991249 secs]
189.151: [GC (CMS Initial Mark)  445283K(506816K), 0.1575054 secs]
189.375: [GC (Allocation Failure)  446676K->447133K(506816K), 0.0632071 secs]
189.718: [Full GC (Allocation Failure)  447133K->406328K(506816K), 0.5971041 secs]
190.377: [GC (Allocation Failure)  446611K->447197K(506816K), 0.0646004 secs]
190.442: [Full GC (Allocation Failure)  447197K->406437K(506816K), 0.6016610 secs]
191.046: [GC (CMS Initial Mark)  445499K(506816K), 0.1569359 secs]
191.264: [GC (Allocation Failure)  446607K->447312K(506816K), 0.0629335 secs]
191.592: [Full GC (Allocation Failure)  447312K->406545K(506816K), 0.6058919 secs]
192.260: [GC (Allocation Failure)  446642K->447411K(506816K), 0.0645753 secs]
192.324: [Full GC (Allocation Failure)  447411K->406653K(506816K), 0.6104906 secs]
192.937: [GC (CMS Initial Mark)  445716K(506816K), 0.1578255 secs]
193.156: [GC (Allocation Failure)  446703K->447605K(506816K), 0.0652977 secs]
193.488: [Full GC (Allocation Failure)  447605K->406761K(506816K), 0.6007445 secs]
194.151: [GC (Allocation Failure)  446780K->447817K(506816K), 0.0654372 secs]
194.216: [Full GC (Allocation Failure)  447817K->406869K(506816K), 0.5992994 secs]
194.818: [GC (CMS Initial Mark)  445932K(506816K), 0.1583357 secs]
195.044: [GC (Allocation Failure)  446867K->448040K(506816K), 0.0673918 secs]
195.375: [Full GC (Allocation Failure)  448040K->406978K(506816K), 0.6013511 secs]
196.037: [GC (Allocation Failure)  446962K->448270K(506816K), 0.0669162 secs]
196.104: [Full GC (Allocation Failure)  448270K->407086K(506816K), 0.6043080 secs]
196.711: [GC (CMS Initial Mark)  446148K(506816K), 0.1574534 secs]
196.930: [GC (Allocation Failure)  447061K->448505K(506816K), 0.0662081 secs]
197.263: [Full GC (Allocation Failure)  448505K->407194K(506816K), 0.6106303 secs]
197.935: [GC (Allocation Failure)  447163K->448584K(506816K), 0.0685007 secs]
198.003: [Full GC (Allocation Failure)  448584K->407302K(506816K), 0.6037361 secs]
198.610: [GC (CMS Initial Mark)  446365K(506816K), 0.1580267 secs]
198.834: [GC (Allocation Failure)  447267K->448810K(506816K), 0.0681569 secs]
199.177: [Full GC (Allocation Failure)  448810K->407410K(506816K), 0.6026688 secs]
199.841: [GC (Allocation Failure)  447373K->449037K(506816K), 0.0704133 secs]
199.911: [Full GC (Allocation Failure)  449037K->407519K(506816K), 0.6029716 secs]
200.517: [GC (CMS Initial Mark)  446581K(506816K), 0.1584810 secs]
200.749: [GC (Allocation Failure)  447479K->449265K(506816K), 0.0703615 secs]
201.081: [Full GC (Allocation Failure)  449265K->407627K(506816K), 0.6012935 secs]
201.744: [GC (Allocation Failure)  447585K->449493K(506816K), 0.0717841 secs]
201.816: [Full GC (Allocation Failure)  449493K->407735K(506816K), 0.6030114 secs]
202.422: [GC (CMS Initial Mark)  446798K(506816K), 0.1592034 secs]
202.645: [GC (Allocation Failure)  447692K->449721K(506816K), 0.0717359 secs]
202.981: [Full GC (Allocation Failure)  449721K->407843K(506816K), 0.6047330 secs]
203.648: [GC (Allocation Failure)  447799K->449950K(506816K), 0.0717487 secs]
203.720: [Full GC (Allocation Failure)  449950K->407952K(506816K), 0.6059326 secs]
204.328: [GC (CMS Initial Mark)  447014K(506816K), 0.1591902 secs]
204.558: [GC (Allocation Failure)  447906K->450179K(506816K), 0.0738133 secs]
204.893: [Full GC (Allocation Failure)  450179K->408060K(506816K), 0.6089081 secs]
205.563: [GC (Allocation Failure)  448013K->450408K(506816K), 0.0745974 secs]
205.638: [Full GC (Allocation Failure)  450408K->408168K(506816K), 0.6016230 secs]
206.242: [GC (CMS Initial Mark)  447230K(506816K), 0.1592394 secs]
206.462: [GC (Allocation Failure)  448121K->450637K(506816K), 0.0736703 secs]
206.803: [Full GC (Allocation Failure)  450637K->408276K(506816K), 0.6071046 secs]
207.471: [GC (Allocation Failure)  448228K->450866K(506816K), 0.0763278 secs]
207.548: [Full GC (Allocation Failure)  450866K->408384K(506816K), 0.6037057 secs]
208.154: [GC (CMS Initial Mark)  447447K(506816K), 0.1608338 secs]
208.375: [GC (Allocation Failure)  448335K->451095K(506816K), 0.0749128 secs]
208.716: [Full GC (Allocation Failure)  451095K->408493K(506816K), 0.6051786 secs]
209.382: [GC (Allocation Failure)  448443K->451324K(506816K), 0.0766310 secs]
209.459: [Full GC (Allocation Failure)  451324K->408601K(506816K), 0.6034806 secs]
210.065: [GC (CMS Initial Mark)  447663K(506816K), 0.1600182 secs]
210.292: [GC (Allocation Failure)  448550K->451553K(506816K), 0.0752277 secs]
210.631: [Full GC (Allocation Failure)  451553K->408709K(506816K), 0.6047599 secs]
211.299: [GC (Allocation Failure)  448658K->451783K(506816K), 0.0765824 secs]
211.375: [Full GC (Allocation Failure)  451783K->408817K(506816K), 0.6058118 secs]
211.984: [GC (CMS Initial Mark)  447880K(506816K), 0.1586538 secs]
212.213: [GC (Allocation Failure)  448765K->452012K(506816K), 0.0778568 secs]
212.556: [Full GC (Allocation Failure)  452012K->408925K(506816K), 0.6110662 secs]
213.229: [GC (Allocation Failure)  448872K->452241K(506816K), 0.0810127 secs]
213.310: [Full GC (Allocation Failure)  452241K->409034K(506816K), 0.6071505 secs]
213.920: [GC (CMS Initial Mark)  448096K(506816K), 0.1575689 secs]
214.153: [GC (Allocation Failure)  448980K->452470K(506816K), 0.0798559 secs]
214.492: [Full GC (Allocation Failure)  452470K->409142K(506816K), 0.6072636 secs]
215.161: [GC (Allocation Failure)  449087K->452699K(506816K), 0.0779419 secs]
215.239: [Full GC (Allocation Failure)  452699K->409250K(506816K), 0.6109180 secs]
215.853: [GC (CMS Initial Mark)  448312K(506816K), 0.1601085 secs]
216.088: [GC (Allocation Failure)  449195K->452928K(506816K), 0.0812449 secs]
216.429: [Full GC (Allocation Failure)  452928K->409358K(506816K), 0.6077165 secs]
217.099: [GC (Allocation Failure)  449302K->453158K(506816K), 0.0814916 secs]
217.180: [Full GC (Allocation Failure)  453158K->409466K(506816K), 0.6102854 secs]
217.793: [GC (CMS Initial Mark)  448529K(506816K), 0.1595373 secs]
218.019: [GC (Allocation Failure)  449410K->453387K(506816K), 0.0802778 secs]
218.374: [Full GC (Allocation Failure)  453387K->409575K(506816K), 0.6061843 secs]
219.041: [GC (Allocation Failure)  449517K->453616K(506816K), 0.0817345 secs]
219.123: [Full GC (Allocation Failure)  453616K->409683K(506816K), 0.6105067 secs]
219.736: [GC (CMS Initial Mark)  448745K(506816K), 0.1583217 secs]
219.957: [GC (Allocation Failure)  449625K->453845K(506816K), 0.0848788 secs]
220.306: [Full GC (Allocation Failure)  453845K->409791K(506816K), 0.6098463 secs]
220.978: [GC (Allocation Failure)  449732K->454074K(506816K), 0.0837974 secs]
221.062: [Full GC (Allocation Failure)  454074K->409899K(506816K), 0.6114632 secs]
221.676: [GC (CMS Initial Mark)  448962K(506816K), 0.1591247 secs]
221.896: [GC (Allocation Failure)  449839K->454303K(506816K), 0.0849244 secs]
222.246: [Full GC (Allocation Failure)  454303K->410007K(506816K), 0.6183519 secs]
222.926: [GC (Allocation Failure)  449947K->454533K(506816K), 0.0854030 secs]
223.012: [Full GC (Allocation Failure)  454533K->410116K(506816K), 0.6102816 secs]
223.625: [GC (CMS Initial Mark)  449178K(506816K), 0.1598191 secs]
223.846: [GC (Allocation Failure)  450054K->454762K(506816K), 0.0886589 secs]
224.202: [Full GC (Allocation Failure)  454762K->410224K(506816K), 0.6115325 secs]
224.875: [GC (Allocation Failure)  450162K->454991K(506816K), 0.0851983 secs]
224.960: [Full GC (Allocation Failure)  454991K->410332K(506816K), 0.6118822 secs]
225.575: [GC (CMS Initial Mark)  449394K(506816K), 0.1593382 secs]
225.795: [GC (Allocation Failure)  450269K->455220K(506816K), 0.0884890 secs]
226.158: [Full GC (Allocation Failure)  455220K->410440K(506816K), 0.6121617 secs]
226.831: [GC (Allocation Failure)  450377K->455449K(506816K), 0.0872187 secs]
226.918: [Full GC (Allocation Failure)  455449K->410548K(506816K), 0.6153816 secs]
227.536: [GC (CMS Initial Mark)  449611K(506816K), 0.1612800 secs]
227.759: [GC (Allocation Failure)  450484K->455679K(506816K), 0.0883972 secs]
228.126: [Full GC (Allocation Failure)  455679K->410657K(506816K), 0.6137994 secs]
228.801: [GC (Allocation Failure)  450592K->455908K(506816K), 0.0866870 secs]
228.888: [Full GC (Allocation Failure)  455908K->410765K(506816K), 0.6127090 secs]
229.503: [GC (CMS Initial Mark)  449827K(506816K), 0.1618401 secs]
229.726: [GC (Allocation Failure)  450699K->456137K(506816K), 0.0886431 secs]
230.080: [Full GC (Allocation Failure)  456137K->410873K(506816K), 0.6106537 secs]
230.752: [GC (Allocation Failure)  450806K->456366K(506816K), 0.0898771 secs]
230.842: [Full GC (Allocation Failure)  456366K->410981K(506816K), 0.6195669 secs]
231.464: [GC (CMS Initial Mark)  450044K(506816K), 0.1599536 secs]
231.684: [GC (Allocation Failure)  450914K->456595K(506816K), 0.0884802 secs]
232.038: [Full GC (Allocation Failure)  456595K->411089K(506816K), 0.6122123 secs]
232.712: [GC (Allocation Failure)  451021K->456824K(506816K), 0.0926898 secs]
232.805: [Full GC (Allocation Failure)  456824K->411198K(506816K), 0.6108926 secs]
233.418: [GC (CMS Initial Mark)  450260K(506816K), 0.1618079 secs]
233.643: [GC (Allocation Failure)  451129K->457054K(506816K), 0.0928301 secs]
234.000: [Full GC (Allocation Failure)  457054K->411306K(506816K), 0.6132089 secs]
234.674: [GC (Allocation Failure)  451236K->457283K(506816K), 0.0902227 secs]
234.765: [Full GC (Allocation Failure)  457283K->411414K(506816K), 0.6128423 secs]
235.380: [GC (CMS Initial Mark)  450477K(506816K), 0.1614451 secs]
235.621: [GC (Allocation Failure)  451344K->457512K(506816K), 0.0921568 secs]
235.971: [Full GC (Allocation Failure)  457512K->411522K(506816K), 0.6124023 secs]
236.645: [GC (Allocation Failure)  451451K->457741K(506816K), 0.0906077 secs]
236.736: [Full GC (Allocation Failure)  457741K->411630K(506816K), 0.6126288 secs]
237.351: [GC (CMS Initial Mark)  450693K(506816K), 0.1628800 secs]
237.574: [GC (Allocation Failure)  451559K->457970K(506816K), 0.0922703 secs]
237.933: [Full GC (Allocation Failure)  457970K->411739K(506816K), 0.6151934 secs]
238.611: [GC (Allocation Failure)  451666K->458200K(506816K), 0.0949181 secs]
238.706: [Full GC (Allocation Failure)  458200K->411847K(506816K), 0.6152086 secs]
239.323: [GC (CMS Initial Mark)  450909K(506816K), 0.1606765 secs]
239.546: [GC (Allocation Failure)  451774K->458429K(506816K), 0.0963059 secs]
239.906: [Full GC (Allocation Failure)  458429K->411955K(506816K), 0.6144929 secs]
240.582: [GC (Allocation Failure)  451881K->458658K(506816K), 0.0969151 secs]
240.679: [Full GC (Allocation Failure)  458658K->412063K(506816K), 0.6142432 secs]
241.296: [GC (CMS Initial Mark)  451126K(506816K), 0.1599565 secs]
241.533: [GC (Allocation Failure)  451989K->458887K(506816K), 0.0961293 secs]
241.888: [Full GC (Allocation Failure)  458887K->412171K(506816K), 0.6135620 secs]
242.563: [GC (Allocation Failure)  452096K->459116K(506816K), 0.0950049 secs]
242.659: [Full GC (Allocation Failure)  459116K->412280K(506816K), 0.6190252 secs]
243.280: [GC (CMS Initial Mark)  451342K(506816K), 0.1612808 secs]
243.506: [GC (Allocation Failure)  452204K->459346K(506816K), 0.0964857 secs]
243.869: [Full GC (Allocation Failure)  459346K->412388K(506816K), 0.6120269 secs]
244.543: [GC (Allocation Failure)  452311K->459575K(506816K), 0.1011174 secs]
244.644: [Full GC (Allocation Failure)  459575K->412496K(506816K), 0.6147943 secs]
245.261: [GC (CMS Initial Mark)  451559K(506816K), 0.1635346 secs]
245.490: [GC (Allocation Failure)  452418K->459804K(506816K), 0.0983711 secs]
245.853: [Full GC (Allocation Failure)  459804K->412604K(506816K), 0.6159280 secs]
246.530: [GC (Allocation Failure)  452526K->460033K(506816K), 0.1027920 secs]
246.633: [Full GC (Allocation Failure)  460033K->412712K(506816K), 0.6160426 secs]
247.251: [GC (CMS Initial Mark)  451775K(506816K), 0.1645824 secs]
247.477: [GC (Allocation Failure)  452633K->460262K(506816K), 0.1009069 secs]
247.846: [Full GC (Allocation Failure)  460262K->412821K(506816K), 0.6165446 secs]
248.524: [GC (Allocation Failure)  452741K->460492K(506816K), 0.0982348 secs]
248.622: [Full GC (Allocation Failure)  460492K->412929K(506816K), 0.6156079 secs]
249.240: [GC (CMS Initial Mark)  451991K(506816K), 0.1612551 secs]
249.461: [GC (Allocation Failure)  452848K->460721K(506816K), 0.0983471 secs]
249.826: [Full GC (Allocation Failure)  460721K->413037K(506816K), 0.6160447 secs]
250.503: [GC (Allocation Failure)  452956K->460950K(506816K), 0.1023537 secs]
250.606: [Full GC (Allocation Failure)  460950K->413145K(506816K), 0.6162101 secs]
251.224: [GC (CMS Initial Mark)  452208K(506816K), 0.1621225 secs]
251.449: [GC (Allocation Failure)  453063K->461179K(506816K), 0.1033577 secs]
251.817: [Full GC (Allocation Failure)  461179K->413253K(506816K), 0.6168440 secs]
252.496: [GC (Allocation Failure)  453171K->461408K(506816K), 0.1068024 secs]
252.603: [Full GC (Allocation Failure)  461408K->413362K(506816K), 0.6154600 secs]
253.221: [GC (CMS Initial Mark)  452424K(506816K), 0.1619591 secs]
253.443: [GC (Allocation Failure)  453278K->461638K(506816K), 0.1068685 secs]
253.815: [Full GC (Allocation Failure)  461638K->413470K(506816K), 0.6188083 secs]
254.496: [GC (Allocation Failure)  453386K->461867K(506816K), 0.1044233 secs]
254.600: [Full GC (Allocation Failure)  461867K->413578K(506816K), 0.6172053 secs]
255.220: [GC (CMS Initial Mark)  452641K(506816K), 0.1636705 secs]
255.444: [GC (Allocation Failure)  453493K->462096K(506816K), 0.1069989 secs]
255.817: [Full GC (Allocation Failure)  462096K->413686K(506816K), 0.6174240 secs]
256.495: [GC (Allocation Failure)  453601K->462325K(506816K), 0.1074541 secs]
256.603: [Full GC (Allocation Failure)  462325K->413794K(506816K), 0.6206714 secs]
257.226: [GC (CMS Initial Mark)  452857K(506816K), 0.1636848 secs]
257.462: [GC (Allocation Failure)  453708K->462555K(506816K), 0.1099546 secs]
257.836: [Full GC (Allocation Failure)  462555K->413903K(506816K), 0.6190749 secs]
258.517: [GC (Allocation Failure)  453816K->462784K(506816K), 0.1448227 secs]
258.662: [Full GC (Allocation Failure)  462784K->414011K(506816K), 0.6185884 secs]
259.283: [GC (CMS Initial Mark)  453073K(506816K), 0.1627288 secs]
259.515: [GC (Allocation Failure)  453923K->463013K(506816K), 0.1017094 secs]
259.883: [Full GC (Allocation Failure)  463013K->414119K(506816K), 0.6170708 secs]
260.561: [GC (Allocation Failure)  454031K->463242K(506816K), 0.1114116 secs]
260.672: [Full GC (Allocation Failure)  463242K->414227K(506816K), 0.6197353 secs]
261.295: [GC (CMS Initial Mark)  453290K(506816K), 0.1628095 secs]
261.518: [GC (Allocation Failure)  454138K->463471K(506816K), 0.1060391 secs]
261.890: [Full GC (Allocation Failure)  463471K->414335K(506816K), 0.6189460 secs]
262.570: [GC (Allocation Failure)  454246K->463701K(506816K), 0.1065545 secs]
262.677: [Full GC (Allocation Failure)  463701K->414444K(506816K), 0.6231751 secs]
263.303: [GC (CMS Initial Mark)  453506K(506816K), 0.1624269 secs]
263.525: [GC (Allocation Failure)  454353K->463930K(506816K), 0.1080087 secs]
263.900: [Full GC (Allocation Failure)  463930K->414552K(506816K), 0.6271479 secs]
264.588: [GC (Allocation Failure)  454461K->464159K(506816K), 0.1070436 secs]
264.695: [Full GC (Allocation Failure)  464159K->414660K(506816K), 0.6217087 secs]
265.319: [GC (CMS Initial Mark)  453723K(506816K), 0.1626987 secs]
265.543: [GC (Allocation Failure)  454568K->464388K(506816K), 0.1109126 secs]
265.919: [Full GC (Allocation Failure)  464388K->414768K(506816K), 0.6223209 secs]
266.603: [GC (Allocation Failure)  454676K->464618K(506816K), 0.1103873 secs]
266.713: [Full GC (Allocation Failure)  464618K->414877K(506816K), 0.6332875 secs]
267.349: [GC (CMS Initial Mark)  453939K(506816K), 0.1624412 secs]
267.573: [GC (Allocation Failure)  454783K->464847K(506816K), 0.1078274 secs]
267.947: [Full GC (Allocation Failure)  464847K->414985K(506816K), 0.6320871 secs]
268.642: [GC (Allocation Failure)  454891K->465076K(506816K), 0.1118218 secs]
268.754: [Full GC (Allocation Failure)  465076K->415093K(506816K), 0.6299652 secs]
269.386: [GC (CMS Initial Mark)  454155K(506816K), 0.1623625 secs]
269.612: [GC (Allocation Failure)  454998K->465305K(506816K), 0.1172628 secs]
269.994: [Full GC (Allocation Failure)  465305K->415201K(506816K), 0.6238782 secs]
270.679: [GC (Allocation Failure)  455106K->465535K(506816K), 0.1186526 secs]
270.798: [Full GC (Allocation Failure)  465535K->415309K(506816K), 0.6295598 secs]
271.430: [GC (CMS Initial Mark)  454372K(506816K), 0.1623286 secs]
271.653: [GC (Allocation Failure)  455213K->465764K(506816K), 0.1167152 secs]
272.036: [Full GC (Allocation Failure)  465764K->415418K(506816K), 0.6284126 secs]
272.726: [GC (Allocation Failure)  455321K->465993K(506816K), 0.1199869 secs]
272.846: [Full GC (Allocation Failure)  465993K->415526K(506816K), 0.6229962 secs]
273.472: [GC (CMS Initial Mark)  454588K(506816K), 0.1655746 secs]
273.697: [GC (Allocation Failure)  455428K->466222K(506816K), 0.1213165 secs]
274.083: [Full GC (Allocation Failure)  466222K->415634K(506816K), 0.6332723 secs]
274.778: [GC (Allocation Failure)  455536K->466452K(506816K), 0.1137820 secs]
274.892: [Full GC (Allocation Failure)  466452K->415742K(506816K), 0.6328180 secs]
275.527: [GC (CMS Initial Mark)  454805K(506816K), 0.1663525 secs]
275.754: [GC (Allocation Failure)  455643K->466681K(506816K), 0.1222225 secs]
276.154: [Full GC (Allocation Failure)  466681K->415850K(506816K), 0.6228468 secs]
276.838: [GC (Allocation Failure)  455751K->466910K(506816K), 0.1197258 secs]
276.958: [Full GC (Allocation Failure)  466910K->415959K(506816K), 0.6351863 secs]
277.596: [GC (CMS Initial Mark)  455021K(506816K), 0.1643143 secs]
277.821: [GC (Allocation Failure)  455858K->467139K(506816K), 0.1149772 secs]
278.200: [Full GC (Allocation Failure)  467139K->416067K(506816K), 0.6242361 secs]
278.885: [GC (Allocation Failure)  455966K->467368K(506816K), 0.1160241 secs]
279.001: [Full GC (Allocation Failure)  467368K->416175K(506816K), 0.6265892 secs]
279.631: [GC (CMS Initial Mark)  455237K(506816K), 0.1631434 secs]
279.855: [GC (Allocation Failure)  456073K->467598K(506816K), 0.1175995 secs]
280.237: [Full GC (Allocation Failure)  467598K->416283K(506816K), 0.6257376 secs]
280.924: [GC (Allocation Failure)  456181K->467827K(506816K), 0.1226306 secs]
281.047: [Full GC (Allocation Failure)  467827K->416391K(506816K), 0.6265310 secs]
281.676: [GC (CMS Initial Mark)  455454K(506816K), 0.1671711 secs]
281.903: [GC (Allocation Failure)  456288K->468056K(506816K), 0.1197144 secs]
282.289: [Full GC (Allocation Failure)  468056K->416500K(506816K), 0.6286234 secs]
282.979: [GC (Allocation Failure)  456396K->468285K(506816K), 0.1205336 secs]
283.100: [Full GC (Allocation Failure)  468285K->416608K(506816K), 0.6297176 secs]
283.732: [GC (CMS Initial Mark)  455670K(506816K), 0.1642467 secs]
283.964: [GC (Allocation Failure)  456503K->468515K(506816K), 0.1235904 secs]
284.350: [Full GC (Allocation Failure)  468515K->416716K(506816K), 0.6368878 secs]
285.050: [GC (Allocation Failure)  456611K->468744K(506816K), 0.1277389 secs]
285.178: [Full GC (Allocation Failure)  468744K->416824K(506816K), 0.6419215 secs]
285.822: [GC (CMS Initial Mark)  455887K(506816K), 0.1675465 secs]
286.055: [GC (Allocation Failure)  456719K->468973K(506816K), 0.1203625 secs]
286.448: [Full GC (Allocation Failure)  468973K->416932K(506816K), 0.6387592 secs]
287.150: [GC (Allocation Failure)  456826K->469202K(506816K), 0.1278485 secs]
287.278: [Full GC (Allocation Failure)  469202K->417041K(506816K), 0.6532133 secs]
287.934: [GC (CMS Initial Mark)  456103K(506816K), 0.1713517 secs]
288.179: [GC (Allocation Failure)  456934K->469432K(506816K), 0.1294906 secs]
288.583: [Full GC (Allocation Failure)  469432K->417149K(506816K), 0.6524856 secs]
289.298: [GC (Allocation Failure)  457041K->469661K(506816K), 0.1238766 secs]
289.422: [Full GC (Allocation Failure)  469661K->417257K(506816K), 0.6486532 secs]
290.074: [GC (CMS Initial Mark)  456319K(506816K), 0.1692722 secs]
290.316: [GC (Allocation Failure)  457149K->469890K(506816K), 0.1234381 secs]
290.707: [Full GC (Allocation Failure)  469890K->417365K(506816K), 0.6456215 secs]
291.416: [GC (Allocation Failure)  457256K->470119K(506816K), 0.1244312 secs]
291.541: [Full GC (Allocation Failure)  470119K->417473K(506816K), 0.6512493 secs]
292.195: [GC (CMS Initial Mark)  456536K(506816K), 0.1676000 secs]
292.423: [GC (Allocation Failure)  457364K->470349K(506816K), 0.1327915 secs]
292.852: [Full GC (Allocation Failure)  470349K->417582K(506816K), 0.6450403 secs]
293.561: [GC (Allocation Failure)  457471K->470578K(506816K), 0.1264189 secs]
293.688: [Full GC (Allocation Failure)  470578K->417690K(506816K), 0.6427410 secs]
294.333: [GC (CMS Initial Mark)  456752K(506816K), 0.1673123 secs]
294.561: [GC (Allocation Failure)  457579K->470807K(506816K), 0.1326033 secs]
294.958: [Full GC (Allocation Failure)  470807K->417798K(506816K), 0.6360385 secs]
295.656: [GC (Allocation Failure)  457686K->471037K(506816K), 0.1331786 secs]
295.789: [Full GC (Allocation Failure)  471037K->417906K(506816K), 0.6349323 secs]
296.427: [GC (CMS Initial Mark)  456969K(506816K), 0.1652507 secs]
296.652: [GC (Allocation Failure)  457794K->471266K(506816K), 0.1276959 secs]
297.045: [Full GC (Allocation Failure)  471266K->418014K(506816K), 0.6329978 secs]
297.740: [GC (Allocation Failure)  457901K->471495K(506816K), 0.1346269 secs]
297.874: [Full GC (Allocation Failure)  471495K->418123K(506816K), 0.6431810 secs]
298.520: [GC (CMS Initial Mark)  457185K(506816K), 0.1682932 secs]
298.749: [GC (Allocation Failure)  458009K->471724K(506816K), 0.1295696 secs]
299.149: [Full GC (Allocation Failure)  471724K->418231K(506816K), 0.6340859 secs]
299.844: [GC (Allocation Failure)  458116K->471954K(506816K), 0.1288740 secs]
299.973: [Full GC (Allocation Failure)  471954K->418339K(506816K), 0.6320564 secs]
300.608: [GC (CMS Initial Mark)  457402K(506816K), 0.1646496 secs]
300.833: [GC (Allocation Failure)  458224K->472183K(506816K), 0.1265923 secs]
301.226: [Full GC (Allocation Failure)  472183K->418447K(506816K), 0.6314217 secs]
301.919: [GC (Allocation Failure)  458332K->472412K(506816K), 0.1352341 secs]
302.055: [Full GC (Allocation Failure)  472412K->418555K(506816K), 0.6338667 secs]
302.691: [GC (CMS Initial Mark)  457618K(506816K), 0.1728389 secs]
302.938: [GC (Allocation Failure)  458439K->472641K(506816K), 0.1312880 secs]
303.331: [Full GC (Allocation Failure)  472641K->418664K(506816K), 0.6345423 secs]
304.026: [GC (Allocation Failure)  458547K->472871K(506816K), 0.1378422 secs]
304.164: [Full GC (Allocation Failure)  472871K->418772K(506816K), 0.6360967 secs]
304.803: [GC (CMS Initial Mark)  457834K(506816K), 0.1688437 secs]
305.032: [GC (Allocation Failure)  458654K->473100K(506816K), 0.1299897 secs]
305.428: [Full GC (Allocation Failure)  473100K->418880K(506816K), 0.6329449 secs]
