Java HotSpot(TM) 64-Bit Server VM (25.141-b15) for windows-amd64 JRE (1.8.0_141-b15), built on Jul 12 2017 04:25:12 by "java_re" with MS VC++ 10.0 (VS2010)
Memory: 4k page, physical 8352644k(3616992k free), swap 9663364k(3260916k free)
CommandLine flags: -XX:InitialHeapSize=536870912 -XX:MaxHeapSize=536870912 -XX:+PrintGC -XX:+PrintGCTimeStamps -XX:+UseCompressedClassPointers -XX:+UseCompressedOops -XX:-UseLargePagesIndividualAllocation -XX:+UseParallelOldGC 
0.273: [GC (Allocation Failure)  122450K->906K(502784K), 0.0014141 secs]
0.459: [GC (Allocation Failure)  123300K->1273K(502784K), 0.0011808 secs]
0.642: [GC (Allocation Failure)  121025K->1733K(502784K), 0.0013577 secs]
0.827: [GC (Allocation Failure)  121494K->2176K(502784K), 0.0025800 secs]
1.012: [GC (Allocation Failure)  121942K->2496K(502784K), 0.0020280 secs]
1.198: [GC (Allocation Failure)  122267K->3041K(520192K), 0.0025718 secs]
1.449: [GC (Allocation Failure)  162577K->3457K(520704K), 0.0031124 secs]
1.695: [GC (Allocation Failure)  162998K->4249K(520704K), 0.0027162 secs]
1.941: [GC (Allocation Failure)  163790K->4761K(520704K), 0.0025867 secs]
2.187: [GC (Allocation Failure)  164308K->5249K(520704K), 0.0026516 secs]
2.433: [GC (Allocation Failure)  164793K->7016K(520704K), 0.0032480 secs]
2.680: [GC (Allocation Failure)  166558K->7496K(520704K), 0.0026013 secs]
2.926: [GC (Allocation Failure)  167047K->7984K(520704K), 0.0048051 secs]
3.174: [GC (Allocation Failure)  167531K->8536K(520704K), 0.0046247 secs]
3.423: [GC (Allocation Failure)  168080K->11087K(520192K), 0.0030495 secs]
3.671: [GC (Allocation Failure)  170628K->11463K(520192K), 0.0032536 secs]
3.920: [GC (Allocation Failure)  170999K->12055K(520192K), 0.0048887 secs]
4.171: [GC (Allocation Failure)  171584K->12455K(520192K), 0.0050100 secs]
4.418: [GC (Allocation Failure)  171981K->12991K(520192K), 0.0051027 secs]
4.666: [GC (Allocation Failure)  172514K->13463K(520704K), 0.0050702 secs]
4.917: [GC (Allocation Failure)  176170K->16892K(520704K), 0.0038418 secs]
5.165: [GC (Allocation Failure)  176433K->17524K(518656K), 0.0043826 secs]
5.412: [GC (Allocation Failure)  177024K->18020K(519680K), 0.0051688 secs]
5.660: [GC (Allocation Failure)  177520K->18476K(520192K), 0.0050641 secs]
5.909: [GC (Allocation Failure)  177996K->18868K(520192K), 0.0054637 secs]
6.158: [GC (Allocation Failure)  178387K->19372K(520192K), 0.0054810 secs]
6.408: [GC (Allocation Failure)  178891K->19892K(520192K), 0.0053851 secs]
6.659: [GC (Allocation Failure)  179411K->20316K(520704K), 0.0051816 secs]
6.909: [GC (Allocation Failure)  179855K->20652K(520704K), 0.0053807 secs]
7.162: [GC (Allocation Failure)  180191K->21236K(521216K), 0.0054550 secs]
7.412: [GC (Allocation Failure)  185533K->26360K(520704K), 0.0061660 secs]
7.663: [GC (Allocation Failure)  185909K->26752K(521216K), 0.0052161 secs]
7.914: [GC (Allocation Failure)  186311K->27344K(521216K), 0.0054278 secs]
8.166: [GC (Allocation Failure)  186903K->27784K(521728K), 0.0056435 secs]
8.415: [GC (Allocation Failure)  187353K->28248K(521216K), 0.0053839 secs]
8.662: [GC (Allocation Failure)  187816K->28744K(521728K), 0.0055631 secs]
8.913: [GC (Allocation Failure)  188322K->29080K(521728K), 0.0056704 secs]
9.162: [GC (Allocation Failure)  188658K->29512K(522240K), 0.0053883 secs]
9.411: [GC (Allocation Failure)  189100K->30168K(521728K), 0.0055798 secs]
9.659: [GC (Allocation Failure)  189756K->30632K(522240K), 0.0055602 secs]
9.907: [GC (Allocation Failure)  190230K->30904K(522240K), 0.0058613 secs]
10.158: [GC (Allocation Failure)  190502K->31432K(522240K), 0.0060660 secs]
10.408: [GC (Allocation Failure)  191030K->31832K(522240K), 0.0056737 secs]
10.658: [GC (Allocation Failure)  191430K->32392K(522752K), 0.0058865 secs]
10.910: [GC (Allocation Failure)  192000K->32856K(522240K), 0.0056245 secs]
11.160: [GC (Allocation Failure)  199586K->40530K(522752K), 0.0086781 secs]
11.412: [GC (Allocation Failure)  200149K->40930K(522752K), 0.0059169 secs]
11.663: [GC (Allocation Failure)  200548K->41418K(522752K), 0.0062335 secs]
11.915: [GC (Allocation Failure)  201036K->41882K(522752K), 0.0063604 secs]
12.166: [GC (Allocation Failure)  201500K->42346K(522752K), 0.0062163 secs]
12.416: [GC (Allocation Failure)  201964K->42818K(522752K), 0.0062692 secs]
12.665: [GC (Allocation Failure)  202435K->43274K(522752K), 0.0061943 secs]
12.916: [GC (Allocation Failure)  202891K->43746K(522752K), 0.0063002 secs]
13.166: [GC (Allocation Failure)  203363K->44170K(523264K), 0.0064960 secs]
13.416: [GC (Allocation Failure)  203807K->44626K(523264K), 0.0064823 secs]
13.666: [GC (Allocation Failure)  204263K->45114K(523264K), 0.0065840 secs]
13.916: [GC (Allocation Failure)  204751K->45602K(523264K), 0.0066931 secs]
14.165: [GC (Allocation Failure)  205239K->45970K(523264K), 0.0068539 secs]
14.416: [GC (Allocation Failure)  205607K->46498K(523264K), 0.0066542 secs]
14.666: [GC (Allocation Failure)  206135K->46794K(523264K), 0.0066668 secs]
14.915: [GC (Allocation Failure)  206431K->47362K(523264K), 0.0066434 secs]
15.164: [GC (Allocation Failure)  206999K->47770K(523264K), 0.0068612 secs]
15.414: [GC (Allocation Failure)  207407K->48322K(523264K), 0.0067343 secs]
15.664: [GC (Allocation Failure)  207959K->48722K(523264K), 0.0066752 secs]
15.914: [GC (Allocation Failure)  208359K->49218K(523264K), 0.0067299 secs]
16.166: [GC (Allocation Failure)  208855K->49730K(523264K), 0.0065405 secs]
16.417: [GC (Allocation Failure)  209367K->50106K(523264K), 0.0064300 secs]
16.668: [GC (Allocation Failure)  220426K->61357K(523264K), 0.0124284 secs]
16.924: [GC (Allocation Failure)  220995K->61749K(523264K), 0.0070801 secs]
17.173: [GC (Allocation Failure)  221387K->62269K(523264K), 0.0070921 secs]
17.425: [GC (Allocation Failure)  221907K->62733K(523264K), 0.0070629 secs]
17.675: [GC (Allocation Failure)  222370K->63197K(523264K), 0.0070948 secs]
17.926: [GC (Allocation Failure)  222834K->63653K(523264K), 0.0070778 secs]
18.177: [GC (Allocation Failure)  223290K->64125K(523264K), 0.0069343 secs]
18.428: [GC (Allocation Failure)  223762K->64581K(523264K), 0.0070930 secs]
18.677: [GC (Allocation Failure)  224218K->65053K(523264K), 0.0070673 secs]
18.928: [GC (Allocation Failure)  224690K->65509K(523264K), 0.0071655 secs]
19.179: [GC (Allocation Failure)  225146K->65973K(523264K), 0.0068758 secs]
19.429: [GC (Allocation Failure)  225610K->66445K(523264K), 0.0068363 secs]
19.679: [GC (Allocation Failure)  226082K->66901K(523264K), 0.0069658 secs]
19.929: [GC (Allocation Failure)  226538K->67357K(523264K), 0.0069910 secs]
20.181: [GC (Allocation Failure)  226994K->67829K(523264K), 0.0072351 secs]
20.431: [GC (Allocation Failure)  227466K->68285K(523264K), 0.0069968 secs]
20.681: [GC (Allocation Failure)  227922K->68749K(523264K), 0.0070348 secs]
20.933: [GC (Allocation Failure)  228386K->69205K(523264K), 0.0070416 secs]
21.182: [GC (Allocation Failure)  228842K->69637K(523264K), 0.0074003 secs]
21.434: [GC (Allocation Failure)  229274K->70125K(523264K), 0.0073079 secs]
21.685: [GC (Allocation Failure)  229762K->70581K(523264K), 0.0075286 secs]
21.937: [GC (Allocation Failure)  230218K->70981K(523264K), 0.0075035 secs]
22.191: [GC (Allocation Failure)  230618K->71429K(523264K), 0.0071325 secs]
22.444: [GC (Allocation Failure)  231066K->71925K(523264K), 0.0077645 secs]
22.695: [GC (Allocation Failure)  231562K->72325K(523264K), 0.0076327 secs]
22.948: [GC (Allocation Failure)  231962K->72813K(523264K), 0.0076099 secs]
23.199: [GC (Allocation Failure)  232450K->73245K(523264K), 0.0075833 secs]
23.451: [GC (Allocation Failure)  232882K->73733K(523264K), 0.0077552 secs]
23.701: [GC (Allocation Failure)  233370K->74301K(523264K), 0.0078324 secs]
23.952: [GC (Allocation Failure)  233938K->74677K(523264K), 0.0073278 secs]
24.203: [GC (Allocation Failure)  234314K->75141K(523264K), 0.0077660 secs]
24.453: [GC (Allocation Failure)  234778K->75509K(523264K), 0.0071190 secs]
24.703: [GC (Allocation Failure)  235146K->76133K(523264K), 0.0074751 secs]
24.897: [GC (Allocation Failure)  212732K->92333K(523264K), 0.0182918 secs]
25.159: [GC (Allocation Failure)  251967K->92917K(523264K), 0.0072898 secs]
25.409: [GC (Allocation Failure)  252551K->93405K(523264K), 0.0078549 secs]
25.661: [GC (Allocation Failure)  253040K->93861K(523264K), 0.0078543 secs]
25.913: [GC (Allocation Failure)  253497K->94317K(523264K), 0.0081697 secs]
26.164: [GC (Allocation Failure)  253954K->94773K(523264K), 0.0083715 secs]
26.416: [GC (Allocation Failure)  254410K->95245K(523264K), 0.0082580 secs]
26.666: [GC (Allocation Failure)  254882K->95701K(523264K), 0.0083864 secs]
26.917: [GC (Allocation Failure)  255338K->96165K(523264K), 0.0085869 secs]
27.170: [GC (Allocation Failure)  255802K->96621K(523264K), 0.0081300 secs]
27.422: [GC (Allocation Failure)  256258K->97077K(523264K), 0.0082513 secs]
27.674: [GC (Allocation Failure)  256714K->97533K(523264K), 0.0080236 secs]
27.926: [GC (Allocation Failure)  257170K->98029K(523264K), 0.0078449 secs]
28.180: [GC (Allocation Failure)  257667K->98453K(523264K), 0.0081241 secs]
28.432: [GC (Allocation Failure)  258091K->98909K(523264K), 0.0079505 secs]
28.683: [GC (Allocation Failure)  258547K->99373K(523264K), 0.0082691 secs]
28.934: [GC (Allocation Failure)  259011K->99821K(523264K), 0.0080543 secs]
29.185: [GC (Allocation Failure)  259459K->100285K(523264K), 0.0082802 secs]
29.436: [GC (Allocation Failure)  259923K->100781K(523264K), 0.0086928 secs]
29.689: [GC (Allocation Failure)  260419K->101245K(523264K), 0.0084349 secs]
29.944: [GC (Allocation Failure)  260883K->101669K(523264K), 0.0084437 secs]
30.196: [GC (Allocation Failure)  261307K->102165K(523264K), 0.0086939 secs]
30.451: [GC (Allocation Failure)  261803K->102629K(523264K), 0.0085811 secs]
30.703: [GC (Allocation Failure)  262267K->103053K(523264K), 0.0084671 secs]
30.955: [GC (Allocation Failure)  262691K->103541K(523264K), 0.0086398 secs]
31.208: [GC (Allocation Failure)  263179K->104005K(523264K), 0.0086056 secs]
31.460: [GC (Allocation Failure)  263643K->104469K(523264K), 0.0088378 secs]
31.712: [GC (Allocation Failure)  264107K->104925K(523264K), 0.0083548 secs]
31.966: [GC (Allocation Failure)  264563K->105389K(523264K), 0.0091009 secs]
32.218: [GC (Allocation Failure)  265027K->105845K(523264K), 0.0086942 secs]
32.471: [GC (Allocation Failure)  265483K->106309K(523264K), 0.0084454 secs]
32.723: [GC (Allocation Failure)  265947K->106733K(523264K), 0.0086907 secs]
32.976: [GC (Allocation Failure)  266371K->107237K(523264K), 0.0090000 secs]
33.229: [GC (Allocation Failure)  266875K->107701K(523264K), 0.0084144 secs]
33.481: [GC (Allocation Failure)  267339K->108173K(523264K), 0.0091693 secs]
33.733: [GC (Allocation Failure)  267811K->108605K(523264K), 0.0090415 secs]
33.985: [GC (Allocation Failure)  268243K->109037K(523264K), 0.0088606 secs]
34.239: [GC (Allocation Failure)  268675K->109573K(523264K), 0.0091249 secs]
34.492: [GC (Allocation Failure)  269211K->110045K(523264K), 0.0085822 secs]
34.743: [GC (Allocation Failure)  269683K->110477K(523264K), 0.0088024 secs]
34.995: [GC (Allocation Failure)  270115K->110909K(523264K), 0.0091868 secs]
35.247: [GC (Allocation Failure)  270547K->111405K(523264K), 0.0087781 secs]
35.499: [GC (Allocation Failure)  271043K->111869K(523264K), 0.0086966 secs]
35.752: [GC (Allocation Failure)  271507K->112301K(523264K), 0.0091295 secs]
36.005: [GC (Allocation Failure)  271939K->112797K(523264K), 0.0088261 secs]
36.256: [GC (Allocation Failure)  272435K->113317K(523264K), 0.0087656 secs]
36.510: [GC (Allocation Failure)  272955K->113661K(523264K), 0.0093140 secs]
36.766: [GC (Allocation Failure)  273299K->114125K(523264K), 0.0086442 secs]
37.018: [GC (Allocation Failure)  273763K->114645K(523264K), 0.0091254 secs]
37.232: [GC (Allocation Failure)  274283K->154028K(523264K), 0.0148997 secs]
37.474: [GC (Allocation Failure)  298639K->178473K(523264K), 0.0273743 secs]
37.747: [GC (Allocation Failure)  338107K->178929K(523264K), 0.0101241 secs]
38.002: [GC (Allocation Failure)  338564K->179417K(523264K), 0.0108956 secs]
38.258: [GC (Allocation Failure)  339052K->179849K(523264K), 0.0102282 secs]
38.511: [GC (Allocation Failure)  339485K->180305K(523264K), 0.0106307 secs]
38.767: [GC (Allocation Failure)  339941K->180801K(523264K), 0.0104700 secs]
39.020: [GC (Allocation Failure)  340437K->181273K(523264K), 0.0110541 secs]
39.274: [GC (Allocation Failure)  340910K->181729K(523264K), 0.0109026 secs]
39.529: [GC (Allocation Failure)  341366K->182201K(523264K), 0.0109000 secs]
39.783: [GC (Allocation Failure)  341838K->182673K(523264K), 0.0107582 secs]
40.037: [GC (Allocation Failure)  342310K->183137K(523264K), 0.0108994 secs]
40.293: [GC (Allocation Failure)  342774K->183585K(523264K), 0.0104396 secs]
40.546: [GC (Allocation Failure)  343222K->184049K(523264K), 0.0104875 secs]
40.800: [GC (Allocation Failure)  343686K->184505K(523264K), 0.0108149 secs]
41.055: [GC (Allocation Failure)  344142K->184977K(523264K), 0.0110041 secs]
41.309: [GC (Allocation Failure)  344614K->185433K(523264K), 0.0104267 secs]
41.564: [GC (Allocation Failure)  345070K->185897K(523264K), 0.0110652 secs]
41.819: [GC (Allocation Failure)  345534K->186361K(523264K), 0.0109102 secs]
42.072: [GC (Allocation Failure)  345998K->186825K(523264K), 0.0115145 secs]
42.328: [GC (Allocation Failure)  346462K->187281K(523264K), 0.0108602 secs]
42.582: [GC (Allocation Failure)  346918K->187737K(523264K), 0.0108120 secs]
42.836: [GC (Allocation Failure)  347374K->188209K(523264K), 0.0107670 secs]
43.089: [GC (Allocation Failure)  347846K->188625K(523264K), 0.0109067 secs]
43.345: [GC (Allocation Failure)  348262K->189153K(523264K), 0.0111736 secs]
43.600: [GC (Allocation Failure)  348790K->189577K(523264K), 0.0112739 secs]
43.854: [GC (Allocation Failure)  349214K->190041K(523264K), 0.0110465 secs]
44.108: [GC (Allocation Failure)  349678K->190521K(523264K), 0.0112055 secs]
44.363: [GC (Allocation Failure)  350158K->190985K(523264K), 0.0112266 secs]
44.618: [GC (Allocation Failure)  350622K->191441K(523264K), 0.0113543 secs]
44.874: [GC (Allocation Failure)  351078K->191897K(523264K), 0.0115622 secs]
45.129: [GC (Allocation Failure)  351534K->192353K(523264K), 0.0112403 secs]
45.384: [GC (Allocation Failure)  351990K->192817K(523264K), 0.0110599 secs]
45.639: [GC (Allocation Failure)  352454K->193281K(523264K), 0.0115680 secs]
45.896: [GC (Allocation Failure)  352918K->193745K(523264K), 0.0112564 secs]
46.153: [GC (Allocation Failure)  353382K->194169K(523264K), 0.0107790 secs]
46.409: [GC (Allocation Failure)  353806K->194665K(523264K), 0.0110760 secs]
46.664: [GC (Allocation Failure)  354302K->195129K(523264K), 0.0115791 secs]
46.918: [GC (Allocation Failure)  354766K->195593K(523264K), 0.0113496 secs]
47.172: [GC (Allocation Failure)  355230K->196081K(523264K), 0.0113961 secs]
47.427: [GC (Allocation Failure)  355718K->196505K(523264K), 0.0113046 secs]
47.682: [GC (Allocation Failure)  356142K->197001K(523264K), 0.0114718 secs]
47.937: [GC (Allocation Failure)  356638K->197465K(523264K), 0.0111763 secs]
48.192: [GC (Allocation Failure)  357102K->197897K(523264K), 0.0112926 secs]
48.448: [GC (Allocation Failure)  357534K->198393K(523264K), 0.0117297 secs]
48.703: [GC (Allocation Failure)  358030K->198865K(523264K), 0.0116092 secs]
48.958: [GC (Allocation Failure)  358502K->199297K(523264K), 0.0114394 secs]
49.217: [GC (Allocation Failure)  358934K->199801K(523264K), 0.0115142 secs]
49.472: [GC (Allocation Failure)  359438K->200273K(523264K), 0.0112894 secs]
49.728: [GC (Allocation Failure)  359910K->200729K(523264K), 0.0118548 secs]
49.985: [GC (Allocation Failure)  360366K->201185K(523264K), 0.0111207 secs]
50.238: [GC (Allocation Failure)  360822K->201657K(523264K), 0.0120352 secs]
50.494: [GC (Allocation Failure)  361294K->202121K(523264K), 0.0121679 secs]
50.749: [GC (Allocation Failure)  361758K->202593K(523264K), 0.0118139 secs]
51.005: [GC (Allocation Failure)  362230K->203049K(523264K), 0.0113923 secs]
51.259: [GC (Allocation Failure)  362686K->203505K(523264K), 0.0120776 secs]
51.514: [GC (Allocation Failure)  363142K->203969K(523264K), 0.0118057 secs]
51.769: [GC (Allocation Failure)  363606K->204425K(523264K), 0.0115429 secs]
52.023: [GC (Allocation Failure)  364062K->204889K(523264K), 0.0116551 secs]
52.280: [GC (Allocation Failure)  364526K->205289K(523264K), 0.0120916 secs]
52.536: [GC (Allocation Failure)  364926K->205809K(523264K), 0.0116981 secs]
52.791: [GC (Allocation Failure)  365446K->206297K(523264K), 0.0116853 secs]
53.051: [GC (Allocation Failure)  365934K->206697K(523264K), 0.0118212 secs]
53.307: [GC (Allocation Failure)  366334K->207153K(523264K), 0.0118449 secs]
53.564: [GC (Allocation Failure)  366790K->207649K(523264K), 0.0116437 secs]
53.820: [GC (Allocation Failure)  367286K->207985K(523264K), 0.0117475 secs]
54.074: [GC (Allocation Failure)  367622K->208609K(523264K), 0.0117145 secs]
54.330: [GC (Allocation Failure)  368246K->208913K(523264K), 0.0124816 secs]
54.587: [GC (Allocation Failure)  368550K->209545K(523264K), 0.0120308 secs]
54.843: [GC (Allocation Failure)  369182K->209969K(523264K), 0.0122071 secs]
55.098: [GC (Allocation Failure)  369606K->210345K(523264K), 0.0120440 secs]
55.357: [GC (Allocation Failure)  369982K->210833K(523264K), 0.0121820 secs]
55.612: [GC (Allocation Failure)  370470K->211329K(523264K), 0.0119937 secs]
55.868: [GC (Allocation Failure)  370966K->211825K(523264K), 0.0120688 secs]
56.123: [GC (Allocation Failure)  371462K->212201K(523264K), 0.0122018 secs]
56.325: [GC (Allocation Failure)  368830K->248720K(523264K), 0.0399360 secs]
56.608: [GC (Allocation Failure)  408356K->249040K(523264K), 0.0155645 secs]
56.868: [GC (Allocation Failure)  408676K->249464K(523264K), 0.0161825 secs]
57.126: [GC (Allocation Failure)  409100K->249960K(523264K), 0.0158746 secs]
57.387: [GC (Allocation Failure)  409596K->250424K(523264K), 0.0159992 secs]
57.646: [GC (Allocation Failure)  410061K->250856K(523264K), 0.0158056 secs]
57.906: [GC (Allocation Failure)  410493K->251344K(523264K), 0.0160910 secs]
58.172: [GC (Allocation Failure)  410981K->251768K(523264K), 0.0160471 secs]
58.436: [GC (Allocation Failure)  411405K->252264K(523264K), 0.0170531 secs]
58.698: [GC (Allocation Failure)  411901K->252736K(523264K), 0.0160398 secs]
58.959: [GC (Allocation Failure)  412373K->253240K(523264K), 0.0154218 secs]
59.219: [GC (Allocation Failure)  412877K->253632K(523264K), 0.0159781 secs]
59.479: [GC (Allocation Failure)  413269K->254176K(523264K), 0.0156615 secs]
59.738: [GC (Allocation Failure)  413813K->254600K(523264K), 0.0161901 secs]
59.997: [GC (Allocation Failure)  414237K->255088K(523264K), 0.0159957 secs]
60.256: [GC (Allocation Failure)  414725K->255488K(523264K), 0.0162719 secs]
60.515: [GC (Allocation Failure)  415125K->256016K(523264K), 0.0158618 secs]
60.776: [GC (Allocation Failure)  415653K->256456K(523264K), 0.0171689 secs]
61.037: [GC (Allocation Failure)  416093K->256928K(523264K), 0.0161892 secs]
61.302: [GC (Allocation Failure)  416565K->257424K(523264K), 0.0160989 secs]
61.564: [GC (Allocation Failure)  417061K->257848K(523264K), 0.0171467 secs]
61.826: [GC (Allocation Failure)  417485K->258328K(523264K), 0.0155642 secs]
62.087: [GC (Allocation Failure)  417965K->258768K(523264K), 0.0166947 secs]
62.348: [GC (Allocation Failure)  418405K->259256K(523264K), 0.0165769 secs]
62.611: [GC (Allocation Failure)  418893K->259680K(523264K), 0.0164035 secs]
62.872: [GC (Allocation Failure)  419317K->260128K(523264K), 0.0157805 secs]
63.144: [GC (Allocation Failure)  419765K->260560K(523264K), 0.0164000 secs]
63.413: [GC (Allocation Failure)  420197K->260992K(523264K), 0.0161644 secs]
63.676: [GC (Allocation Failure)  420629K->261440K(523264K), 0.0161442 secs]
63.939: [GC (Allocation Failure)  421077K->262032K(523264K), 0.0164956 secs]
64.201: [GC (Allocation Failure)  421669K->262480K(523264K), 0.0159077 secs]
64.462: [GC (Allocation Failure)  422117K->262944K(523264K), 0.0167222 secs]
64.722: [GC (Allocation Failure)  422581K->263368K(523264K), 0.0166295 secs]
64.982: [GC (Allocation Failure)  423005K->263808K(523264K), 0.0167114 secs]
65.241: [GC (Allocation Failure)  423445K->264312K(523264K), 0.0165897 secs]
65.503: [GC (Allocation Failure)  423949K->264832K(523264K), 0.0161220 secs]
65.763: [GC (Allocation Failure)  424469K->265232K(523264K), 0.0167058 secs]
66.023: [GC (Allocation Failure)  424869K->265760K(523264K), 0.0166526 secs]
66.283: [GC (Allocation Failure)  425397K->266152K(523264K), 0.0164357 secs]
66.545: [GC (Allocation Failure)  425789K->266616K(523264K), 0.0167146 secs]
66.806: [GC (Allocation Failure)  426253K->267080K(523264K), 0.0162863 secs]
67.067: [GC (Allocation Failure)  426717K->267568K(523264K), 0.0162670 secs]
67.330: [GC (Allocation Failure)  427205K->268024K(523264K), 0.0159647 secs]
67.588: [GC (Allocation Failure)  427661K->268488K(523264K), 0.0172320 secs]
67.849: [GC (Allocation Failure)  428125K->268920K(523264K), 0.0161582 secs]
68.114: [GC (Allocation Failure)  428557K->269392K(523264K), 0.0171502 secs]
68.375: [GC (Allocation Failure)  429029K->269856K(523264K), 0.0166690 secs]
68.635: [GC (Allocation Failure)  429493K->270344K(523264K), 0.0163629 secs]
68.896: [GC (Allocation Failure)  429981K->270808K(523264K), 0.0164716 secs]
69.156: [GC (Allocation Failure)  430445K->271240K(523264K), 0.0172876 secs]
69.417: [GC (Allocation Failure)  430877K->271728K(523264K), 0.0165681 secs]
69.676: [GC (Allocation Failure)  431365K->272208K(523264K), 0.0163629 secs]
69.938: [GC (Allocation Failure)  431845K->272640K(523264K), 0.0169867 secs]
70.199: [GC (Allocation Failure)  432277K->272960K(523264K), 0.0152543 secs]
70.459: [GC (Allocation Failure)  432597K->273592K(523264K), 0.0161237 secs]
70.719: [GC (Allocation Failure)  433229K->274048K(523264K), 0.0161442 secs]
70.979: [GC (Allocation Failure)  433685K->274448K(523264K), 0.0165000 secs]
71.240: [GC (Allocation Failure)  434085K->274968K(523264K), 0.0172405 secs]
71.501: [GC (Allocation Failure)  434605K->275400K(523264K), 0.0165044 secs]
71.760: [GC (Allocation Failure)  435037K->275936K(523264K), 0.0161913 secs]
72.022: [GC (Allocation Failure)  435573K->276336K(523264K), 0.0171356 secs]
72.284: [GC (Allocation Failure)  435973K->276728K(523264K), 0.0168707 secs]
72.551: [GC (Allocation Failure)  436365K->277248K(523264K), 0.0164631 secs]
72.817: [GC (Allocation Failure)  436885K->277744K(523264K), 0.0171733 secs]
73.076: [GC (Allocation Failure)  437381K->278176K(523264K), 0.0166938 secs]
73.338: [GC (Allocation Failure)  437813K->278640K(523264K), 0.0174425 secs]
73.596: [GC (Allocation Failure)  438277K->279104K(523264K), 0.0165245 secs]
73.856: [GC (Allocation Failure)  438741K->279600K(523264K), 0.0174340 secs]
74.116: [GC (Allocation Failure)  439237K->280056K(523264K), 0.0170756 secs]
74.376: [GC (Allocation Failure)  439693K->280512K(523264K), 0.0169894 secs]
74.636: [GC (Allocation Failure)  440149K->280912K(523264K), 0.0168493 secs]
74.896: [GC (Allocation Failure)  440549K->281336K(523264K), 0.0169563 secs]
75.158: [GC (Allocation Failure)  440973K->281768K(523264K), 0.0169178 secs]
75.419: [GC (Allocation Failure)  441405K->282288K(523264K), 0.0173642 secs]
75.681: [GC (Allocation Failure)  441925K->282784K(523264K), 0.0168713 secs]
75.943: [GC (Allocation Failure)  442421K->283272K(523264K), 0.0181179 secs]
76.206: [GC (Allocation Failure)  442909K->283704K(523264K), 0.0173124 secs]
76.469: [GC (Allocation Failure)  443341K->284192K(523264K), 0.0178223 secs]
76.731: [GC (Allocation Failure)  443829K->284616K(523264K), 0.0173762 secs]
76.992: [GC (Allocation Failure)  444253K->284976K(523264K), 0.0164248 secs]
77.251: [GC (Allocation Failure)  444613K->285400K(523264K), 0.0175258 secs]
77.512: [GC (Allocation Failure)  445037K->286024K(523264K), 0.0172955 secs]
77.774: [GC (Allocation Failure)  445661K->286472K(523264K), 0.0164947 secs]
78.035: [GC (Allocation Failure)  446109K->286928K(523264K), 0.0171367 secs]
78.295: [GC (Allocation Failure)  446565K->287328K(523264K), 0.0170315 secs]
78.555: [GC (Allocation Failure)  446965K->287792K(523264K), 0.0168452 secs]
78.815: [GC (Allocation Failure)  447429K->288376K(523264K), 0.0173250 secs]
79.078: [GC (Allocation Failure)  448013K->288648K(523264K), 0.0171882 secs]
79.340: [GC (Allocation Failure)  448285K->289112K(523264K), 0.0167257 secs]
79.600: [GC (Allocation Failure)  448749K->289664K(523264K), 0.0177618 secs]
79.861: [GC (Allocation Failure)  449301K->290088K(523264K), 0.0175177 secs]
80.123: [GC (Allocation Failure)  449725K->290616K(523264K), 0.0183953 secs]
80.384: [GC (Allocation Failure)  450253K->290944K(523264K), 0.0165894 secs]
80.644: [GC (Allocation Failure)  450581K->291400K(523264K), 0.0175864 secs]
80.907: [GC (Allocation Failure)  451037K->291864K(523264K), 0.0166394 secs]
81.167: [GC (Allocation Failure)  451501K->292336K(523264K), 0.0175621 secs]
81.430: [GC (Allocation Failure)  451973K->292800K(523264K), 0.0167067 secs]
81.690: [GC (Allocation Failure)  452437K->293296K(523264K), 0.0177229 secs]
81.951: [GC (Allocation Failure)  452933K->293776K(523264K), 0.0169561 secs]
82.217: [GC (Allocation Failure)  453413K->294176K(523264K), 0.0177954 secs]
82.479: [GC (Allocation Failure)  453813K->294632K(523264K), 0.0166666 secs]
82.739: [GC (Allocation Failure)  454269K->295128K(523264K), 0.0176817 secs]
83.001: [GC (Allocation Failure)  454765K->295560K(523264K), 0.0170838 secs]
83.262: [GC (Allocation Failure)  455197K->296064K(523264K), 0.0177662 secs]
83.525: [GC (Allocation Failure)  455701K->296632K(523264K), 0.0181094 secs]
83.788: [GC (Allocation Failure)  456269K->297008K(523264K), 0.0177515 secs]
84.049: [GC (Allocation Failure)  456645K->297440K(523264K), 0.0174624 secs]
84.310: [GC (Allocation Failure)  457077K->297936K(523264K), 0.0177097 secs]
84.572: [GC (Allocation Failure)  457573K->298352K(523264K), 0.0175060 secs]
84.833: [GC (Allocation Failure)  457989K->298856K(523264K), 0.0172154 secs]
85.093: [GC (Allocation Failure)  458493K->299320K(523264K), 0.0182313 secs]
85.243: [GC (Allocation Failure) -- 434914K->435370K(523264K), 0.0157750 secs]
85.259: [Full GC (Ergonomics)  435370K->198731K(523264K), 2.4722119 secs]
87.975: [GC (Allocation Failure)  358364K->199307K(523264K), 0.0145100 secs]
88.234: [GC (Allocation Failure)  358938K->199667K(523264K), 0.0152090 secs]
88.493: [GC (Allocation Failure)  359301K->200155K(523264K), 0.0151107 secs]
88.752: [GC (Allocation Failure)  359790K->200675K(523264K), 0.0150064 secs]
89.010: [GC (Allocation Failure)  360311K->201075K(523264K), 0.0152569 secs]
89.268: [GC (Allocation Failure)  360711K->201547K(523264K), 0.0155133 secs]
89.527: [GC (Allocation Failure)  361184K->201947K(523264K), 0.0152993 secs]
89.785: [GC (Allocation Failure)  361584K->202435K(523264K), 0.0152628 secs]
90.044: [GC (Allocation Failure)  362072K->202859K(523264K), 0.0151715 secs]
90.302: [GC (Allocation Failure)  362496K->203355K(523264K), 0.0149941 secs]
90.564: [GC (Allocation Failure)  362992K->203819K(523264K), 0.0152309 secs]
90.822: [GC (Allocation Failure)  363456K->204355K(523264K), 0.0155952 secs]
91.081: [GC (Allocation Failure)  363992K->204779K(523264K), 0.0151596 secs]
91.340: [GC (Allocation Failure)  364416K->205243K(523264K), 0.0153543 secs]
91.599: [GC (Allocation Failure)  364880K->205643K(523264K), 0.0151598 secs]
91.857: [GC (Allocation Failure)  365280K->206179K(523264K), 0.0153727 secs]
92.115: [GC (Allocation Failure)  365816K->206603K(523264K), 0.0153367 secs]
92.375: [GC (Allocation Failure)  366240K->207163K(523264K), 0.0151195 secs]
92.657: [GC (Allocation Failure)  366800K->207531K(523264K), 0.0179071 secs]
92.928: [GC (Allocation Failure)  367168K->208019K(523264K), 0.0162784 secs]
93.188: [GC (Allocation Failure)  367656K->208507K(523264K), 0.0154940 secs]
93.447: [GC (Allocation Failure)  368144K->208867K(523264K), 0.0153581 secs]
93.705: [GC (Allocation Failure)  368504K->209331K(523264K), 0.0157194 secs]
93.965: [GC (Allocation Failure)  368968K->209787K(523264K), 0.0150210 secs]
94.224: [GC (Allocation Failure)  369424K->210371K(523264K), 0.0149149 secs]
94.482: [GC (Allocation Failure)  370008K->210763K(523264K), 0.0147327 secs]
94.740: [GC (Allocation Failure)  370400K->211227K(523264K), 0.0152592 secs]
94.999: [GC (Allocation Failure)  370864K->211659K(523264K), 0.0150952 secs]
95.258: [GC (Allocation Failure)  371296K->212155K(523264K), 0.0153250 secs]
95.517: [GC (Allocation Failure)  371792K->212547K(523264K), 0.0157942 secs]
95.776: [GC (Allocation Failure)  372184K->213083K(523264K), 0.0156604 secs]
96.036: [GC (Allocation Failure)  372720K->213515K(523264K), 0.0150148 secs]
96.294: [GC (Allocation Failure)  373152K->213987K(523264K), 0.0147912 secs]
96.552: [GC (Allocation Failure)  373624K->214451K(523264K), 0.0152031 secs]
96.811: [GC (Allocation Failure)  374088K->214947K(523264K), 0.0154423 secs]
97.069: [GC (Allocation Failure)  374584K->215411K(523264K), 0.0151502 secs]
97.332: [GC (Allocation Failure)  375048K->215843K(523264K), 0.0153727 secs]
97.591: [GC (Allocation Failure)  375480K->216347K(523264K), 0.0151639 secs]
97.853: [GC (Allocation Failure)  375984K->216803K(523264K), 0.0156984 secs]
98.111: [GC (Allocation Failure)  376440K->217235K(523264K), 0.0153350 secs]
98.370: [GC (Allocation Failure)  376872K->217723K(523264K), 0.0152777 secs]
98.629: [GC (Allocation Failure)  377360K->218163K(523264K), 0.0155890 secs]
98.888: [GC (Allocation Failure)  377800K->218691K(523264K), 0.0149420 secs]
99.146: [GC (Allocation Failure)  378328K->219139K(523264K), 0.0154440 secs]
99.405: [GC (Allocation Failure)  378776K->219603K(523264K), 0.0154826 secs]
99.664: [GC (Allocation Failure)  379240K->220003K(523264K), 0.0153560 secs]
99.923: [GC (Allocation Failure)  379640K->220491K(523264K), 0.0152566 secs]
100.182: [GC (Allocation Failure)  380128K->220915K(523264K), 0.0154271 secs]
100.442: [GC (Allocation Failure)  380552K->221379K(523264K), 0.0155481 secs]
100.703: [GC (Allocation Failure)  381016K->221835K(523264K), 0.0156083 secs]
100.963: [GC (Allocation Failure)  381472K->222291K(523264K), 0.0156112 secs]
101.223: [GC (Allocation Failure)  381928K->222755K(523264K), 0.0152902 secs]
101.485: [GC (Allocation Failure)  382392K->223243K(523264K), 0.0151104 secs]
101.743: [GC (Allocation Failure)  382880K->223683K(523264K), 0.0155706 secs]
102.003: [GC (Allocation Failure)  383320K->224243K(523264K), 0.0152926 secs]
102.262: [GC (Allocation Failure)  383880K->224643K(523264K), 0.0152476 secs]
102.523: [GC (Allocation Failure)  384280K->225163K(523264K), 0.0152695 secs]
102.782: [GC (Allocation Failure)  384800K->225563K(523264K), 0.0154423 secs]
103.041: [GC (Allocation Failure)  385200K->226083K(523264K), 0.0154045 secs]
103.301: [GC (Allocation Failure)  385720K->226507K(523264K), 0.0149812 secs]
103.560: [GC (Allocation Failure)  386144K->226971K(523264K), 0.0150970 secs]
103.818: [GC (Allocation Failure)  386608K->227403K(523264K), 0.0150675 secs]
104.075: [GC (Allocation Failure)  387040K->227867K(523264K), 0.0151002 secs]
104.333: [GC (Allocation Failure)  387504K->228395K(523264K), 0.0149280 secs]
104.592: [GC (Allocation Failure)  388032K->228859K(523264K), 0.0152227 secs]
104.850: [GC (Allocation Failure)  388496K->229355K(523264K), 0.0150499 secs]
105.108: [GC (Allocation Failure)  388992K->229819K(523264K), 0.0153215 secs]
105.368: [GC (Allocation Failure)  389456K->230275K(523264K), 0.0155653 secs]
105.629: [GC (Allocation Failure)  389912K->230715K(523264K), 0.0150113 secs]
105.887: [GC (Allocation Failure)  390352K->231179K(523264K), 0.0154969 secs]
106.146: [GC (Allocation Failure)  390816K->231691K(523264K), 0.0153537 secs]
106.409: [GC (Allocation Failure)  391328K->232115K(523264K), 0.0163243 secs]
106.669: [GC (Allocation Failure)  391752K->232603K(523264K), 0.0152324 secs]
106.928: [GC (Allocation Failure)  392240K->233035K(523264K), 0.0152429 secs]
107.187: [GC (Allocation Failure)  392672K->233523K(523264K), 0.0152189 secs]
107.446: [GC (Allocation Failure)  393160K->233891K(523264K), 0.0151242 secs]
107.704: [GC (Allocation Failure)  393528K->234443K(523264K), 0.0151987 secs]
107.964: [GC (Allocation Failure)  394080K->234907K(523264K), 0.0154917 secs]
108.224: [GC (Allocation Failure)  394544K->235219K(523264K), 0.0159808 secs]
108.483: [GC (Allocation Failure)  394856K->235803K(523264K), 0.0156510 secs]
108.743: [GC (Allocation Failure)  395440K->236251K(523264K), 0.0155516 secs]
109.002: [GC (Allocation Failure)  395888K->236555K(523264K), 0.0157063 secs]
109.264: [GC (Allocation Failure)  396192K->237139K(523264K), 0.0154396 secs]
109.524: [GC (Allocation Failure)  396776K->237635K(523264K), 0.0157498 secs]
109.783: [GC (Allocation Failure)  397272K->238131K(523264K), 0.0153122 secs]
110.044: [GC (Allocation Failure)  397768K->238523K(523264K), 0.0163293 secs]
110.305: [GC (Allocation Failure)  398160K->238891K(523264K), 0.0160775 secs]
110.565: [GC (Allocation Failure)  398528K->239435K(523264K), 0.0156375 secs]
110.824: [GC (Allocation Failure)  399072K->239835K(523264K), 0.0159597 secs]
111.084: [GC (Allocation Failure)  399472K->240299K(523264K), 0.0160153 secs]
111.343: [GC (Allocation Failure)  399936K->240723K(523264K), 0.0160860 secs]
111.605: [GC (Allocation Failure)  400360K->241219K(523264K), 0.0158404 secs]
111.864: [GC (Allocation Failure)  400856K->241691K(523264K), 0.0155037 secs]
112.123: [GC (Allocation Failure)  401328K->242243K(523264K), 0.0161845 secs]
112.384: [GC (Allocation Failure)  401880K->242579K(523264K), 0.0159200 secs]
112.645: [GC (Allocation Failure)  402216K->243139K(523264K), 0.0156969 secs]
112.905: [GC (Allocation Failure)  402776K->243523K(523264K), 0.0154876 secs]
113.166: [GC (Allocation Failure)  403160K->244107K(523264K), 0.0161734 secs]
113.426: [GC (Allocation Failure)  403744K->244387K(523264K), 0.0156487 secs]
113.685: [GC (Allocation Failure)  404024K->245011K(523264K), 0.0164319 secs]
113.945: [GC (Allocation Failure)  404648K->245339K(523264K), 0.0159729 secs]
114.205: [GC (Allocation Failure)  404976K->245811K(523264K), 0.0159039 secs]
114.464: [GC (Allocation Failure)  405448K->246251K(523264K), 0.0158980 secs]
114.722: [GC (Allocation Failure)  405888K->246715K(523264K), 0.0161936 secs]
114.982: [GC (Allocation Failure)  406352K->247331K(523264K), 0.0157387 secs]
115.242: [GC (Allocation Failure)  406968K->247731K(523264K), 0.0158603 secs]
115.502: [GC (Allocation Failure)  407368K->248155K(523264K), 0.0157399 secs]
115.761: [GC (Allocation Failure)  407792K->248587K(523264K), 0.0157329 secs]
116.021: [GC (Allocation Failure)  408224K->249067K(523264K), 0.0158214 secs]
116.283: [GC (Allocation Failure)  408704K->249555K(523264K), 0.0159086 secs]
116.544: [GC (Allocation Failure)  409192K->249979K(523264K), 0.0156820 secs]
116.804: [GC (Allocation Failure)  409616K->250531K(523264K), 0.0161971 secs]
117.063: [GC (Allocation Failure)  410168K->250891K(523264K), 0.0165970 secs]
117.323: [GC (Allocation Failure)  410528K->251411K(523264K), 0.0162681 secs]
117.586: [GC (Allocation Failure)  411048K->251867K(523264K), 0.0157598 secs]
117.846: [GC (Allocation Failure)  411504K->252259K(523264K), 0.0154595 secs]
118.106: [GC (Allocation Failure)  411896K->252867K(523264K), 0.0153241 secs]
118.366: [GC (Allocation Failure)  412504K->253235K(523264K), 0.0157872 secs]
118.627: [GC (Allocation Failure)  412872K->253699K(523264K), 0.0160764 secs]
118.889: [GC (Allocation Failure)  413336K->254163K(523264K), 0.0160837 secs]
119.148: [GC (Allocation Failure)  413800K->254539K(523264K), 0.0158907 secs]
119.407: [GC (Allocation Failure)  414176K->255035K(523264K), 0.0162892 secs]
119.666: [GC (Allocation Failure)  414672K->255659K(523264K), 0.0160442 secs]
119.926: [GC (Allocation Failure)  415296K->256123K(523264K), 0.0160682 secs]
120.186: [GC (Allocation Failure)  415760K->256427K(523264K), 0.0159945 secs]
120.446: [GC (Allocation Failure)  416064K->256883K(523264K), 0.0157507 secs]
120.704: [GC (Allocation Failure)  416520K->257379K(523264K), 0.0162965 secs]
120.964: [GC (Allocation Failure)  417016K->257875K(523264K), 0.0162945 secs]
121.224: [GC (Allocation Failure)  417512K->258267K(523264K), 0.0159811 secs]
121.484: [GC (Allocation Failure)  417904K->258723K(523264K), 0.0160293 secs]
121.743: [GC (Allocation Failure)  418360K->259219K(523264K), 0.0157887 secs]
122.002: [GC (Allocation Failure)  418856K->259611K(523264K), 0.0154086 secs]
122.261: [GC (Allocation Failure)  419248K->260267K(523264K), 0.0164865 secs]
122.522: [GC (Allocation Failure)  419904K->260667K(523264K), 0.0169827 secs]
122.784: [GC (Allocation Failure)  420304K->261115K(523264K), 0.0165336 secs]
123.045: [GC (Allocation Failure)  420752K->261611K(523264K), 0.0174098 secs]
123.305: [GC (Allocation Failure)  421248K->262003K(523264K), 0.0158855 secs]
123.565: [GC (Allocation Failure)  421640K->262491K(523264K), 0.0160425 secs]
123.824: [GC (Allocation Failure)  422128K->262851K(523264K), 0.0157039 secs]
124.083: [GC (Allocation Failure)  422488K->263515K(523264K), 0.0160439 secs]
124.344: [GC (Allocation Failure)  423152K->263851K(523264K), 0.0159255 secs]
124.604: [GC (Allocation Failure)  423488K->264315K(523264K), 0.0158249 secs]
124.863: [GC (Allocation Failure)  423952K->264835K(523264K), 0.0162892 secs]
125.123: [GC (Allocation Failure)  424472K->265195K(523264K), 0.0159854 secs]
125.382: [GC (Allocation Failure)  424832K->265659K(523264K), 0.0162988 secs]
125.643: [GC (Allocation Failure)  425296K->266251K(523264K), 0.0157086 secs]
125.903: [GC (Allocation Failure)  425888K->266587K(523264K), 0.0163369 secs]
126.163: [GC (Allocation Failure)  426224K->267139K(523264K), 0.0162375 secs]
126.423: [GC (Allocation Failure)  426776K->267547K(523264K), 0.0164976 secs]
126.682: [GC (Allocation Failure)  427184K->268067K(523264K), 0.0160156 secs]
126.940: [GC (Allocation Failure)  427704K->268371K(523264K), 0.0158407 secs]
127.199: [GC (Allocation Failure)  428008K->268979K(523264K), 0.0167409 secs]
127.462: [GC (Allocation Failure)  428616K->269451K(523264K), 0.0161734 secs]
127.724: [GC (Allocation Failure)  429088K->269883K(523264K), 0.0169102 secs]
127.985: [GC (Allocation Failure)  429520K->270275K(523264K), 0.0162986 secs]
128.248: [GC (Allocation Failure)  429912K->270763K(523264K), 0.0160249 secs]
128.507: [GC (Allocation Failure)  430400K->271235K(523264K), 0.0167456 secs]
128.767: [GC (Allocation Failure)  430872K->271667K(523264K), 0.0159442 secs]
129.027: [GC (Allocation Failure)  431304K->272131K(523264K), 0.0164436 secs]
129.290: [GC (Allocation Failure)  431768K->272587K(523264K), 0.0162281 secs]
129.550: [GC (Allocation Failure)  432224K->273043K(523264K), 0.0167996 secs]
129.815: [GC (Allocation Failure)  432680K->273595K(523264K), 0.0161190 secs]
130.075: [GC (Allocation Failure)  433232K->274051K(523264K), 0.0161895 secs]
130.336: [GC (Allocation Failure)  433688K->274539K(523264K), 0.0159129 secs]
130.596: [GC (Allocation Failure)  434176K->274843K(523264K), 0.0175098 secs]
130.857: [GC (Allocation Failure)  434480K->275331K(523264K), 0.0161693 secs]
130.998: [GC (Allocation Failure)  395906K->314722K(523264K), 0.0160442 secs]
131.208: [GC (Allocation Failure) -- 477350K->477590K(523264K), 0.0201883 secs]
131.228: [Full GC (Ergonomics)  477590K->298160K(523264K), 2.0670416 secs]
133.540: [GC (Allocation Failure)  457792K->298672K(523264K), 0.0191905 secs]
133.802: [GC (Allocation Failure)  458302K->299192K(523264K), 0.0201991 secs]
134.068: [GC (Allocation Failure)  458825K->299552K(523264K), 0.0194934 secs]
134.330: [GC (Allocation Failure)  459187K->300056K(523264K), 0.0189180 secs]
134.592: [GC (Allocation Failure)  459692K->300520K(523264K), 0.0205803 secs]
134.856: [GC (Allocation Failure)  460156K->300992K(523264K), 0.0207382 secs]
135.120: [GC (Allocation Failure)  460629K->301416K(523264K), 0.0200354 secs]
135.383: [GC (Allocation Failure)  461053K->301944K(523264K), 0.0212749 secs]
135.650: [GC (Allocation Failure)  461581K->302336K(523264K), 0.0210528 secs]
135.915: [GC (Allocation Failure)  461973K->302912K(523264K), 0.0200865 secs]
136.180: [GC (Allocation Failure)  462549K->303240K(523264K), 0.0189008 secs]
136.443: [GC (Allocation Failure)  462877K->303696K(523264K), 0.0191440 secs]
136.705: [GC (Allocation Failure)  463333K->304112K(523264K), 0.0207440 secs]
136.970: [GC (Allocation Failure)  463749K->304672K(523264K), 0.0191282 secs]
137.232: [GC (Allocation Failure)  464309K->305104K(523264K), 0.0207253 secs]
137.497: [GC (Allocation Failure)  464741K->305568K(523264K), 0.0195653 secs]
137.760: [GC (Allocation Failure)  465205K->306056K(523264K), 0.0216532 secs]
138.025: [GC (Allocation Failure)  465693K->306424K(523264K), 0.0219906 secs]
138.289: [GC (Allocation Failure)  466061K->306944K(523264K), 0.0194434 secs]
138.552: [GC (Allocation Failure)  466581K->307416K(523264K), 0.0211206 secs]
138.816: [GC (Allocation Failure)  467053K->307880K(523264K), 0.0186607 secs]
139.078: [GC (Allocation Failure)  467517K->308312K(523264K), 0.0212940 secs]
139.344: [GC (Allocation Failure)  467949K->308832K(523264K), 0.0192639 secs]
139.608: [GC (Allocation Failure)  468469K->309312K(523264K), 0.0198883 secs]
139.876: [GC (Allocation Failure)  468949K->309720K(523264K), 0.0207163 secs]
140.143: [GC (Allocation Failure)  469357K->310184K(523264K), 0.0189627 secs]
140.405: [GC (Allocation Failure)  469821K->310648K(523264K), 0.0213132 secs]
140.671: [GC (Allocation Failure)  470285K->311032K(523264K), 0.0206862 secs]
140.937: [GC (Allocation Failure)  470669K->311592K(523264K), 0.0186681 secs]
141.198: [GC (Allocation Failure)  471229K->312016K(523264K), 0.0188552 secs]
141.460: [GC (Allocation Failure)  471653K->312480K(523264K), 0.0206935 secs]
141.727: [GC (Allocation Failure)  472117K->312880K(523264K), 0.0213010 secs]
141.992: [GC (Allocation Failure)  472517K->313400K(523264K), 0.0196457 secs]
142.255: [GC (Allocation Failure)  473037K->313824K(523264K), 0.0207148 secs]
142.523: [GC (Allocation Failure)  473461K->314312K(523264K), 0.0203619 secs]
142.788: [GC (Allocation Failure)  473949K->314768K(523264K), 0.0215053 secs]
143.055: [GC (Allocation Failure)  474405K->315320K(523264K), 0.0212241 secs]
143.322: [GC (Allocation Failure)  474957K->315784K(523264K), 0.0206373 secs]
143.588: [GC (Allocation Failure)  475421K->316112K(523264K), 0.0207499 secs]
143.853: [GC (Allocation Failure)  475749K->316568K(523264K), 0.0185710 secs]
144.115: [GC (Allocation Failure)  476205K->317064K(523264K), 0.0210148 secs]
144.379: [GC (Allocation Failure)  476701K->317584K(523264K), 0.0206300 secs]
144.644: [GC (Allocation Failure)  477221K->318016K(523264K), 0.0205318 secs]
144.910: [GC (Allocation Failure)  477653K->318504K(523264K), 0.0216114 secs]
145.175: [GC (Allocation Failure)  478141K->318824K(523264K), 0.0206607 secs]
145.442: [GC (Allocation Failure)  478461K->319288K(523264K), 0.0210615 secs]
145.707: [GC (Allocation Failure)  478925K->319784K(523264K), 0.0207192 secs]
145.971: [GC (Allocation Failure)  479421K->320240K(523264K), 0.0208189 secs]
146.237: [GC (Allocation Failure)  479877K->320664K(523264K), 0.0210092 secs]
146.501: [GC (Allocation Failure)  480301K->321224K(523264K), 0.0217909 secs]
146.767: [GC (Allocation Failure)  480861K->321624K(523264K), 0.0203327 secs]
147.032: [GC (Allocation Failure)  481261K->322120K(523264K), 0.0211399 secs]
147.296: [GC (Allocation Failure)  481757K->322544K(523264K), 0.0208022 secs]
147.561: [GC (Allocation Failure)  482181K->323040K(523264K), 0.0207174 secs]
147.829: [GC (Allocation Failure)  482677K->323568K(523264K), 0.0207625 secs]
148.092: [GC (Allocation Failure)  483205K->323896K(523264K), 0.0207566 secs]
148.358: [GC (Allocation Failure)  483533K->324384K(523264K), 0.0206859 secs]
148.623: [GC (Allocation Failure)  484021K->324808K(523264K), 0.0202321 secs]
148.890: [GC (Allocation Failure)  484445K->325264K(523264K), 0.0199331 secs]
149.155: [GC (Allocation Failure)  484901K->325792K(523264K), 0.0214299 secs]
149.421: [GC (Allocation Failure)  485429K->326256K(523264K), 0.0214685 secs]
149.686: [GC (Allocation Failure)  485893K->326784K(523264K), 0.0210519 secs]
149.952: [GC (Allocation Failure)  486421K->327176K(523264K), 0.0192946 secs]
150.215: [GC (Allocation Failure)  486813K->327648K(523264K), 0.0206411 secs]
150.479: [GC (Allocation Failure)  487285K->328208K(523264K), 0.0218178 secs]
150.747: [GC (Allocation Failure)  487845K->328640K(523264K), 0.0212536 secs]
151.012: [GC (Allocation Failure)  488277K->329032K(523264K), 0.0204897 secs]
151.276: [GC (Allocation Failure)  488669K->329464K(523264K), 0.0208160 secs]
151.542: [GC (Allocation Failure)  489101K->329952K(523264K), 0.0208341 secs]
151.806: [GC (Allocation Failure)  489589K->330376K(523264K), 0.0211469 secs]
152.073: [GC (Allocation Failure)  490013K->330872K(523264K), 0.0209466 secs]
152.337: [GC (Allocation Failure)  490509K->331336K(523264K), 0.0210516 secs]
152.601: [GC (Allocation Failure)  490973K->331760K(523264K), 0.0209911 secs]
152.867: [GC (Allocation Failure)  491397K->332224K(523264K), 0.0207405 secs]
153.132: [GC (Allocation Failure)  491861K->332688K(523264K), 0.0211022 secs]
153.397: [GC (Allocation Failure)  492325K->333152K(523264K), 0.0205835 secs]
153.661: [GC (Allocation Failure)  492789K->333624K(523264K), 0.0217772 secs]
153.927: [GC (Allocation Failure)  493261K->334112K(523264K), 0.0205160 secs]
154.192: [GC (Allocation Failure)  493749K->334512K(523264K), 0.0203251 secs]
154.457: [GC (Allocation Failure)  494149K->335040K(523264K), 0.0208458 secs]
154.720: [GC (Allocation Failure)  494677K->335464K(523264K), 0.0206873 secs]
154.985: [GC (Allocation Failure)  495101K->335960K(523264K), 0.0207171 secs]
155.249: [GC (Allocation Failure)  495597K->336392K(523264K), 0.0204382 secs]
155.513: [GC (Allocation Failure)  496029K->336856K(523264K), 0.0206663 secs]
155.777: [GC (Allocation Failure)  496493K->337360K(523264K), 0.0209569 secs]
156.042: [GC (Allocation Failure)  496997K->337848K(523264K), 0.0194478 secs]
156.306: [GC (Allocation Failure)  497485K->338344K(523264K), 0.0203301 secs]
156.570: [GC (Allocation Failure)  497981K->338752K(523264K), 0.0212194 secs]
156.835: [GC (Allocation Failure)  498389K->339280K(523264K), 0.0201985 secs]
157.099: [GC (Allocation Failure)  498917K->339728K(523264K), 0.0212597 secs]
157.365: [GC (Allocation Failure)  499365K->340168K(523264K), 0.0214922 secs]
157.633: [GC (Allocation Failure)  499805K->340720K(523264K), 0.0222651 secs]
157.901: [GC (Allocation Failure)  500357K->341064K(523264K), 0.0200500 secs]
158.163: [GC (Allocation Failure)  500701K->341528K(523264K), 0.0205409 secs]
158.427: [GC (Allocation Failure)  501165K->341984K(523264K), 0.0204195 secs]
158.692: [GC (Allocation Failure)  501621K->342408K(523264K), 0.0205853 secs]
158.957: [GC (Allocation Failure)  502045K->342928K(523264K), 0.0206253 secs]
159.221: [GC (Allocation Failure)  502565K->343400K(523264K), 0.0205441 secs]
159.485: [GC (Allocation Failure)  503037K->343856K(523264K), 0.0208502 secs]
159.750: [GC (Allocation Failure)  503493K->344248K(523264K), 0.0210455 secs]
160.014: [GC (Allocation Failure)  503885K->344808K(523264K), 0.0210025 secs]
160.278: [GC (Allocation Failure)  504445K->345176K(523264K), 0.0226119 secs]
160.546: [GC (Allocation Failure)  504813K->345672K(523264K), 0.0224058 secs]
160.811: [GC (Allocation Failure)  505309K->346160K(523264K), 0.0216068 secs]
161.078: [GC (Allocation Failure)  505797K->346552K(523264K), 0.0200132 secs]
161.343: [GC (Allocation Failure)  506189K->347072K(523264K), 0.0202242 secs]
161.607: [GC (Allocation Failure)  506709K->347456K(523264K), 0.0214887 secs]
161.872: [GC (Allocation Failure)  507093K->347992K(523264K), 0.0209788 secs]
162.136: [GC (Allocation Failure)  507629K->348456K(523264K), 0.0206066 secs]
162.401: [GC (Allocation Failure)  508093K->348920K(523264K), 0.0209604 secs]
162.665: [GC (Allocation Failure)  508557K->349344K(523264K), 0.0211288 secs]
162.931: [GC (Allocation Failure)  508981K->349784K(523264K), 0.0215533 secs]
162.953: [Full GC (Ergonomics)  349784K->346555K(523264K), 2.4833657 secs]
165.681: [GC (Allocation Failure)  506192K->347099K(523264K), 0.0206332 secs]
165.945: [GC (Allocation Failure)  506732K->347531K(523264K), 0.0207426 secs]
166.209: [GC (Allocation Failure)  507166K->347963K(523264K), 0.0213852 secs]
166.475: [GC (Allocation Failure)  507598K->348451K(523264K), 0.0209154 secs]
166.740: [GC (Allocation Failure)  508087K->348843K(523264K), 0.0211674 secs]
167.004: [GC (Allocation Failure)  508479K->349307K(523264K), 0.0213194 secs]
167.269: [GC (Allocation Failure)  508943K->349915K(523264K), 0.0211033 secs]
167.290: [Full GC (Ergonomics)  349915K->349584K(523264K), 1.5332100 secs]
169.068: [Full GC (Ergonomics)  509221K->350017K(523264K), 1.4988705 secs]
170.812: [Full GC (Ergonomics)  509651K->350437K(523264K), 1.9596223 secs]
173.016: [Full GC (Ergonomics)  510068K->350869K(523264K), 1.4983130 secs]
174.760: [Full GC (Ergonomics)  510497K->351302K(523264K), 1.4940254 secs]
176.500: [Full GC (Ergonomics)  510923K->351735K(523264K), 1.4984963 secs]
178.243: [Full GC (Ergonomics)  511349K->352168K(523264K), 1.4821606 secs]
179.971: [Full GC (Ergonomics)  511774K->352601K(523264K), 1.4875735 secs]
181.705: [Full GC (Ergonomics)  512199K->353033K(523264K), 1.5063991 secs]
183.456: [Full GC (Ergonomics)  512624K->353466K(523264K), 1.5113302 secs]
185.212: [Full GC (Ergonomics)  513048K->353899K(523264K), 1.5049125 secs]
186.962: [Full GC (Ergonomics)  513472K->354332K(523264K), 1.5137979 secs]
188.720: [Full GC (Ergonomics)  513897K->354765K(523264K), 1.4850672 secs]
190.451: [Full GC (Ergonomics)  514321K->355197K(523264K), 1.5259688 secs]
192.225: [Full GC (Ergonomics)  514745K->355630K(523264K), 1.5110823 secs]
193.980: [Full GC (Ergonomics)  515170K->356063K(523264K), 1.5019121 secs]
195.727: [Full GC (Ergonomics)  515594K->356496K(523264K), 1.5200724 secs]
197.494: [Full GC (Ergonomics)  516018K->356929K(523264K), 1.5194081 secs]
199.261: [Full GC (Ergonomics)  516443K->357362K(523264K), 1.5349197 secs]
201.040: [Full GC (Ergonomics)  516867K->357794K(523264K), 1.5147864 secs]
202.801: [Full GC (Ergonomics)  517292K->358227K(523264K), 1.5151676 secs]
204.562: [Full GC (Ergonomics)  517716K->358660K(523264K), 1.5351331 secs]
206.342: [Full GC (Ergonomics)  518141K->359093K(523264K), 1.5467926 secs]
208.134: [Full GC (Ergonomics)  518566K->359526K(523264K), 1.5671885 secs]
209.947: [Full GC (Ergonomics)  518990K->359958K(523264K), 1.5457519 secs]
211.741: [Full GC (Ergonomics)  519415K->360391K(523264K), 1.5497816 secs]
213.535: [Full GC (Ergonomics)  519840K->360824K(523264K), 1.5215394 secs]
215.303: [Full GC (Ergonomics)  520265K->361257K(523264K), 1.5293375 secs]
217.077: [Full GC (Ergonomics)  520689K->361690K(523264K), 1.5564873 secs]
218.881: [Full GC (Ergonomics)  521114K->362122K(523264K), 1.5598490 secs]
220.685: [Full GC (Ergonomics)  521539K->362555K(523264K), 1.5435572 secs]
222.473: [Full GC (Ergonomics)  521964K->362988K(523264K), 1.5577377 secs]
224.217: [Full GC (Ergonomics)  483327K->363313K(523264K), 1.5341242 secs]
225.935: [Full GC (Ergonomics)  483610K->363637K(523264K), 1.5482500 secs]
227.667: [Full GC (Ergonomics)  483905K->363962K(523264K), 1.5411476 secs]
229.393: [Full GC (Ergonomics)  484208K->364287K(523264K), 1.5495276 secs]
231.128: [Full GC (Ergonomics)  484517K->364611K(523264K), 1.5673352 secs]
232.880: [Full GC (Ergonomics)  484828K->364936K(523264K), 1.5591298 secs]
234.623: [Full GC (Ergonomics)  485142K->365260K(523264K), 1.5444138 secs]
236.350: [Full GC (Ergonomics)  485457K->365585K(523264K), 1.5592839 secs]
238.093: [Full GC (Ergonomics)  485773K->365910K(523264K), 1.5810711 secs]
239.858: [Full GC (Ergonomics)  486089K->366234K(523264K), 1.5610441 secs]
241.603: [Full GC (Ergonomics)  486406K->366559K(523264K), 1.5531124 secs]
243.340: [Full GC (Ergonomics)  486724K->366883K(523264K), 1.5739757 secs]
245.097: [Full GC (Ergonomics)  487041K->367208K(523264K), 1.5639337 secs]
246.844: [Full GC (Ergonomics)  487359K->367533K(523264K), 1.5724683 secs]
248.600: [Full GC (Ergonomics)  487676K->367857K(523264K), 1.5516272 secs]
250.335: [Full GC (Ergonomics)  487994K->368182K(523264K), 1.5839656 secs]
252.105: [Full GC (Ergonomics)  488312K->368506K(523264K), 1.5879422 secs]
253.878: [Full GC (Ergonomics)  488629K->368831K(523264K), 1.5789550 secs]
255.640: [Full GC (Ergonomics)  488947K->369156K(523264K), 1.5734854 secs]
257.397: [Full GC (Ergonomics)  489265K->369480K(523264K), 1.5691928 secs]
259.150: [Full GC (Ergonomics)  489583K->369805K(523264K), 1.5931144 secs]
260.928: [Full GC (Ergonomics)  489901K->370129K(523264K), 1.5768554 secs]
262.690: [Full GC (Ergonomics)  490219K->370454K(523264K), 1.5992985 secs]
264.474: [Full GC (Ergonomics)  490537K->370779K(523264K), 1.5982130 secs]
266.255: [Full GC (Ergonomics)  490855K->371103K(523264K), 1.5947896 secs]
268.033: [Full GC (Ergonomics)  491173K->371428K(523264K), 1.5828488 secs]
269.800: [Full GC (Ergonomics)  491491K->371753K(523264K), 1.5834008 secs]
271.568: [Full GC (Ergonomics)  491809K->372077K(523264K), 1.5796017 secs]
273.332: [Full GC (Ergonomics)  492128K->372402K(523264K), 1.5962917 secs]
275.111: [Full GC (Ergonomics)  492446K->372726K(523264K), 1.6131975 secs]
276.909: [Full GC (Ergonomics)  492764K->373051K(523264K), 1.6099269 secs]
278.702: [Full GC (Ergonomics)  493082K->373376K(523264K), 1.6045518 secs]
280.492: [Full GC (Ergonomics)  493401K->373700K(523264K), 1.5941388 secs]
282.270: [Full GC (Ergonomics)  493719K->374025K(523264K), 1.6171436 secs]
284.076: [Full GC (Ergonomics)  494037K->374349K(523264K), 1.6124549 secs]
285.873: [Full GC (Ergonomics)  494356K->374674K(523264K), 1.6133890 secs]
287.673: [Full GC (Ergonomics)  494674K->374999K(523264K), 1.6067503 secs]
289.464: [Full GC (Ergonomics)  494992K->375323K(523264K), 1.6087318 secs]
291.256: [Full GC (Ergonomics)  495311K->375648K(523264K), 1.6085625 secs]
293.048: [Full GC (Ergonomics)  495629K->375972K(523264K), 1.6167253 secs]
294.849: [Full GC (Ergonomics)  495948K->376297K(523264K), 1.6151565 secs]
296.648: [Full GC (Ergonomics)  496266K->376622K(523264K), 1.6015441 secs]
298.433: [Full GC (Ergonomics)  496585K->376946K(523264K), 1.6201697 secs]
300.237: [Full GC (Ergonomics)  496903K->377271K(523264K), 1.6173842 secs]
302.040: [Full GC (Ergonomics)  497222K->377595K(523264K), 1.6393278 secs]
303.864: [Full GC (Ergonomics)  497541K->377920K(523264K), 1.6212509 secs]
