Java HotSpot(TM) 64-Bit Server VM (25.141-b15) for windows-amd64 JRE (1.8.0_141-b15), built on Jul 12 2017 04:25:12 by "java_re" with MS VC++ 10.0 (VS2010)
Memory: 4k page, physical 8352644k(3361900k free), swap 9663364k(2959316k free)
CommandLine flags: -XX:InitialHeapSize=536870912 -XX:MaxHeapSize=536870912 -XX:+PrintGC -XX:+PrintGCTimeStamps -XX:+UseCompressedClassPointers -XX:+UseCompressedOops -XX:-UseLargePagesIndividualAllocation -XX:+UseParallelGC 
0.285: [GC (Allocation Failure)  122450K->890K(502784K), 0.0013545 secs]
0.472: [GC (Allocation Failure)  123284K->1345K(502784K), 0.0010861 secs]
0.659: [GC (Allocation Failure)  121097K->1741K(502784K), 0.0013711 secs]
0.845: [GC (Allocation Failure)  121502K->2168K(502784K), 0.0021011 secs]
1.033: [GC (Allocation Failure)  121934K->2520K(502784K), 0.0019947 secs]
1.222: [GC (Allocation Failure)  122291K->3065K(520192K), 0.0025958 secs]
1.476: [GC (Allocation Failure)  162601K->3505K(520704K), 0.0030302 secs]
1.725: [GC (Allocation Failure)  163046K->4305K(519680K), 0.0028855 secs]
1.975: [GC (Allocation Failure)  163825K->4761K(520192K), 0.0028916 secs]
2.225: [GC (Allocation Failure)  164288K->5145K(520192K), 0.0027314 secs]
2.475: [GC (Allocation Failure)  164669K->6976K(520192K), 0.0028399 secs]
2.723: [GC (Allocation Failure)  166498K->7496K(519680K), 0.0027200 secs]
2.974: [GC (Allocation Failure)  167027K->8024K(520192K), 0.0047630 secs]
3.223: [GC (Allocation Failure)  167551K->8512K(520192K), 0.0046899 secs]
3.475: [GC (Allocation Failure)  168036K->10951K(520192K), 0.0030413 secs]
3.724: [GC (Allocation Failure)  170473K->11463K(520192K), 0.0032366 secs]
3.973: [GC (Allocation Failure)  170999K->12055K(520192K), 0.0047355 secs]
4.226: [GC (Allocation Failure)  171585K->12399K(520192K), 0.0052147 secs]
4.482: [GC (Allocation Failure)  171925K->12919K(520192K), 0.0051547 secs]
4.745: [GC (Allocation Failure)  172442K->13407K(520704K), 0.0048665 secs]
5.001: [GC (Allocation Failure)  176114K->16860K(520704K), 0.0038754 secs]
5.253: [GC (Allocation Failure)  176401K->17364K(518656K), 0.0046767 secs]
5.509: [GC (Allocation Failure)  176864K->17852K(519680K), 0.0050103 secs]
5.760: [GC (Allocation Failure)  177352K->18284K(520192K), 0.0049118 secs]
6.013: [GC (Allocation Failure)  177804K->18812K(520192K), 0.0047288 secs]
6.276: [GC (Allocation Failure)  178331K->19244K(520192K), 0.0047767 secs]
6.534: [GC (Allocation Failure)  178763K->19860K(520192K), 0.0050316 secs]
6.794: [GC (Allocation Failure)  179379K->20124K(520704K), 0.0054620 secs]
7.053: [GC (Allocation Failure)  179663K->20708K(520704K), 0.0053623 secs]
7.307: [GC (Allocation Failure)  180247K->21140K(521216K), 0.0052521 secs]
7.563: [GC (Allocation Failure)  185437K->26376K(520704K), 0.0060014 secs]
7.818: [GC (Allocation Failure)  185925K->26744K(521216K), 0.0056026 secs]
8.077: [GC (Allocation Failure)  186303K->27216K(521216K), 0.0054038 secs]
8.330: [GC (Allocation Failure)  186775K->27776K(521728K), 0.0056435 secs]
8.585: [GC (Allocation Failure)  187345K->28296K(521216K), 0.0056699 secs]
8.840: [GC (Allocation Failure)  187864K->28688K(521728K), 0.0059970 secs]
9.092: [GC (Allocation Failure)  188266K->29096K(521728K), 0.0054085 secs]
9.344: [GC (Allocation Failure)  188674K->29536K(522240K), 0.0055240 secs]
9.599: [GC (Allocation Failure)  189124K->30128K(521728K), 0.0056827 secs]
9.854: [GC (Allocation Failure)  189716K->30616K(522240K), 0.0055301 secs]
10.112: [GC (Allocation Failure)  190214K->30912K(522240K), 0.0052609 secs]
10.364: [GC (Allocation Failure)  190510K->31408K(522240K), 0.0056646 secs]
10.618: [GC (Allocation Failure)  191006K->31928K(522240K), 0.0055374 secs]
10.872: [GC (Allocation Failure)  191526K->32360K(522752K), 0.0058181 secs]
11.128: [GC (Allocation Failure)  191968K->32752K(522240K), 0.0060236 secs]
11.391: [GC (Allocation Failure)  199482K->40474K(522752K), 0.0086074 secs]
11.647: [GC (Allocation Failure)  200093K->40914K(522752K), 0.0059745 secs]
11.899: [GC (Allocation Failure)  200532K->41402K(522752K), 0.0070755 secs]
12.152: [GC (Allocation Failure)  201020K->41866K(522752K), 0.0071757 secs]
12.407: [GC (Allocation Failure)  201484K->42330K(522752K), 0.0066308 secs]
12.660: [GC (Allocation Failure)  201948K->42802K(522752K), 0.0067969 secs]
12.915: [GC (Allocation Failure)  202419K->43226K(523264K), 0.0067673 secs]
13.169: [GC (Allocation Failure)  202853K->43674K(522752K), 0.0066305 secs]
13.422: [GC (Allocation Failure)  203301K->44202K(523264K), 0.0068091 secs]
13.677: [GC (Allocation Failure)  203839K->44594K(523264K), 0.0071240 secs]
13.941: [GC (Allocation Failure)  204231K->45050K(523264K), 0.0068588 secs]
14.195: [GC (Allocation Failure)  204687K->45410K(523264K), 0.0075529 secs]
14.448: [GC (Allocation Failure)  205047K->46010K(523264K), 0.0069568 secs]
14.703: [GC (Allocation Failure)  205647K->46378K(523264K), 0.0071003 secs]
14.961: [GC (Allocation Failure)  206015K->46914K(523264K), 0.0067016 secs]
15.216: [GC (Allocation Failure)  206551K->47378K(523264K), 0.0068498 secs]
15.470: [GC (Allocation Failure)  207015K->47818K(523264K), 0.0073544 secs]
15.723: [GC (Allocation Failure)  207455K->48218K(523264K), 0.0069465 secs]
15.979: [GC (Allocation Failure)  207855K->48722K(523264K), 0.0076540 secs]
16.235: [GC (Allocation Failure)  208359K->49218K(523264K), 0.0068951 secs]
16.487: [GC (Allocation Failure)  208855K->49746K(523264K), 0.0074225 secs]
16.741: [GC (Allocation Failure)  209383K->50042K(523264K), 0.0069319 secs]
16.996: [GC (Allocation Failure)  220362K->61357K(523264K), 0.0123080 secs]
17.254: [GC (Allocation Failure)  220995K->61821K(523264K), 0.0069831 secs]
17.507: [GC (Allocation Failure)  221459K->62253K(523264K), 0.0064671 secs]
17.762: [GC (Allocation Failure)  221891K->62709K(523264K), 0.0066466 secs]
18.014: [GC (Allocation Failure)  222346K->63205K(523264K), 0.0065408 secs]
18.267: [GC (Allocation Failure)  222842K->63653K(523264K), 0.0067460 secs]
18.519: [GC (Allocation Failure)  223290K->64077K(523264K), 0.0068688 secs]
18.772: [GC (Allocation Failure)  223714K->64493K(523264K), 0.0067907 secs]
19.025: [GC (Allocation Failure)  224130K->65053K(523264K), 0.0068264 secs]
19.277: [GC (Allocation Failure)  224690K->65477K(523264K), 0.0070875 secs]
19.532: [GC (Allocation Failure)  225114K->65933K(523264K), 0.0066814 secs]
19.789: [GC (Allocation Failure)  225570K->66365K(523264K), 0.0067074 secs]
20.041: [GC (Allocation Failure)  226002K->66845K(523264K), 0.0070787 secs]
20.293: [GC (Allocation Failure)  226482K->67317K(523264K), 0.0071535 secs]
20.546: [GC (Allocation Failure)  226954K->67813K(523264K), 0.0068381 secs]
20.798: [GC (Allocation Failure)  227450K->68277K(523264K), 0.0070916 secs]
21.053: [GC (Allocation Failure)  227914K->68741K(523264K), 0.0069936 secs]
21.307: [GC (Allocation Failure)  228378K->69181K(523264K), 0.0070249 secs]
21.560: [GC (Allocation Failure)  228818K->69645K(523264K), 0.0069682 secs]
21.813: [GC (Allocation Failure)  229282K->70013K(523264K), 0.0063361 secs]
22.067: [GC (Allocation Failure)  229650K->70589K(523264K), 0.0069615 secs]
22.326: [GC (Allocation Failure)  230226K->71053K(523264K), 0.0072281 secs]
22.579: [GC (Allocation Failure)  230690K->71453K(523264K), 0.0069176 secs]
22.832: [GC (Allocation Failure)  231090K->71973K(523264K), 0.0073260 secs]
23.088: [GC (Allocation Failure)  231610K->72397K(523264K), 0.0069758 secs]
23.347: [GC (Allocation Failure)  232034K->72861K(523264K), 0.0067270 secs]
23.615: [GC (Allocation Failure)  232498K->73261K(523264K), 0.0070880 secs]
23.879: [GC (Allocation Failure)  232898K->73717K(523264K), 0.0071737 secs]
24.135: [GC (Allocation Failure)  233354K->74125K(523264K), 0.0075862 secs]
24.393: [GC (Allocation Failure)  233762K->74621K(523264K), 0.0074915 secs]
24.649: [GC (Allocation Failure)  234258K->75173K(523264K), 0.0072985 secs]
24.908: [GC (Allocation Failure)  234810K->75509K(523264K), 0.0068989 secs]
25.187: [GC (Allocation Failure)  235146K->76029K(523264K), 0.0075874 secs]
25.402: [GC (Allocation Failure)  212628K->92453K(523264K), 0.0202149 secs]
25.684: [GC (Allocation Failure)  252087K->92837K(523264K), 0.0082998 secs]
25.952: [GC (Allocation Failure)  252471K->93325K(523264K), 0.0085244 secs]
26.218: [GC (Allocation Failure)  252960K->93861K(523264K), 0.0081309 secs]
26.480: [GC (Allocation Failure)  253497K->94293K(523264K), 0.0086197 secs]
26.746: [GC (Allocation Failure)  253930K->94717K(523264K), 0.0081300 secs]
27.007: [GC (Allocation Failure)  254354K->95173K(523264K), 0.0088243 secs]
27.276: [GC (Allocation Failure)  254810K->95709K(523264K), 0.0084717 secs]
27.539: [GC (Allocation Failure)  255346K->96165K(523264K), 0.0078946 secs]
27.791: [GC (Allocation Failure)  255802K->96621K(523264K), 0.0079557 secs]
28.045: [GC (Allocation Failure)  256258K->97069K(523264K), 0.0082025 secs]
28.304: [GC (Allocation Failure)  256706K->97493K(523264K), 0.0077175 secs]
28.556: [GC (Allocation Failure)  257130K->97981K(523264K), 0.0079166 secs]
28.813: [GC (Allocation Failure)  257619K->98413K(523264K), 0.0087123 secs]
29.076: [GC (Allocation Failure)  258051K->98917K(523264K), 0.0086165 secs]
29.333: [GC (Allocation Failure)  258555K->99389K(523264K), 0.0081978 secs]
29.590: [GC (Allocation Failure)  259027K->99797K(523264K), 0.0087480 secs]
29.853: [GC (Allocation Failure)  259435K->100317K(523264K), 0.0081823 secs]
30.115: [GC (Allocation Failure)  259955K->100757K(523264K), 0.0088948 secs]
30.373: [GC (Allocation Failure)  260395K->101245K(523264K), 0.0087074 secs]
30.635: [GC (Allocation Failure)  260883K->101669K(523264K), 0.0098113 secs]
30.896: [GC (Allocation Failure)  261307K->102189K(523264K), 0.0080578 secs]
31.157: [GC (Allocation Failure)  261827K->102517K(523264K), 0.0095292 secs]
31.421: [GC (Allocation Failure)  262155K->103077K(523264K), 0.0082484 secs]
31.676: [GC (Allocation Failure)  262715K->103573K(523264K), 0.0083972 secs]
31.931: [GC (Allocation Failure)  263211K->104037K(523264K), 0.0086495 secs]
32.189: [GC (Allocation Failure)  263675K->104493K(523264K), 0.0085606 secs]
32.444: [GC (Allocation Failure)  264131K->104949K(523264K), 0.0087521 secs]
32.698: [GC (Allocation Failure)  264587K->105405K(523264K), 0.0082086 secs]
32.952: [GC (Allocation Failure)  265043K->105829K(523264K), 0.0080996 secs]
33.210: [GC (Allocation Failure)  265467K->106261K(523264K), 0.0082373 secs]
33.468: [GC (Allocation Failure)  265899K->106781K(523264K), 0.0085811 secs]
33.720: [GC (Allocation Failure)  266419K->107181K(523264K), 0.0089185 secs]
33.974: [GC (Allocation Failure)  266819K->107677K(523264K), 0.0088229 secs]
34.230: [GC (Allocation Failure)  267315K->108133K(523264K), 0.0085112 secs]
34.486: [GC (Allocation Failure)  267771K->108589K(523264K), 0.0086299 secs]
34.747: [GC (Allocation Failure)  268227K->109053K(523264K), 0.0087252 secs]
35.004: [GC (Allocation Failure)  268691K->109509K(523264K), 0.0085650 secs]
35.259: [GC (Allocation Failure)  269147K->109997K(523264K), 0.0088629 secs]
35.510: [GC (Allocation Failure)  269635K->110501K(523264K), 0.0089032 secs]
35.763: [GC (Allocation Failure)  270139K->110861K(523264K), 0.0088094 secs]
36.015: [GC (Allocation Failure)  270499K->111285K(523264K), 0.0085530 secs]
36.269: [GC (Allocation Failure)  270923K->111805K(523264K), 0.0086539 secs]
36.526: [GC (Allocation Failure)  271443K->112309K(523264K), 0.0079736 secs]
36.781: [GC (Allocation Failure)  271947K->112765K(523264K), 0.0086530 secs]
37.037: [GC (Allocation Failure)  272403K->113165K(523264K), 0.0086118 secs]
37.294: [GC (Allocation Failure)  272803K->113565K(523264K), 0.0088930 secs]
37.553: [GC (Allocation Failure)  273203K->114061K(523264K), 0.0089281 secs]
37.811: [GC (Allocation Failure)  273699K->114493K(523264K), 0.0089109 secs]
38.027: [GC (Allocation Failure)  274131K->153916K(523264K), 0.0143395 secs]
38.273: [GC (Allocation Failure)  298527K->178433K(523264K), 0.0271731 secs]
38.545: [GC (Allocation Failure)  338067K->178889K(523264K), 0.0127316 secs]
38.803: [GC (Allocation Failure)  338524K->179377K(523264K), 0.0120826 secs]
39.061: [GC (Allocation Failure)  339012K->179769K(523264K), 0.0109456 secs]
39.321: [GC (Allocation Failure)  339405K->180233K(523264K), 0.0121714 secs]
39.581: [GC (Allocation Failure)  339869K->180737K(523264K), 0.0122071 secs]
39.842: [GC (Allocation Failure)  340373K->181201K(523264K), 0.0118534 secs]
40.104: [GC (Allocation Failure)  340838K->181705K(523264K), 0.0123466 secs]
40.363: [GC (Allocation Failure)  341342K->182177K(523264K), 0.0123138 secs]
40.622: [GC (Allocation Failure)  341814K->182649K(523264K), 0.0124603 secs]
40.882: [GC (Allocation Failure)  342286K->183105K(523264K), 0.0121548 secs]
41.143: [GC (Allocation Failure)  342742K->183561K(523264K), 0.0119153 secs]
41.402: [GC (Allocation Failure)  343198K->183977K(523264K), 0.0125012 secs]
41.661: [GC (Allocation Failure)  343614K->184473K(523264K), 0.0128681 secs]
41.921: [GC (Allocation Failure)  344110K->184977K(523264K), 0.0122282 secs]
42.181: [GC (Allocation Failure)  344614K->185401K(523264K), 0.0123530 secs]
42.442: [GC (Allocation Failure)  345038K->185873K(523264K), 0.0129836 secs]
42.703: [GC (Allocation Failure)  345510K->186377K(523264K), 0.0127395 secs]
42.966: [GC (Allocation Failure)  346014K->186793K(523264K), 0.0126453 secs]
43.229: [GC (Allocation Failure)  346430K->187249K(523264K), 0.0125603 secs]
43.490: [GC (Allocation Failure)  346886K->187713K(523264K), 0.0128070 secs]
43.756: [GC (Allocation Failure)  347350K->188209K(523264K), 0.0127979 secs]
44.018: [GC (Allocation Failure)  347846K->188617K(523264K), 0.0120302 secs]
44.279: [GC (Allocation Failure)  348254K->189105K(523264K), 0.0126132 secs]
44.542: [GC (Allocation Failure)  348742K->189609K(523264K), 0.0121577 secs]
44.805: [GC (Allocation Failure)  349246K->190041K(523264K), 0.0125076 secs]
45.067: [GC (Allocation Failure)  349678K->190505K(523264K), 0.0129049 secs]
45.330: [GC (Allocation Failure)  350142K->190913K(523264K), 0.0123524 secs]
45.592: [GC (Allocation Failure)  350550K->191441K(523264K), 0.0126103 secs]
45.853: [GC (Allocation Failure)  351078K->191905K(523264K), 0.0129275 secs]
46.112: [GC (Allocation Failure)  351542K->192369K(523264K), 0.0124351 secs]
46.371: [GC (Allocation Failure)  352006K->192825K(523264K), 0.0130286 secs]
46.635: [GC (Allocation Failure)  352462K->193233K(523264K), 0.0137840 secs]
46.898: [GC (Allocation Failure)  352870K->193753K(523264K), 0.0125939 secs]
47.158: [GC (Allocation Failure)  353390K->194209K(523264K), 0.0126187 secs]
47.422: [GC (Allocation Failure)  353846K->194673K(523264K), 0.0131432 secs]
47.686: [GC (Allocation Failure)  354310K->195161K(523264K), 0.0132686 secs]
47.950: [GC (Allocation Failure)  354798K->195593K(523264K), 0.0127310 secs]
48.212: [GC (Allocation Failure)  355230K->196057K(523264K), 0.0133832 secs]
48.473: [GC (Allocation Failure)  355694K->196553K(523264K), 0.0132280 secs]
48.735: [GC (Allocation Failure)  356190K->196985K(523264K), 0.0129660 secs]
48.996: [GC (Allocation Failure)  356622K->197489K(523264K), 0.0130982 secs]
49.257: [GC (Allocation Failure)  357126K->197945K(523264K), 0.0134309 secs]
49.520: [GC (Allocation Failure)  357582K->198409K(523264K), 0.0130263 secs]
49.781: [GC (Allocation Failure)  358046K->198881K(523264K), 0.0131724 secs]
50.042: [GC (Allocation Failure)  358518K->199337K(523264K), 0.0129389 secs]
50.302: [GC (Allocation Failure)  358974K->199705K(523264K), 0.0131610 secs]
50.561: [GC (Allocation Failure)  359342K->200273K(523264K), 0.0135262 secs]
50.821: [GC (Allocation Failure)  359910K->200737K(523264K), 0.0135899 secs]
51.082: [GC (Allocation Failure)  360374K->201177K(523264K), 0.0126594 secs]
51.345: [GC (Allocation Failure)  360814K->201673K(523264K), 0.0136630 secs]
51.602: [GC (Allocation Failure)  361310K->202129K(523264K), 0.0135888 secs]
51.861: [GC (Allocation Failure)  361766K->202585K(523264K), 0.0135583 secs]
52.119: [GC (Allocation Failure)  362222K->203049K(523264K), 0.0136051 secs]
52.376: [GC (Allocation Failure)  362686K->203505K(523264K), 0.0133484 secs]
52.633: [GC (Allocation Failure)  363142K->203977K(523264K), 0.0134236 secs]
52.892: [GC (Allocation Failure)  363614K->204449K(523264K), 0.0140083 secs]
53.150: [GC (Allocation Failure)  364086K->204865K(523264K), 0.0136858 secs]
53.412: [GC (Allocation Failure)  364502K->205369K(523264K), 0.0134987 secs]
53.669: [GC (Allocation Failure)  365006K->205833K(523264K), 0.0139410 secs]
53.932: [GC (Allocation Failure)  365470K->206289K(523264K), 0.0132403 secs]
54.189: [GC (Allocation Failure)  365926K->206753K(523264K), 0.0134128 secs]
54.446: [GC (Allocation Failure)  366390K->207193K(523264K), 0.0136414 secs]
54.703: [GC (Allocation Failure)  366830K->207681K(523264K), 0.0136946 secs]
54.960: [GC (Allocation Failure)  367318K->208153K(523264K), 0.0136715 secs]
55.218: [GC (Allocation Failure)  367790K->208649K(523264K), 0.0142398 secs]
55.478: [GC (Allocation Failure)  368286K->209089K(523264K), 0.0137276 secs]
55.738: [GC (Allocation Failure)  368726K->209513K(523264K), 0.0117227 secs]
55.994: [GC (Allocation Failure)  369150K->210017K(523264K), 0.0136732 secs]
56.256: [GC (Allocation Failure)  369654K->210377K(523264K), 0.0138834 secs]
56.513: [GC (Allocation Failure)  370014K->210929K(523264K), 0.0137852 secs]
56.772: [GC (Allocation Failure)  370566K->211273K(523264K), 0.0137797 secs]
57.029: [GC (Allocation Failure)  370910K->211769K(523264K), 0.0141471 secs]
57.287: [GC (Allocation Failure)  371406K->212273K(523264K), 0.0136028 secs]
57.491: [GC (Allocation Failure)  368902K->248768K(523264K), 0.0399316 secs]
57.775: [GC (Allocation Failure)  408404K->249024K(523264K), 0.0149301 secs]
58.035: [GC (Allocation Failure)  408660K->249544K(523264K), 0.0155121 secs]
58.296: [GC (Allocation Failure)  409180K->250064K(523264K), 0.0154268 secs]
58.555: [GC (Allocation Failure)  409700K->250456K(523264K), 0.0157811 secs]
58.816: [GC (Allocation Failure)  410093K->250952K(523264K), 0.0154484 secs]
59.082: [GC (Allocation Failure)  410589K->251376K(523264K), 0.0159431 secs]
59.341: [GC (Allocation Failure)  411013K->251848K(523264K), 0.0161258 secs]
59.602: [GC (Allocation Failure)  411485K->252312K(523264K), 0.0159080 secs]
59.862: [GC (Allocation Failure)  411949K->252832K(523264K), 0.0147295 secs]
60.127: [GC (Allocation Failure)  412469K->253224K(523264K), 0.0160039 secs]
60.386: [GC (Allocation Failure)  412861K->253760K(523264K), 0.0153940 secs]
60.646: [GC (Allocation Failure)  413397K->254152K(523264K), 0.0155142 secs]
60.905: [GC (Allocation Failure)  413789K->254624K(523264K), 0.0162220 secs]
61.165: [GC (Allocation Failure)  414261K->255104K(523264K), 0.0154779 secs]
61.425: [GC (Allocation Failure)  414741K->255536K(523264K), 0.0163088 secs]
61.685: [GC (Allocation Failure)  415173K->255976K(523264K), 0.0169596 secs]
61.948: [GC (Allocation Failure)  415613K->256528K(523264K), 0.0166231 secs]
62.210: [GC (Allocation Failure)  416165K->256960K(523264K), 0.0166006 secs]
62.475: [GC (Allocation Failure)  416597K->257432K(523264K), 0.0157554 secs]
62.735: [GC (Allocation Failure)  417069K->257904K(523264K), 0.0163813 secs]
62.997: [GC (Allocation Failure)  417541K->258360K(523264K), 0.0161012 secs]
63.263: [GC (Allocation Failure)  417997K->258784K(523264K), 0.0174843 secs]
63.533: [GC (Allocation Failure)  418421K->259248K(523264K), 0.0161150 secs]
63.795: [GC (Allocation Failure)  418885K->259728K(523264K), 0.0160676 secs]
64.056: [GC (Allocation Failure)  419365K->260224K(523264K), 0.0160331 secs]
64.318: [GC (Allocation Failure)  419861K->260656K(523264K), 0.0162608 secs]
64.582: [GC (Allocation Failure)  420293K->261144K(523264K), 0.0158282 secs]
64.847: [GC (Allocation Failure)  420781K->261576K(523264K), 0.0159249 secs]
65.113: [GC (Allocation Failure)  421213K->262072K(523264K), 0.0169847 secs]
65.376: [GC (Allocation Failure)  421709K->262520K(523264K), 0.0161515 secs]
65.637: [GC (Allocation Failure)  422157K->262984K(523264K), 0.0162152 secs]
65.898: [GC (Allocation Failure)  422621K->263376K(523264K), 0.0155718 secs]
66.160: [GC (Allocation Failure)  423013K->263864K(523264K), 0.0166108 secs]
66.421: [GC (Allocation Failure)  423501K->264360K(523264K), 0.0163985 secs]
66.682: [GC (Allocation Failure)  423997K->264856K(523264K), 0.0162135 secs]
66.945: [GC (Allocation Failure)  424493K->265248K(523264K), 0.0165900 secs]
67.205: [GC (Allocation Failure)  424885K->265744K(523264K), 0.0156098 secs]
67.464: [GC (Allocation Failure)  425381K->266224K(523264K), 0.0158837 secs]
67.723: [GC (Allocation Failure)  425861K->266696K(523264K), 0.0162854 secs]
67.983: [GC (Allocation Failure)  426333K->267160K(523264K), 0.0157215 secs]
68.244: [GC (Allocation Failure)  426797K->267632K(523264K), 0.0170841 secs]
68.503: [GC (Allocation Failure)  427269K->268064K(523264K), 0.0161182 secs]
68.763: [GC (Allocation Failure)  427701K->268552K(523264K), 0.0158799 secs]
69.022: [GC (Allocation Failure)  428189K->269016K(523264K), 0.0165625 secs]
69.283: [GC (Allocation Failure)  428653K->269416K(523264K), 0.0156589 secs]
69.542: [GC (Allocation Failure)  429053K->269976K(523264K), 0.0157530 secs]
69.802: [GC (Allocation Failure)  429613K->270344K(523264K), 0.0167669 secs]
70.065: [GC (Allocation Failure)  429981K->270864K(523264K), 0.0159050 secs]
70.324: [GC (Allocation Failure)  430501K->271280K(523264K), 0.0170262 secs]
70.584: [GC (Allocation Failure)  430917K->271792K(523264K), 0.0162591 secs]
70.845: [GC (Allocation Failure)  431429K->272224K(523264K), 0.0163503 secs]
71.105: [GC (Allocation Failure)  431861K->272712K(523264K), 0.0172580 secs]
71.365: [GC (Allocation Failure)  432349K->273184K(523264K), 0.0160737 secs]
71.625: [GC (Allocation Failure)  432821K->273648K(523264K), 0.0161673 secs]
71.884: [GC (Allocation Failure)  433285K->273952K(523264K), 0.0161474 secs]
72.144: [GC (Allocation Failure)  433589K->274512K(523264K), 0.0176583 secs]
72.405: [GC (Allocation Failure)  434149K->275040K(523264K), 0.0162348 secs]
72.665: [GC (Allocation Failure)  434677K->275496K(523264K), 0.0162687 secs]
72.925: [GC (Allocation Failure)  435133K->275968K(523264K), 0.0161021 secs]
73.184: [GC (Allocation Failure)  435605K->276456K(523264K), 0.0162024 secs]
73.444: [GC (Allocation Failure)  436093K->276888K(523264K), 0.0160495 secs]
73.703: [GC (Allocation Failure)  436525K->277360K(523264K), 0.0170075 secs]
73.967: [GC (Allocation Failure)  436997K->277792K(523264K), 0.0172659 secs]
74.230: [GC (Allocation Failure)  437429K->278280K(523264K), 0.0167216 secs]
74.491: [GC (Allocation Failure)  437917K->278656K(523264K), 0.0172420 secs]
74.753: [GC (Allocation Failure)  438293K->279152K(523264K), 0.0163395 secs]
75.013: [GC (Allocation Failure)  438789K->279648K(523264K), 0.0178021 secs]
75.274: [GC (Allocation Failure)  439285K->280048K(523264K), 0.0160682 secs]
75.534: [GC (Allocation Failure)  439685K->280544K(523264K), 0.0168175 secs]
75.795: [GC (Allocation Failure)  440181K->280944K(523264K), 0.0164208 secs]
76.056: [GC (Allocation Failure)  440581K->281408K(523264K), 0.0163392 secs]
76.321: [GC (Allocation Failure)  441045K->281832K(523264K), 0.0165485 secs]
76.585: [GC (Allocation Failure)  441469K->282424K(523264K), 0.0170286 secs]
76.852: [GC (Allocation Failure)  442061K->282856K(523264K), 0.0175299 secs]
77.125: [GC (Allocation Failure)  442493K->283352K(523264K), 0.0173981 secs]
77.403: [GC (Allocation Failure)  442989K->283808K(523264K), 0.0167909 secs]
77.673: [GC (Allocation Failure)  443445K->284144K(523264K), 0.0166462 secs]
77.942: [GC (Allocation Failure)  443781K->284760K(523264K), 0.0179047 secs]
78.208: [GC (Allocation Failure)  444397K->285040K(523264K), 0.0165541 secs]
78.478: [GC (Allocation Failure)  444677K->285688K(523264K), 0.0183848 secs]
78.740: [GC (Allocation Failure)  445325K->286016K(523264K), 0.0162816 secs]
79.000: [GC (Allocation Failure)  445653K->286472K(523264K), 0.0171581 secs]
79.261: [GC (Allocation Failure)  446109K->286904K(523264K), 0.0160395 secs]
79.524: [GC (Allocation Failure)  446541K->287472K(523264K), 0.0170452 secs]
79.794: [GC (Allocation Failure)  447109K->287920K(523264K), 0.0171084 secs]
80.059: [GC (Allocation Failure)  447557K->288416K(523264K), 0.0179255 secs]
80.325: [GC (Allocation Failure)  448053K->288784K(523264K), 0.0167479 secs]
80.586: [GC (Allocation Failure)  448421K->289216K(523264K), 0.0166962 secs]
80.846: [GC (Allocation Failure)  448853K->289672K(523264K), 0.0176086 secs]
81.107: [GC (Allocation Failure)  449309K->290160K(523264K), 0.0172478 secs]
81.369: [GC (Allocation Failure)  449797K->290592K(523264K), 0.0167742 secs]
81.633: [GC (Allocation Failure)  450229K->291120K(523264K), 0.0164643 secs]
81.892: [GC (Allocation Failure)  450757K->291616K(523264K), 0.0161199 secs]
82.155: [GC (Allocation Failure)  451253K->291984K(523264K), 0.0168376 secs]
82.418: [GC (Allocation Failure)  451621K->292576K(523264K), 0.0171104 secs]
82.685: [GC (Allocation Failure)  452213K->292944K(523264K), 0.0183131 secs]
82.956: [GC (Allocation Failure)  452581K->293408K(523264K), 0.0174229 secs]
83.226: [GC (Allocation Failure)  453045K->293960K(523264K), 0.0167786 secs]
83.489: [GC (Allocation Failure)  453597K->294328K(523264K), 0.0168625 secs]
83.771: [GC (Allocation Failure)  453965K->294880K(523264K), 0.0172639 secs]
84.043: [GC (Allocation Failure)  454517K->295272K(523264K), 0.0183804 secs]
84.318: [GC (Allocation Failure)  454909K->295664K(523264K), 0.0171589 secs]
84.629: [GC (Allocation Failure)  455301K->296152K(523264K), 0.0173934 secs]
84.915: [GC (Allocation Failure)  455789K->296672K(523264K), 0.0172896 secs]
85.202: [GC (Allocation Failure)  456309K->297000K(523264K), 0.0197983 secs]
85.492: [GC (Allocation Failure)  456637K->297528K(523264K), 0.0168628 secs]
85.789: [GC (Allocation Failure)  457165K->297952K(523264K), 0.0159673 secs]
86.061: [GC (Allocation Failure)  457589K->298448K(523264K), 0.0173010 secs]
86.335: [GC (Allocation Failure)  458085K->298888K(523264K), 0.0180030 secs]
86.637: [GC (Allocation Failure)  458525K->299408K(523264K), 0.0169531 secs]
86.791: [GC (Allocation Failure) -- 435002K->435458K(523264K), 0.0152978 secs]
86.806: [Full GC (Ergonomics)  435458K->198723K(523264K), 2.5719594 secs]
89.627: [GC (Allocation Failure)  358356K->199331K(523264K), 0.0145140 secs]
89.893: [GC (Allocation Failure)  358962K->199755K(523264K), 0.0145465 secs]
90.156: [GC (Allocation Failure)  359389K->200179K(523264K), 0.0150450 secs]
90.442: [GC (Allocation Failure)  359814K->200611K(523264K), 0.0152663 secs]
90.708: [GC (Allocation Failure)  360247K->201067K(523264K), 0.0153586 secs]
90.975: [GC (Allocation Failure)  360703K->201531K(523264K), 0.0145591 secs]
91.243: [GC (Allocation Failure)  361168K->202027K(523264K), 0.0145097 secs]
91.509: [GC (Allocation Failure)  361664K->202427K(523264K), 0.0155063 secs]
91.784: [GC (Allocation Failure)  362064K->203027K(523264K), 0.0154171 secs]
92.064: [GC (Allocation Failure)  362664K->203323K(523264K), 0.0152525 secs]
92.332: [GC (Allocation Failure)  362960K->203811K(523264K), 0.0152718 secs]
92.601: [GC (Allocation Failure)  363448K->204331K(523264K), 0.0147693 secs]
92.869: [GC (Allocation Failure)  363968K->204851K(523264K), 0.0153031 secs]
93.138: [GC (Allocation Failure)  364488K->205219K(523264K), 0.0147272 secs]
93.418: [GC (Allocation Failure)  364856K->205675K(523264K), 0.0138051 secs]
93.700: [GC (Allocation Failure)  365312K->206235K(523264K), 0.0142623 secs]
93.978: [GC (Allocation Failure)  365872K->206603K(523264K), 0.0148318 secs]
94.267: [GC (Allocation Failure)  366240K->207147K(523264K), 0.0145784 secs]
94.534: [GC (Allocation Failure)  366784K->207547K(523264K), 0.0148418 secs]
94.818: [GC (Allocation Failure)  367184K->208035K(523264K), 0.0147523 secs]
95.094: [GC (Allocation Failure)  367672K->208419K(523264K), 0.0150084 secs]
95.364: [GC (Allocation Failure)  368056K->208859K(523264K), 0.0155782 secs]
95.692: [GC (Allocation Failure)  368496K->209387K(523264K), 0.0146082 secs]
95.961: [GC (Allocation Failure)  369024K->209843K(523264K), 0.0147625 secs]
96.231: [GC (Allocation Failure)  369480K->210235K(523264K), 0.0159407 secs]
96.501: [GC (Allocation Failure)  369872K->210787K(523264K), 0.0147070 secs]
96.766: [GC (Allocation Failure)  370424K->211187K(523264K), 0.0153940 secs]
97.032: [GC (Allocation Failure)  370824K->211723K(523264K), 0.0155381 secs]
97.303: [GC (Allocation Failure)  371360K->212147K(523264K), 0.0151543 secs]
97.577: [GC (Allocation Failure)  371784K->212539K(523264K), 0.0153329 secs]
97.848: [GC (Allocation Failure)  372176K->213051K(523264K), 0.0151373 secs]
98.120: [GC (Allocation Failure)  372688K->213443K(523264K), 0.0152826 secs]
98.389: [GC (Allocation Failure)  373080K->213939K(523264K), 0.0144298 secs]
98.670: [GC (Allocation Failure)  373576K->214419K(523264K), 0.0152496 secs]
98.937: [GC (Allocation Failure)  374056K->214915K(523264K), 0.0151727 secs]
99.203: [GC (Allocation Failure)  374552K->215331K(523264K), 0.0155180 secs]
99.476: [GC (Allocation Failure)  374968K->215739K(523264K), 0.0156089 secs]
99.742: [GC (Allocation Failure)  375376K->216323K(523264K), 0.0153385 secs]
100.004: [GC (Allocation Failure)  375960K->216787K(523264K), 0.0151543 secs]
100.269: [GC (Allocation Failure)  376424K->217243K(523264K), 0.0152452 secs]
100.529: [GC (Allocation Failure)  376880K->217675K(523264K), 0.0151391 secs]
100.795: [GC (Allocation Failure)  377312K->218115K(523264K), 0.0155925 secs]
101.061: [GC (Allocation Failure)  377752K->218579K(523264K), 0.0155493 secs]
101.321: [GC (Allocation Failure)  378216K->219027K(523264K), 0.0153671 secs]
101.580: [GC (Allocation Failure)  378664K->219427K(523264K), 0.0149523 secs]
101.839: [GC (Allocation Failure)  379064K->219907K(523264K), 0.0151549 secs]
102.102: [GC (Allocation Failure)  379544K->220483K(523264K), 0.0151701 secs]
102.365: [GC (Allocation Failure)  380120K->220811K(523264K), 0.0153750 secs]
102.628: [GC (Allocation Failure)  380448K->221267K(523264K), 0.0151867 secs]
102.887: [GC (Allocation Failure)  380904K->221739K(523264K), 0.0149862 secs]
103.147: [GC (Allocation Failure)  381376K->222171K(523264K), 0.0156022 secs]
103.407: [GC (Allocation Failure)  381808K->222659K(523264K), 0.0152543 secs]
103.673: [GC (Allocation Failure)  382296K->223171K(523264K), 0.0154212 secs]
103.944: [GC (Allocation Failure)  382808K->223651K(523264K), 0.0136484 secs]
104.208: [GC (Allocation Failure)  383288K->223979K(523264K), 0.0154104 secs]
104.469: [GC (Allocation Failure)  383616K->224467K(523264K), 0.0153034 secs]
104.734: [GC (Allocation Failure)  384104K->224963K(523264K), 0.0155145 secs]
104.994: [GC (Allocation Failure)  384600K->225459K(523264K), 0.0151259 secs]
105.253: [GC (Allocation Failure)  385096K->225891K(523264K), 0.0154949 secs]
105.512: [GC (Allocation Failure)  385528K->226387K(523264K), 0.0152414 secs]
105.772: [GC (Allocation Failure)  386024K->226819K(523264K), 0.0155013 secs]
106.031: [GC (Allocation Failure)  386456K->227275K(523264K), 0.0154393 secs]
106.291: [GC (Allocation Failure)  386912K->227667K(523264K), 0.0155273 secs]
106.553: [GC (Allocation Failure)  387304K->228243K(523264K), 0.0157586 secs]
106.815: [GC (Allocation Failure)  387880K->228603K(523264K), 0.0158635 secs]
107.080: [GC (Allocation Failure)  388240K->229051K(523264K), 0.0159945 secs]
107.348: [GC (Allocation Failure)  388688K->229523K(523264K), 0.0157460 secs]
107.623: [GC (Allocation Failure)  389160K->230011K(523264K), 0.0158814 secs]
107.896: [GC (Allocation Failure)  389648K->230403K(523264K), 0.0161465 secs]
108.164: [GC (Allocation Failure)  390040K->230923K(523264K), 0.0158352 secs]
108.427: [GC (Allocation Failure)  390560K->231323K(523264K), 0.0165433 secs]
108.705: [GC (Allocation Failure)  390960K->231947K(523264K), 0.0152873 secs]
108.968: [GC (Allocation Failure)  391584K->232283K(523264K), 0.0159641 secs]
109.236: [GC (Allocation Failure)  391920K->232739K(523264K), 0.0150409 secs]
109.500: [GC (Allocation Failure)  392376K->233171K(523264K), 0.0158141 secs]
109.763: [GC (Allocation Failure)  392808K->233667K(523264K), 0.0163360 secs]
110.027: [GC (Allocation Failure)  393304K->234131K(523264K), 0.0150300 secs]
110.290: [GC (Allocation Failure)  393768K->234627K(523264K), 0.0158261 secs]
110.556: [GC (Allocation Failure)  394264K->235083K(523264K), 0.0153399 secs]
110.816: [GC (Allocation Failure)  394720K->235571K(523264K), 0.0155972 secs]
111.079: [GC (Allocation Failure)  395208K->236011K(523264K), 0.0153788 secs]
111.343: [GC (Allocation Failure)  395648K->236571K(523264K), 0.0158442 secs]
111.612: [GC (Allocation Failure)  396208K->236939K(523264K), 0.0162889 secs]
111.873: [GC (Allocation Failure)  396576K->237355K(523264K), 0.0155115 secs]
112.139: [GC (Allocation Failure)  396992K->237955K(523264K), 0.0156478 secs]
112.401: [GC (Allocation Failure)  397592K->238315K(523264K), 0.0152209 secs]
112.663: [GC (Allocation Failure)  397952K->238779K(523264K), 0.0160427 secs]
112.929: [GC (Allocation Failure)  398416K->239251K(523264K), 0.0164406 secs]
113.190: [GC (Allocation Failure)  398888K->239683K(523264K), 0.0161930 secs]
113.450: [GC (Allocation Failure)  399320K->240107K(523264K), 0.0158475 secs]
113.711: [GC (Allocation Failure)  399744K->240595K(523264K), 0.0159387 secs]
113.975: [GC (Allocation Failure)  400232K->241123K(523264K), 0.0164778 secs]
114.238: [GC (Allocation Failure)  400760K->241531K(523264K), 0.0164026 secs]
114.500: [GC (Allocation Failure)  401168K->242043K(523264K), 0.0163980 secs]
114.761: [GC (Allocation Failure)  401680K->242515K(523264K), 0.0163240 secs]
115.021: [GC (Allocation Failure)  402152K->242915K(523264K), 0.0157966 secs]
115.280: [GC (Allocation Failure)  402552K->243411K(523264K), 0.0155858 secs]
115.540: [GC (Allocation Failure)  403048K->243803K(523264K), 0.0156302 secs]
115.803: [GC (Allocation Failure)  403440K->244267K(523264K), 0.0161787 secs]
116.064: [GC (Allocation Failure)  403904K->244731K(523264K), 0.0155039 secs]
116.324: [GC (Allocation Failure)  404368K->245187K(523264K), 0.0156604 secs]
116.584: [GC (Allocation Failure)  404824K->245723K(523264K), 0.0158691 secs]
116.846: [GC (Allocation Failure)  405360K->246163K(523264K), 0.0161024 secs]
117.106: [GC (Allocation Failure)  405800K->246587K(523264K), 0.0158112 secs]
117.367: [GC (Allocation Failure)  406224K->247107K(523264K), 0.0158463 secs]
117.627: [GC (Allocation Failure)  406744K->247539K(523264K), 0.0160062 secs]
117.886: [GC (Allocation Failure)  407176K->248003K(523264K), 0.0159606 secs]
118.145: [GC (Allocation Failure)  407640K->248523K(523264K), 0.0156118 secs]
118.404: [GC (Allocation Failure)  408160K->248963K(523264K), 0.0154279 secs]
118.661: [GC (Allocation Failure)  408600K->249395K(523264K), 0.0157074 secs]
118.921: [GC (Allocation Failure)  409032K->249883K(523264K), 0.0165175 secs]
119.185: [GC (Allocation Failure)  409520K->250347K(523264K), 0.0154238 secs]
119.444: [GC (Allocation Failure)  409984K->250803K(523264K), 0.0156703 secs]
119.704: [GC (Allocation Failure)  410440K->251267K(523264K), 0.0155916 secs]
119.964: [GC (Allocation Failure)  410904K->251731K(523264K), 0.0160793 secs]
120.223: [GC (Allocation Failure)  411368K->252123K(523264K), 0.0159708 secs]
120.483: [GC (Allocation Failure)  411760K->252611K(523264K), 0.0159939 secs]
120.744: [GC (Allocation Failure)  412248K->253139K(523264K), 0.0156908 secs]
121.005: [GC (Allocation Failure)  412776K->253499K(523264K), 0.0162024 secs]
121.270: [GC (Allocation Failure)  413136K->253963K(523264K), 0.0159197 secs]
121.529: [GC (Allocation Failure)  413600K->254451K(523264K), 0.0161471 secs]
121.791: [GC (Allocation Failure)  414088K->254883K(523264K), 0.0162062 secs]
122.052: [GC (Allocation Failure)  414520K->255307K(523264K), 0.0157998 secs]
122.311: [GC (Allocation Failure)  414944K->255859K(523264K), 0.0162202 secs]
122.572: [GC (Allocation Failure)  415496K->256291K(523264K), 0.0162225 secs]
122.832: [GC (Allocation Failure)  415928K->256723K(523264K), 0.0159135 secs]
123.095: [GC (Allocation Failure)  416360K->257347K(523264K), 0.0160588 secs]
123.356: [GC (Allocation Failure)  416984K->257675K(523264K), 0.0165833 secs]
123.616: [GC (Allocation Failure)  417312K->258147K(523264K), 0.0166795 secs]
123.877: [GC (Allocation Failure)  417784K->258739K(523264K), 0.0160071 secs]
124.138: [GC (Allocation Failure)  418376K->259067K(523264K), 0.0162781 secs]
124.398: [GC (Allocation Failure)  418704K->259539K(523264K), 0.0156425 secs]
124.658: [GC (Allocation Failure)  419176K->259979K(523264K), 0.0162266 secs]
124.920: [GC (Allocation Failure)  419616K->260507K(523264K), 0.0163164 secs]
125.181: [GC (Allocation Failure)  420144K->260955K(523264K), 0.0160828 secs]
125.441: [GC (Allocation Failure)  420592K->261379K(523264K), 0.0160644 secs]
125.700: [GC (Allocation Failure)  421016K->261899K(523264K), 0.0161673 secs]
125.960: [GC (Allocation Failure)  421536K->262363K(523264K), 0.0162497 secs]
126.220: [GC (Allocation Failure)  422000K->262723K(523264K), 0.0167166 secs]
126.482: [GC (Allocation Failure)  422360K->263315K(523264K), 0.0154142 secs]
126.741: [GC (Allocation Failure)  422952K->263835K(523264K), 0.0156963 secs]
127.000: [GC (Allocation Failure)  423472K->264139K(523264K), 0.0159507 secs]
127.260: [GC (Allocation Failure)  423776K->264595K(523264K), 0.0160366 secs]
127.523: [GC (Allocation Failure)  424232K->265131K(523264K), 0.0164517 secs]
127.785: [GC (Allocation Failure)  424768K->265571K(523264K), 0.0165614 secs]
128.048: [GC (Allocation Failure)  425208K->265995K(523264K), 0.0164900 secs]
128.309: [GC (Allocation Failure)  425632K->266515K(523264K), 0.0158627 secs]
128.569: [GC (Allocation Failure)  426152K->266923K(523264K), 0.0162898 secs]
128.830: [GC (Allocation Failure)  426560K->267419K(523264K), 0.0155089 secs]
129.089: [GC (Allocation Failure)  427056K->267835K(523264K), 0.0161983 secs]
129.349: [GC (Allocation Failure)  427472K->268267K(523264K), 0.0163617 secs]
129.610: [GC (Allocation Failure)  427904K->268891K(523264K), 0.0170154 secs]
129.876: [GC (Allocation Failure)  428528K->269283K(523264K), 0.0164120 secs]
130.138: [GC (Allocation Failure)  428920K->269667K(523264K), 0.0163488 secs]
130.400: [GC (Allocation Failure)  429304K->270107K(523264K), 0.0169891 secs]
130.661: [GC (Allocation Failure)  429744K->270739K(523264K), 0.0169356 secs]
130.921: [GC (Allocation Failure)  430376K->271051K(523264K), 0.0171975 secs]
131.184: [GC (Allocation Failure)  430688K->271491K(523264K), 0.0159337 secs]
131.443: [GC (Allocation Failure)  431128K->272083K(523264K), 0.0179705 secs]
131.705: [GC (Allocation Failure)  431720K->272491K(523264K), 0.0161606 secs]
131.965: [GC (Allocation Failure)  432128K->272979K(523264K), 0.0160562 secs]
132.225: [GC (Allocation Failure)  432616K->273403K(523264K), 0.0161185 secs]
132.485: [GC (Allocation Failure)  433040K->273931K(523264K), 0.0162415 secs]
132.745: [GC (Allocation Failure)  433568K->274403K(523264K), 0.0162576 secs]
133.005: [GC (Allocation Failure)  434040K->274827K(523264K), 0.0172335 secs]
133.267: [GC (Allocation Failure)  434464K->275299K(523264K), 0.0161720 secs]
133.408: [GC (Allocation Failure)  395874K->314546K(523264K), 0.0155159 secs]
133.617: [GC (Allocation Failure) -- 477174K->477422K(523264K), 0.0193203 secs]
133.637: [Full GC (Ergonomics)  477422K->298152K(523264K), 2.0671544 secs]
135.948: [GC (Allocation Failure)  457784K->298664K(523264K), 0.0187496 secs]
136.211: [GC (Allocation Failure)  458294K->299120K(523264K), 0.0192338 secs]
136.474: [GC (Allocation Failure)  458753K->299552K(523264K), 0.0203418 secs]
136.739: [GC (Allocation Failure)  459187K->300072K(523264K), 0.0190762 secs]
137.004: [GC (Allocation Failure)  459708K->300600K(523264K), 0.0208589 secs]
137.270: [GC (Allocation Failure)  460236K->300960K(523264K), 0.0220286 secs]
137.538: [GC (Allocation Failure)  460597K->301416K(523264K), 0.0191440 secs]
137.800: [GC (Allocation Failure)  461053K->301912K(523264K), 0.0191414 secs]
138.063: [GC (Allocation Failure)  461549K->302272K(523264K), 0.0204988 secs]
138.327: [GC (Allocation Failure)  461909K->302808K(523264K), 0.0201602 secs]
138.590: [GC (Allocation Failure)  462445K->303272K(523264K), 0.0193890 secs]
138.854: [GC (Allocation Failure)  462909K->303704K(523264K), 0.0205704 secs]
139.120: [GC (Allocation Failure)  463341K->304200K(523264K), 0.0206961 secs]
139.384: [GC (Allocation Failure)  463837K->304664K(523264K), 0.0206584 secs]
139.649: [GC (Allocation Failure)  464301K->305096K(523264K), 0.0191724 secs]
139.914: [GC (Allocation Failure)  464733K->305560K(523264K), 0.0208013 secs]
140.184: [GC (Allocation Failure)  465197K->306024K(523264K), 0.0188116 secs]
140.446: [GC (Allocation Failure)  465661K->306528K(523264K), 0.0212235 secs]
140.710: [GC (Allocation Failure)  466165K->306920K(523264K), 0.0211086 secs]
140.975: [GC (Allocation Failure)  466557K->307448K(523264K), 0.0206104 secs]
141.241: [GC (Allocation Failure)  467085K->307888K(523264K), 0.0205394 secs]
141.506: [GC (Allocation Failure)  467525K->308384K(523264K), 0.0199912 secs]
141.770: [GC (Allocation Failure)  468021K->308816K(523264K), 0.0207660 secs]
142.034: [GC (Allocation Failure)  468453K->309384K(523264K), 0.0202462 secs]
142.299: [GC (Allocation Failure)  469021K->309784K(523264K), 0.0188356 secs]
142.562: [GC (Allocation Failure)  469421K->310216K(523264K), 0.0189285 secs]
142.824: [GC (Allocation Failure)  469853K->310672K(523264K), 0.0209905 secs]
143.092: [GC (Allocation Failure)  470309K->311096K(523264K), 0.0191662 secs]
143.354: [GC (Allocation Failure)  470733K->311624K(523264K), 0.0213574 secs]
143.619: [GC (Allocation Failure)  471261K->312024K(523264K), 0.0209779 secs]
143.884: [GC (Allocation Failure)  471661K->312520K(523264K), 0.0211583 secs]
144.150: [GC (Allocation Failure)  472157K->313016K(523264K), 0.0201742 secs]
144.414: [GC (Allocation Failure)  472653K->313488K(523264K), 0.0205575 secs]
144.677: [GC (Allocation Failure)  473125K->313880K(523264K), 0.0213065 secs]
144.942: [GC (Allocation Failure)  473517K->314400K(523264K), 0.0220555 secs]
145.209: [GC (Allocation Failure)  474037K->314792K(523264K), 0.0206771 secs]
145.473: [GC (Allocation Failure)  474429K->315248K(523264K), 0.0210358 secs]
145.739: [GC (Allocation Failure)  474885K->315704K(523264K), 0.0206718 secs]
146.006: [GC (Allocation Failure)  475341K->316232K(523264K), 0.0199439 secs]
146.269: [GC (Allocation Failure)  475869K->316704K(523264K), 0.0206970 secs]
146.534: [GC (Allocation Failure)  476341K->317160K(523264K), 0.0205233 secs]
146.798: [GC (Allocation Failure)  476797K->317544K(523264K), 0.0201740 secs]
147.066: [GC (Allocation Failure)  477181K->318080K(523264K), 0.0206885 secs]
147.331: [GC (Allocation Failure)  477717K->318544K(523264K), 0.0198003 secs]
147.594: [GC (Allocation Failure)  478181K->319008K(523264K), 0.0210457 secs]
147.859: [GC (Allocation Failure)  478645K->319472K(523264K), 0.0212060 secs]
148.125: [GC (Allocation Failure)  479109K->319936K(523264K), 0.0212092 secs]
148.391: [GC (Allocation Failure)  479573K->320392K(523264K), 0.0199526 secs]
148.657: [GC (Allocation Failure)  480029K->320856K(523264K), 0.0210247 secs]
148.922: [GC (Allocation Failure)  480493K->321328K(523264K), 0.0208271 secs]
149.189: [GC (Allocation Failure)  480965K->321800K(523264K), 0.0213422 secs]
149.454: [GC (Allocation Failure)  481437K->322224K(523264K), 0.0219567 secs]
149.720: [GC (Allocation Failure)  481861K->322744K(523264K), 0.0218249 secs]
149.986: [GC (Allocation Failure)  482381K->323160K(523264K), 0.0198214 secs]
150.253: [GC (Allocation Failure)  482797K->323648K(523264K), 0.0206455 secs]
150.519: [GC (Allocation Failure)  483285K->324080K(523264K), 0.0210984 secs]
150.785: [GC (Allocation Failure)  483717K->324576K(523264K), 0.0208964 secs]
151.050: [GC (Allocation Failure)  484213K->325008K(523264K), 0.0212901 secs]
151.313: [GC (Allocation Failure)  484645K->325440K(523264K), 0.0217930 secs]
151.580: [GC (Allocation Failure)  485077K->325936K(523264K), 0.0197769 secs]
151.843: [GC (Allocation Failure)  485573K->326432K(523264K), 0.0216047 secs]
152.115: [GC (Allocation Failure)  486069K->326824K(523264K), 0.0205423 secs]
152.380: [GC (Allocation Failure)  486461K->327360K(523264K), 0.0210302 secs]
152.645: [GC (Allocation Failure)  486997K->327784K(523264K), 0.0211750 secs]
152.910: [GC (Allocation Failure)  487421K->328288K(523264K), 0.0207920 secs]
153.174: [GC (Allocation Failure)  487925K->328712K(523264K), 0.0204265 secs]
153.439: [GC (Allocation Failure)  488349K->329200K(523264K), 0.0212159 secs]
153.704: [GC (Allocation Failure)  488837K->329592K(523264K), 0.0204374 secs]
153.968: [GC (Allocation Failure)  489229K->330088K(523264K), 0.0210001 secs]
154.234: [GC (Allocation Failure)  489725K->330560K(523264K), 0.0215369 secs]
154.499: [GC (Allocation Failure)  490197K->331024K(523264K), 0.0208809 secs]
154.764: [GC (Allocation Failure)  490661K->331520K(523264K), 0.0213074 secs]
155.030: [GC (Allocation Failure)  491157K->332016K(523264K), 0.0209709 secs]
155.295: [GC (Allocation Failure)  491653K->332448K(523264K), 0.0202014 secs]
155.558: [GC (Allocation Failure)  492085K->332880K(523264K), 0.0216120 secs]
155.823: [GC (Allocation Failure)  492517K->333392K(523264K), 0.0213179 secs]
156.090: [GC (Allocation Failure)  493029K->333760K(523264K), 0.0218734 secs]
156.356: [GC (Allocation Failure)  493397K->334280K(523264K), 0.0216264 secs]
156.622: [GC (Allocation Failure)  493917K->334768K(523264K), 0.0201067 secs]
156.887: [GC (Allocation Failure)  494405K->335288K(523264K), 0.0215357 secs]
157.153: [GC (Allocation Failure)  494925K->335576K(523264K), 0.0200453 secs]
157.416: [GC (Allocation Failure)  495213K->336072K(523264K), 0.0214150 secs]
157.682: [GC (Allocation Failure)  495709K->336656K(523264K), 0.0196550 secs]
157.945: [GC (Allocation Failure)  496293K->337032K(523264K), 0.0202219 secs]
158.212: [GC (Allocation Failure)  496669K->337504K(523264K), 0.0209452 secs]
158.476: [GC (Allocation Failure)  497141K->337968K(523264K), 0.0215857 secs]
158.741: [GC (Allocation Failure)  497605K->338400K(523264K), 0.0209700 secs]
159.007: [GC (Allocation Failure)  498037K->338896K(523264K), 0.0211560 secs]
159.272: [GC (Allocation Failure)  498533K->339368K(523264K), 0.0209314 secs]
159.537: [GC (Allocation Failure)  499005K->339840K(523264K), 0.0206066 secs]
159.801: [GC (Allocation Failure)  499477K->340272K(523264K), 0.0204222 secs]
160.066: [GC (Allocation Failure)  499909K->340776K(523264K), 0.0207742 secs]
160.330: [GC (Allocation Failure)  500413K->341248K(523264K), 0.0208975 secs]
160.595: [GC (Allocation Failure)  500885K->341712K(523264K), 0.0210352 secs]
160.859: [GC (Allocation Failure)  501349K->342136K(523264K), 0.0207437 secs]
161.125: [GC (Allocation Failure)  501773K->342640K(523264K), 0.0209116 secs]
161.391: [GC (Allocation Failure)  502277K->343112K(523264K), 0.0208046 secs]
161.656: [GC (Allocation Failure)  502749K->343576K(523264K), 0.0213866 secs]
161.920: [GC (Allocation Failure)  503213K->344040K(523264K), 0.0209379 secs]
162.186: [GC (Allocation Failure)  503677K->344512K(523264K), 0.0209203 secs]
162.451: [GC (Allocation Failure)  504149K->344944K(523264K), 0.0208277 secs]
162.718: [GC (Allocation Failure)  504581K->345440K(523264K), 0.0213305 secs]
162.982: [GC (Allocation Failure)  505077K->345904K(523264K), 0.0202865 secs]
163.246: [GC (Allocation Failure)  505541K->346336K(523264K), 0.0206683 secs]
163.511: [GC (Allocation Failure)  505973K->346832K(523264K), 0.0193329 secs]
163.778: [GC (Allocation Failure)  506469K->347264K(523264K), 0.0208665 secs]
164.044: [GC (Allocation Failure)  506901K->347784K(523264K), 0.0221654 secs]
164.310: [GC (Allocation Failure)  507421K->348216K(523264K), 0.0211226 secs]
164.575: [GC (Allocation Failure)  507853K->348688K(523264K), 0.0203003 secs]
164.839: [GC (Allocation Failure)  508325K->349160K(523264K), 0.0211285 secs]
165.104: [GC (Allocation Failure)  508797K->349552K(523264K), 0.0207546 secs]
165.368: [GC (Allocation Failure)  509189K->350080K(523264K), 0.0216190 secs]
165.390: [Full GC (Ergonomics)  350080K->346555K(523264K), 2.4702526 secs]
168.111: [GC (Allocation Failure)  506192K->347035K(523264K), 0.0198334 secs]
168.374: [GC (Allocation Failure)  506668K->347491K(523264K), 0.0206546 secs]
168.641: [GC (Allocation Failure)  507126K->347947K(523264K), 0.0221637 secs]
168.912: [GC (Allocation Failure)  507582K->348371K(523264K), 0.0210823 secs]
169.177: [GC (Allocation Failure)  508007K->348899K(523264K), 0.0216392 secs]
169.443: [GC (Allocation Failure)  508535K->349363K(523264K), 0.0203479 secs]
169.709: [GC (Allocation Failure)  508999K->349835K(523264K), 0.0208771 secs]
169.730: [Full GC (Ergonomics)  349835K->349584K(523264K), 1.5292443 secs]
171.504: [Full GC (Ergonomics)  509221K->350004K(523264K), 1.9366923 secs]
173.686: [Full GC (Ergonomics)  509637K->350437K(523264K), 1.4895395 secs]
175.425: [Full GC (Ergonomics)  510068K->350869K(523264K), 1.4869493 secs]
177.158: [Full GC (Ergonomics)  510497K->351302K(523264K), 1.4863404 secs]
178.890: [Full GC (Ergonomics)  510923K->351735K(523264K), 1.4942189 secs]
180.634: [Full GC (Ergonomics)  511349K->352168K(523264K), 1.4924207 secs]
182.371: [Full GC (Ergonomics)  511774K->352601K(523264K), 1.4790842 secs]
184.096: [Full GC (Ergonomics)  512199K->353033K(523264K), 1.5049666 secs]
185.847: [Full GC (Ergonomics)  512624K->353466K(523264K), 1.4927075 secs]
187.586: [Full GC (Ergonomics)  513048K->353899K(523264K), 1.5038457 secs]
189.335: [Full GC (Ergonomics)  513472K->354332K(523264K), 1.4982142 secs]
191.080: [Full GC (Ergonomics)  513897K->354765K(523264K), 1.4885961 secs]
192.812: [Full GC (Ergonomics)  514321K->355197K(523264K), 1.5078176 secs]
194.566: [Full GC (Ergonomics)  514745K->355630K(523264K), 1.5116515 secs]
196.322: [Full GC (Ergonomics)  515170K->356063K(523264K), 1.5065587 secs]
198.074: [Full GC (Ergonomics)  515594K->356496K(523264K), 1.5145279 secs]
199.836: [Full GC (Ergonomics)  516018K->356929K(523264K), 1.5298503 secs]
201.610: [Full GC (Ergonomics)  516443K->357362K(523264K), 1.5182151 secs]
203.374: [Full GC (Ergonomics)  516867K->357794K(523264K), 1.5196531 secs]
205.141: [Full GC (Ergonomics)  517292K->358227K(523264K), 1.5151363 secs]
206.901: [Full GC (Ergonomics)  517716K->358660K(523264K), 1.5358388 secs]
208.684: [Full GC (Ergonomics)  518141K->359093K(523264K), 1.5326855 secs]
210.463: [Full GC (Ergonomics)  518566K->359526K(523264K), 1.5261723 secs]
212.234: [Full GC (Ergonomics)  518990K->359958K(523264K), 1.5302903 secs]
214.009: [Full GC (Ergonomics)  519415K->360391K(523264K), 1.5399285 secs]
215.794: [Full GC (Ergonomics)  519840K->360824K(523264K), 1.5197227 secs]
217.558: [Full GC (Ergonomics)  520265K->361257K(523264K), 1.5415601 secs]
219.344: [Full GC (Ergonomics)  520689K->361690K(523264K), 1.5432815 secs]
221.133: [Full GC (Ergonomics)  521114K->362122K(523264K), 1.5496784 secs]
222.929: [Full GC (Ergonomics)  521539K->362555K(523264K), 1.5575661 secs]
224.732: [Full GC (Ergonomics)  521964K->362988K(523264K), 1.5406416 secs]
226.457: [Full GC (Ergonomics)  483327K->363313K(523264K), 1.5463579 secs]
228.188: [Full GC (Ergonomics)  483610K->363637K(523264K), 1.5523912 secs]
229.924: [Full GC (Ergonomics)  483905K->363962K(523264K), 1.5405053 secs]
231.649: [Full GC (Ergonomics)  484208K->364287K(523264K), 1.5463053 secs]
233.381: [Full GC (Ergonomics)  484517K->364611K(523264K), 1.5587901 secs]
235.123: [Full GC (Ergonomics)  484828K->364936K(523264K), 1.5478755 secs]
236.855: [Full GC (Ergonomics)  485142K->365260K(523264K), 1.5564098 secs]
238.596: [Full GC (Ergonomics)  485457K->365585K(523264K), 1.5751366 secs]
240.355: [Full GC (Ergonomics)  485773K->365910K(523264K), 1.5656048 secs]
242.107: [Full GC (Ergonomics)  486089K->366234K(523264K), 1.5767364 secs]
243.868: [Full GC (Ergonomics)  486406K->366559K(523264K), 1.5723625 secs]
245.626: [Full GC (Ergonomics)  486724K->366883K(523264K), 1.5522497 secs]
247.363: [Full GC (Ergonomics)  487041K->367208K(523264K), 1.5664611 secs]
249.114: [Full GC (Ergonomics)  487359K->367533K(523264K), 1.5691633 secs]
250.868: [Full GC (Ergonomics)  487676K->367857K(523264K), 1.5651479 secs]
252.618: [Full GC (Ergonomics)  487994K->368182K(523264K), 1.5897027 secs]
254.392: [Full GC (Ergonomics)  488312K->368506K(523264K), 1.5676022 secs]
256.144: [Full GC (Ergonomics)  488629K->368831K(523264K), 1.5813169 secs]
257.909: [Full GC (Ergonomics)  488947K->369156K(523264K), 1.5879539 secs]
259.682: [Full GC (Ergonomics)  489265K->369480K(523264K), 1.5772801 secs]
261.443: [Full GC (Ergonomics)  489583K->369805K(523264K), 1.6097200 secs]
263.237: [Full GC (Ergonomics)  489901K->370129K(523264K), 1.5828345 secs]
265.006: [Full GC (Ergonomics)  490219K->370454K(523264K), 1.5953115 secs]
266.786: [Full GC (Ergonomics)  490537K->370779K(523264K), 1.6061124 secs]
268.578: [Full GC (Ergonomics)  490855K->371103K(523264K), 1.5903222 secs]
270.352: [Full GC (Ergonomics)  491173K->371428K(523264K), 1.5947566 secs]
272.132: [Full GC (Ergonomics)  491491K->371753K(523264K), 1.6165876 secs]
273.933: [Full GC (Ergonomics)  491809K->372077K(523264K), 1.5873119 secs]
275.704: [Full GC (Ergonomics)  492128K->372402K(523264K), 1.6054306 secs]
277.494: [Full GC (Ergonomics)  492446K->372726K(523264K), 1.6117878 secs]
279.290: [Full GC (Ergonomics)  492764K->373051K(523264K), 1.6059834 secs]
281.081: [Full GC (Ergonomics)  493082K->373376K(523264K), 1.5953617 secs]
282.862: [Full GC (Ergonomics)  493401K->373700K(523264K), 1.6138316 secs]
284.660: [Full GC (Ergonomics)  493719K->374025K(523264K), 1.6015441 secs]
286.447: [Full GC (Ergonomics)  494037K->374349K(523264K), 1.6193023 secs]
288.252: [Full GC (Ergonomics)  494356K->374674K(523264K), 1.6233301 secs]
290.061: [Full GC (Ergonomics)  494674K->374999K(523264K), 1.6091791 secs]
291.854: [Full GC (Ergonomics)  494992K->375323K(523264K), 1.6190764 secs]
293.657: [Full GC (Ergonomics)  495311K->375648K(523264K), 1.6266225 secs]
295.468: [Full GC (Ergonomics)  495629K->375972K(523264K), 1.6267927 secs]
297.282: [Full GC (Ergonomics)  495948K->376297K(523264K), 1.6293820 secs]
299.097: [Full GC (Ergonomics)  496266K->376622K(523264K), 1.6254429 secs]
300.907: [Full GC (Ergonomics)  496585K->376946K(523264K), 1.6370185 secs]
302.727: [Full GC (Ergonomics)  496903K->377271K(523264K), 1.6209977 secs]
304.533: [Full GC (Ergonomics)  497222K->377595K(523264K), 1.6167548 secs]
