Java HotSpot(TM) 64-Bit Server VM (25.141-b15) for windows-amd64 JRE (1.8.0_141-b15), built on Jul 12 2017 04:25:12 by "java_re" with MS VC++ 10.0 (VS2010)
Memory: 4k page, physical 8352644k(3641952k free), swap 9663364k(3338764k free)
CommandLine flags: -XX:InitialHeapSize=536870912 -XX:MaxHeapSize=536870912 -XX:+PrintGC -XX:+PrintGCTimeStamps -XX:+UseCompressedClassPointers -XX:+UseCompressedOops -XX:-UseLargePagesIndividualAllocation -XX:+UseSerialGC 
0.272: [GC (Allocation Failure)  122778K->751K(506816K), 0.0013185 secs]
0.457: [GC (Allocation Failure)  123466K->1168K(506816K), 0.0015997 secs]
0.642: [GC (Allocation Failure)  121075K->1586K(506816K), 0.0020959 secs]
0.827: [GC (Allocation Failure)  121502K->2049K(506816K), 0.0025648 secs]
1.013: [GC (Allocation Failure)  121972K->2374K(506816K), 0.0030156 secs]
1.200: [GC (Allocation Failure)  122301K->2907K(506816K), 0.0036184 secs]
1.387: [GC (Allocation Failure)  122834K->3231K(506816K), 0.0039771 secs]
1.578: [GC (Allocation Failure)  123164K->3869K(506816K), 0.0044911 secs]
1.771: [GC (Allocation Failure)  123799K->4193K(506816K), 0.0050550 secs]
1.960: [GC (Allocation Failure)  124130K->4518K(506816K), 0.0060034 secs]
2.148: [GC (Allocation Failure)  124451K->4843K(506816K), 0.0060701 secs]
2.337: [GC (Allocation Failure)  124773K->5636K(506816K), 0.0067375 secs]
2.528: [GC (Allocation Failure)  125565K->5961K(506816K), 0.0072026 secs]
2.718: [GC (Allocation Failure)  125901K->6285K(506816K), 0.0077461 secs]
2.909: [GC (Allocation Failure)  126221K->6610K(506816K), 0.0077868 secs]
3.099: [GC (Allocation Failure)  126542K->6935K(506816K), 0.0087427 secs]
3.290: [GC (Allocation Failure)  126865K->7259K(506816K), 0.0080323 secs]
3.483: [GC (Allocation Failure)  127188K->8287K(506816K), 0.0087296 secs]
3.673: [GC (Allocation Failure)  128215K->8612K(506816K), 0.0087191 secs]
3.865: [GC (Allocation Failure)  128557K->8936K(506816K), 0.0086062 secs]
4.059: [GC (Allocation Failure)  128875K->9261K(506816K), 0.0085787 secs]
4.252: [GC (Allocation Failure)  129195K->9586K(506816K), 0.0094768 secs]
4.447: [GC (Allocation Failure)  129517K->9910K(506816K), 0.0091737 secs]
4.642: [GC (Allocation Failure)  129840K->10235K(506816K), 0.0092760 secs]
4.836: [GC (Allocation Failure)  130164K->10559K(506816K), 0.0086086 secs]
5.028: [GC (Allocation Failure)  133653K->11939K(506816K), 0.0090769 secs]
5.219: [GC (Allocation Failure)  131867K->12264K(506816K), 0.0093514 secs]
5.411: [GC (Allocation Failure)  132191K->12588K(506816K), 0.0090754 secs]
5.604: [GC (Allocation Failure)  132516K->12913K(506816K), 0.0093374 secs]
5.796: [GC (Allocation Failure)  132840K->13238K(506816K), 0.0095233 secs]
5.990: [GC (Allocation Failure)  133165K->13562K(506816K), 0.0092523 secs]
6.181: [GC (Allocation Failure)  133489K->13887K(506816K), 0.0095605 secs]
6.373: [GC (Allocation Failure)  133814K->14211K(506816K), 0.0094160 secs]
6.569: [GC (Allocation Failure)  134138K->14536K(506816K), 0.0098551 secs]
6.766: [GC (Allocation Failure)  134463K->14861K(506816K), 0.0099537 secs]
6.965: [GC (Allocation Failure)  134787K->15185K(506816K), 0.0100653 secs]
7.166: [GC (Allocation Failure)  135112K->15510K(506816K), 0.0105053 secs]
7.379: [GC (Allocation Failure)  135437K->15834K(506816K), 0.0096303 secs]
7.575: [GC (Allocation Failure)  140509K->17742K(506816K), 0.0110129 secs]
7.776: [GC (Allocation Failure)  137669K->18066K(506816K), 0.0122635 secs]
7.976: [GC (Allocation Failure)  137994K->18391K(506816K), 0.0104337 secs]
8.175: [GC (Allocation Failure)  138318K->18716K(506816K), 0.0098584 secs]
8.373: [GC (Allocation Failure)  138643K->19040K(506816K), 0.0098394 secs]
8.566: [GC (Allocation Failure)  138967K->19365K(506816K), 0.0097557 secs]
8.761: [GC (Allocation Failure)  139292K->19689K(506816K), 0.0097973 secs]
8.956: [GC (Allocation Failure)  139616K->20014K(506816K), 0.0096610 secs]
9.149: [GC (Allocation Failure)  139941K->20339K(506816K), 0.0099773 secs]
9.344: [GC (Allocation Failure)  140265K->20663K(506816K), 0.0103200 secs]
9.543: [GC (Allocation Failure)  140590K->20988K(506816K), 0.0098242 secs]
9.736: [GC (Allocation Failure)  140915K->21312K(506816K), 0.0100577 secs]
9.932: [GC (Allocation Failure)  141239K->21637K(506816K), 0.0105012 secs]
10.127: [GC (Allocation Failure)  141564K->21962K(506816K), 0.0112155 secs]
10.325: [GC (Allocation Failure)  141888K->22286K(506816K), 0.0074432 secs]
10.517: [GC (Allocation Failure)  142213K->22611K(506816K), 0.0081332 secs]
10.708: [GC (Allocation Failure)  142538K->22935K(506816K), 0.0085533 secs]
10.903: [GC (Allocation Failure)  142862K->23260K(506816K), 0.0092585 secs]
11.099: [GC (Allocation Failure)  143187K->23585K(506816K), 0.0086395 secs]
11.295: [GC (Allocation Failure)  143511K->23909K(506816K), 0.0086211 secs]
11.493: [GC (Allocation Failure)  150958K->31356K(506816K), 0.0159135 secs]
11.695: [GC (Allocation Failure)  151284K->31681K(506816K), 0.0152581 secs]
11.897: [GC (Allocation Failure)  151608K->32005K(506816K), 0.0089243 secs]
12.096: [GC (Allocation Failure)  151932K->32330K(506816K), 0.0092047 secs]
12.294: [GC (Allocation Failure)  152257K->32654K(506816K), 0.0087141 secs]
12.497: [GC (Allocation Failure)  152581K->32979K(506816K), 0.0100727 secs]
12.713: [GC (Allocation Failure)  152906K->33304K(506816K), 0.0033334 secs]
12.910: [GC (Allocation Failure)  153230K->33628K(506816K), 0.0038450 secs]
13.106: [GC (Allocation Failure)  153555K->33953K(506816K), 0.0043452 secs]
13.298: [GC (Allocation Failure)  153880K->34277K(506816K), 0.0052497 secs]
13.490: [GC (Allocation Failure)  154204K->34602K(506816K), 0.0053304 secs]
13.682: [GC (Allocation Failure)  154529K->34927K(506816K), 0.0062496 secs]
13.876: [GC (Allocation Failure)  154853K->35251K(506816K), 0.0062969 secs]
14.070: [GC (Allocation Failure)  155178K->35576K(506816K), 0.0072833 secs]
14.268: [GC (Allocation Failure)  155503K->35900K(506816K), 0.0076634 secs]
14.463: [GC (Allocation Failure)  155827K->36225K(506816K), 0.0082013 secs]
14.657: [GC (Allocation Failure)  156152K->36550K(506816K), 0.0085112 secs]
14.852: [GC (Allocation Failure)  156476K->36874K(506816K), 0.0088261 secs]
15.047: [GC (Allocation Failure)  156801K->37199K(506816K), 0.0087296 secs]
15.254: [GC (Allocation Failure)  157126K->37524K(506816K), 0.0086001 secs]
15.449: [GC (Allocation Failure)  157450K->37848K(506816K), 0.0086922 secs]
15.659: [GC (Allocation Failure)  157775K->38173K(506816K), 0.0088623 secs]
15.859: [GC (Allocation Failure)  158100K->38497K(506816K), 0.0087129 secs]
16.065: [GC (Allocation Failure)  158424K->38822K(506816K), 0.0089363 secs]
16.267: [GC (Allocation Failure)  158749K->39147K(506816K), 0.0090287 secs]
16.463: [GC (Allocation Failure)  159073K->39471K(506816K), 0.0089144 secs]
16.660: [GC (Allocation Failure)  159398K->39796K(506816K), 0.0083776 secs]
16.855: [GC (Allocation Failure)  159723K->40120K(506816K), 0.0086436 secs]
17.053: [GC (Allocation Failure)  160047K->40445K(506816K), 0.0086524 secs]
17.253: [GC (Allocation Failure)  171055K->51453K(506816K), 0.0193601 secs]
17.458: [GC (Allocation Failure)  171381K->51777K(506816K), 0.0200161 secs]
17.666: [GC (Allocation Failure)  171705K->52102K(506816K), 0.0012013 secs]
17.851: [GC (Allocation Failure)  172029K->52426K(506816K), 0.0018582 secs]
18.039: [GC (Allocation Failure)  172354K->52751K(506816K), 0.0022809 secs]
18.227: [GC (Allocation Failure)  172678K->53076K(506816K), 0.0026782 secs]
18.415: [GC (Allocation Failure)  173003K->53400K(506816K), 0.0033503 secs]
18.607: [GC (Allocation Failure)  173327K->53725K(506816K), 0.0039853 secs]
18.805: [GC (Allocation Failure)  173652K->54049K(506816K), 0.0045192 secs]
18.999: [GC (Allocation Failure)  173976K->54374K(506816K), 0.0048782 secs]
19.189: [GC (Allocation Failure)  174301K->54699K(506816K), 0.0054146 secs]
19.381: [GC (Allocation Failure)  174626K->55023K(506816K), 0.0061177 secs]
19.572: [GC (Allocation Failure)  174950K->55348K(506816K), 0.0064610 secs]
19.765: [GC (Allocation Failure)  175275K->55673K(506816K), 0.0073693 secs]
19.961: [GC (Allocation Failure)  175599K->55997K(506816K), 0.0079625 secs]
20.154: [GC (Allocation Failure)  175924K->56322K(506816K), 0.0080662 secs]
20.349: [GC (Allocation Failure)  176249K->56646K(506816K), 0.0090714 secs]
20.545: [GC (Allocation Failure)  176573K->56971K(506816K), 0.0085147 secs]
20.741: [GC (Allocation Failure)  176898K->57296K(506816K), 0.0083086 secs]
20.939: [GC (Allocation Failure)  177222K->57620K(506816K), 0.0089471 secs]
21.136: [GC (Allocation Failure)  177547K->57945K(506816K), 0.0087863 secs]
21.337: [GC (Allocation Failure)  177872K->58269K(506816K), 0.0086971 secs]
21.541: [GC (Allocation Failure)  178196K->58594K(506816K), 0.0086460 secs]
21.744: [GC (Allocation Failure)  178521K->58919K(506816K), 0.0113286 secs]
21.946: [GC (Allocation Failure)  178845K->59243K(506816K), 0.0086784 secs]
22.145: [GC (Allocation Failure)  179170K->59568K(506816K), 0.0085764 secs]
22.341: [GC (Allocation Failure)  179495K->59892K(506816K), 0.0086167 secs]
22.540: [GC (Allocation Failure)  179819K->60217K(506816K), 0.0085665 secs]
22.737: [GC (Allocation Failure)  180144K->60542K(506816K), 0.0087720 secs]
22.931: [GC (Allocation Failure)  180468K->60866K(506816K), 0.0088211 secs]
23.126: [GC (Allocation Failure)  180793K->61191K(506816K), 0.0088386 secs]
23.323: [GC (Allocation Failure)  181118K->61515K(506816K), 0.0084697 secs]
23.531: [GC (Allocation Failure)  181442K->61840K(506816K), 0.0089258 secs]
23.724: [GC (Allocation Failure)  181767K->62165K(506816K), 0.0085106 secs]
23.917: [GC (Allocation Failure)  182092K->62489K(506816K), 0.0090331 secs]
24.114: [GC (Allocation Failure)  182416K->62814K(506816K), 0.0096131 secs]
24.311: [GC (Allocation Failure)  182741K->63139K(506816K), 0.0088620 secs]
24.507: [GC (Allocation Failure)  183065K->63463K(506816K), 0.0086431 secs]
24.706: [GC (Allocation Failure)  183390K->63788K(506816K), 0.0087889 secs]
24.901: [GC (Allocation Failure)  183715K->64112K(506816K), 0.0092766 secs]
25.095: [GC (Allocation Failure)  184039K->64437K(506816K), 0.0086080 secs]
25.289: [GC (Allocation Failure)  184364K->64762K(506816K), 0.0086857 secs]
25.484: [GC (Allocation Failure)  184688K->65086K(506816K), 0.0087299 secs]
25.678: [GC (Allocation Failure)  185013K->65411K(506816K), 0.0084267 secs]
25.875: [GC (Allocation Failure)  201362K->81760K(506816K), 0.0249665 secs]
26.088: [GC (Allocation Failure)  201689K->82085K(506816K), 0.0105688 secs]
26.283: [GC (Allocation Failure)  202013K->82409K(506816K), 0.0109494 secs]
26.479: [GC (Allocation Failure)  202337K->82734K(506816K), 0.0109412 secs]
26.675: [GC (Allocation Failure)  202661K->83058K(506816K), 0.0100797 secs]
26.870: [GC (Allocation Failure)  202986K->83383K(506816K), 0.0102799 secs]
27.067: [GC (Allocation Failure)  203310K->83708K(506816K), 0.0100896 secs]
27.264: [GC (Allocation Failure)  203635K->84032K(506816K), 0.0100104 secs]
27.460: [GC (Allocation Failure)  203959K->84357K(506816K), 0.0095993 secs]
27.655: [GC (Allocation Failure)  204284K->84681K(506816K), 0.0097122 secs]
27.850: [GC (Allocation Failure)  204608K->85006K(506816K), 0.0097826 secs]
28.047: [GC (Allocation Failure)  204933K->85331K(506816K), 0.0095391 secs]
28.242: [GC (Allocation Failure)  205257K->85655K(506816K), 0.0090257 secs]
28.437: [GC (Allocation Failure)  205582K->85980K(506816K), 0.0090883 secs]
28.629: [GC (Allocation Failure)  205907K->86304K(506816K), 0.0088959 secs]
28.824: [GC (Allocation Failure)  206231K->86629K(506816K), 0.0086600 secs]
29.018: [GC (Allocation Failure)  206556K->86954K(506816K), 0.0089515 secs]
29.212: [GC (Allocation Failure)  206880K->87278K(506816K), 0.0089442 secs]
29.410: [GC (Allocation Failure)  207205K->87603K(506816K), 0.0085001 secs]
29.603: [GC (Allocation Failure)  207530K->87927K(506816K), 0.0093842 secs]
29.804: [GC (Allocation Failure)  207854K->88252K(506816K), 0.0088764 secs]
30.001: [GC (Allocation Failure)  208179K->88577K(506816K), 0.0088445 secs]
30.197: [GC (Allocation Failure)  208504K->88901K(506816K), 0.0088860 secs]
30.391: [GC (Allocation Failure)  208828K->89226K(506816K), 0.0085021 secs]
30.585: [GC (Allocation Failure)  209153K->89551K(506816K), 0.0088231 secs]
30.778: [GC (Allocation Failure)  209477K->89875K(506816K), 0.0084951 secs]
30.972: [GC (Allocation Failure)  209802K->90200K(506816K), 0.0085127 secs]
31.166: [GC (Allocation Failure)  210127K->90524K(506816K), 0.0090102 secs]
31.360: [GC (Allocation Failure)  210451K->90849K(506816K), 0.0086436 secs]
31.555: [GC (Allocation Failure)  210776K->91174K(506816K), 0.0085214 secs]
31.750: [GC (Allocation Failure)  211100K->91498K(506816K), 0.0085799 secs]
31.944: [GC (Allocation Failure)  211425K->91823K(506816K), 0.0086507 secs]
32.138: [GC (Allocation Failure)  211750K->92147K(506816K), 0.0088041 secs]
32.336: [GC (Allocation Failure)  212074K->92472K(506816K), 0.0089684 secs]
32.532: [GC (Allocation Failure)  212399K->92797K(506816K), 0.0088495 secs]
32.726: [GC (Allocation Failure)  212723K->93121K(506816K), 0.0086387 secs]
32.920: [GC (Allocation Failure)  213048K->93446K(506816K), 0.0089515 secs]
33.116: [GC (Allocation Failure)  213373K->93770K(506816K), 0.0090196 secs]
33.311: [GC (Allocation Failure)  213697K->94095K(506816K), 0.0085463 secs]
33.505: [GC (Allocation Failure)  214022K->94420K(506816K), 0.0088106 secs]
33.702: [GC (Allocation Failure)  214346K->94744K(506816K), 0.0087410 secs]
33.896: [GC (Allocation Failure)  214671K->95069K(506816K), 0.0089079 secs]
34.093: [GC (Allocation Failure)  214996K->95394K(506816K), 0.0086013 secs]
34.286: [GC (Allocation Failure)  215320K->95718K(506816K), 0.0088848 secs]
34.481: [GC (Allocation Failure)  215645K->96043K(506816K), 0.0091120 secs]
34.675: [GC (Allocation Failure)  215970K->96367K(506816K), 0.0088065 secs]
34.870: [GC (Allocation Failure)  216294K->96692K(506816K), 0.0090658 secs]
35.067: [GC (Allocation Failure)  216619K->97017K(506816K), 0.0088813 secs]
35.262: [GC (Allocation Failure)  216943K->97341K(506816K), 0.0085442 secs]
35.457: [GC (Allocation Failure)  217268K->97666K(506816K), 0.0086393 secs]
35.651: [GC (Allocation Failure)  217593K->97990K(506816K), 0.0088381 secs]
35.843: [GC (Allocation Failure)  217917K->98315K(506816K), 0.0084624 secs]
36.035: [GC (Allocation Failure)  218242K->98640K(506816K), 0.0087650 secs]
36.227: [GC (Allocation Failure)  218566K->98964K(506816K), 0.0084276 secs]
36.418: [GC (Allocation Failure)  218891K->99289K(506816K), 0.0088802 secs]
36.610: [GC (Allocation Failure)  219216K->99613K(506816K), 0.0084454 secs]
36.801: [GC (Allocation Failure)  219540K->99938K(506816K), 0.0085267 secs]
36.992: [GC (Allocation Failure)  219865K->100263K(506816K), 0.0084457 secs]
37.184: [GC (Allocation Failure)  220189K->100587K(506816K), 0.0085130 secs]
37.375: [GC (Allocation Failure)  220514K->100912K(506816K), 0.0085609 secs]
37.567: [GC (Allocation Failure)  220839K->101236K(506816K), 0.0087673 secs]
37.759: [GC (Allocation Failure)  221163K->101561K(506816K), 0.0083984 secs]
37.951: [GC (Allocation Failure)  221488K->101886K(506816K), 0.0086717 secs]
38.145: [GC (Allocation Failure)  221812K->102210K(506816K), 0.0085650 secs]
38.338: [GC (Allocation Failure)  222137K->102535K(506816K), 0.0086021 secs]
38.533: [GC (Allocation Failure)  222462K->102860K(506816K), 0.0088550 secs]
38.667: [GC (Allocation Failure)  207761K->127113K(506816K), 0.0322086 secs]
38.887: [GC (Allocation Failure)  247037K->127437K(506816K), 0.0107310 secs]
39.086: [GC (Allocation Failure)  247361K->127762K(506816K), 0.0106650 secs]
39.283: [GC (Allocation Failure)  247687K->128086K(506816K), 0.0101826 secs]
39.477: [GC (Allocation Failure)  248012K->128411K(506816K), 0.0101729 secs]
39.670: [GC (Allocation Failure)  248337K->128736K(506816K), 0.0103320 secs]
39.864: [GC (Allocation Failure)  248662K->129060K(506816K), 0.0098110 secs]
40.057: [GC (Allocation Failure)  248987K->129385K(506816K), 0.0094312 secs]
40.249: [GC (Allocation Failure)  249312K->129710K(506816K), 0.0093266 secs]
40.442: [GC (Allocation Failure)  249636K->130034K(506816K), 0.0093251 secs]
40.634: [GC (Allocation Failure)  249961K->130359K(506816K), 0.0094880 secs]
40.826: [GC (Allocation Failure)  250286K->130683K(506816K), 0.0091649 secs]
41.019: [GC (Allocation Failure)  250610K->131008K(506816K), 0.0090477 secs]
41.211: [GC (Allocation Failure)  250935K->131333K(506816K), 0.0090360 secs]
41.407: [GC (Allocation Failure)  251259K->131657K(506816K), 0.0087708 secs]
41.606: [GC (Allocation Failure)  251584K->131982K(506816K), 0.0086246 secs]
41.799: [GC (Allocation Failure)  251909K->132306K(506816K), 0.0089182 secs]
41.991: [GC (Allocation Failure)  252233K->132631K(506816K), 0.0085992 secs]
42.183: [GC (Allocation Failure)  252558K->132956K(506816K), 0.0087878 secs]
42.375: [GC (Allocation Failure)  252882K->133280K(506816K), 0.0085176 secs]
42.567: [GC (Allocation Failure)  253207K->133605K(506816K), 0.0087372 secs]
42.759: [GC (Allocation Failure)  253532K->133929K(506816K), 0.0085223 secs]
42.950: [GC (Allocation Failure)  253856K->134254K(506816K), 0.0086524 secs]
43.142: [GC (Allocation Failure)  254181K->134579K(506816K), 0.0085673 secs]
43.333: [GC (Allocation Failure)  254505K->134903K(506816K), 0.0087995 secs]
43.527: [GC (Allocation Failure)  254830K->135228K(506816K), 0.0087854 secs]
43.718: [GC (Allocation Failure)  255155K->135553K(506816K), 0.0085293 secs]
43.910: [GC (Allocation Failure)  255479K->135877K(506816K), 0.0084089 secs]
44.101: [GC (Allocation Failure)  255804K->136202K(506816K), 0.0088106 secs]
44.292: [GC (Allocation Failure)  256129K->136526K(506816K), 0.0084451 secs]
44.483: [GC (Allocation Failure)  256453K->136851K(506816K), 0.0087463 secs]
44.675: [GC (Allocation Failure)  256778K->137176K(506816K), 0.0085898 secs]
44.866: [GC (Allocation Failure)  257102K->137500K(506816K), 0.0087141 secs]
45.058: [GC (Allocation Failure)  257427K->137825K(506816K), 0.0084223 secs]
45.248: [GC (Allocation Failure)  257752K->138149K(506816K), 0.0092283 secs]
45.441: [GC (Allocation Failure)  258076K->138474K(506816K), 0.0087498 secs]
45.632: [GC (Allocation Failure)  258401K->138799K(506816K), 0.0087676 secs]
45.824: [GC (Allocation Failure)  258725K->139123K(506816K), 0.0086001 secs]
46.017: [GC (Allocation Failure)  259050K->139448K(506816K), 0.0089594 secs]
46.210: [GC (Allocation Failure)  259375K->139772K(506816K), 0.0086445 secs]
46.402: [GC (Allocation Failure)  259699K->140097K(506816K), 0.0085969 secs]
46.593: [GC (Allocation Failure)  260024K->140422K(506816K), 0.0085594 secs]
46.784: [GC (Allocation Failure)  260348K->140746K(506816K), 0.0085825 secs]
46.976: [GC (Allocation Failure)  260673K->141071K(506816K), 0.0085010 secs]
47.168: [GC (Allocation Failure)  260998K->141395K(506816K), 0.0088211 secs]
47.358: [GC (Allocation Failure)  261322K->141720K(506816K), 0.0086431 secs]
47.551: [GC (Allocation Failure)  261647K->142045K(506816K), 0.0087524 secs]
47.742: [GC (Allocation Failure)  261971K->142369K(506816K), 0.0086276 secs]
47.933: [GC (Allocation Failure)  262296K->142694K(506816K), 0.0086223 secs]
48.127: [GC (Allocation Failure)  262621K->143019K(506816K), 0.0085627 secs]
48.319: [GC (Allocation Failure)  262945K->143343K(506816K), 0.0089129 secs]
48.511: [GC (Allocation Failure)  263270K->143668K(506816K), 0.0088255 secs]
48.705: [GC (Allocation Failure)  263595K->143992K(506816K), 0.0089123 secs]
48.896: [GC (Allocation Failure)  263919K->144317K(506816K), 0.0087688 secs]
49.092: [GC (Allocation Failure)  264244K->144642K(506816K), 0.0085363 secs]
49.286: [GC (Allocation Failure)  264568K->144966K(506816K), 0.0086580 secs]
49.482: [GC (Allocation Failure)  264893K->145291K(506816K), 0.0087965 secs]
49.675: [GC (Allocation Failure)  265218K->145615K(506816K), 0.0088731 secs]
49.866: [GC (Allocation Failure)  265542K->145940K(506816K), 0.0086939 secs]
50.060: [GC (Allocation Failure)  265867K->146265K(506816K), 0.0085656 secs]
50.250: [GC (Allocation Failure)  266191K->146589K(506816K), 0.0098937 secs]
50.443: [GC (Allocation Failure)  266516K->146914K(506816K), 0.0085211 secs]
50.637: [GC (Allocation Failure)  266841K->147238K(506816K), 0.0084884 secs]
50.831: [GC (Allocation Failure)  267165K->147563K(506816K), 0.0085621 secs]
51.024: [GC (Allocation Failure)  267490K->147888K(506816K), 0.0087080 secs]
51.216: [GC (Allocation Failure)  267814K->148212K(506816K), 0.0084425 secs]
51.408: [GC (Allocation Failure)  268139K->148537K(506816K), 0.0084495 secs]
51.600: [GC (Allocation Failure)  268464K->148861K(506816K), 0.0086752 secs]
51.792: [GC (Allocation Failure)  268788K->149186K(506816K), 0.0085366 secs]
51.983: [GC (Allocation Failure)  269113K->149511K(506816K), 0.0087799 secs]
52.176: [GC (Allocation Failure)  269438K->149835K(506816K), 0.0086369 secs]
52.367: [GC (Allocation Failure)  269762K->150160K(506816K), 0.0087334 secs]
52.559: [GC (Allocation Failure)  270087K->150485K(506816K), 0.0084691 secs]
52.751: [GC (Allocation Failure)  270411K->150809K(506816K), 0.0092052 secs]
52.948: [GC (Allocation Failure)  270736K->151134K(506816K), 0.0089565 secs]
53.142: [GC (Allocation Failure)  271061K->151458K(506816K), 0.0084352 secs]
53.334: [GC (Allocation Failure)  271385K->151783K(506816K), 0.0086922 secs]
53.526: [GC (Allocation Failure)  271710K->152108K(506816K), 0.0084779 secs]
53.716: [GC (Allocation Failure)  272034K->152432K(506816K), 0.0088524 secs]
53.908: [GC (Allocation Failure)  272359K->152757K(506816K), 0.0085504 secs]
54.099: [GC (Allocation Failure)  272684K->153081K(506816K), 0.0086743 secs]
54.292: [GC (Allocation Failure)  273008K->153406K(506816K), 0.0087547 secs]
54.485: [GC (Allocation Failure)  273333K->153731K(506816K), 0.0086776 secs]
54.676: [GC (Allocation Failure)  273657K->154055K(506816K), 0.0087062 secs]
54.868: [GC (Allocation Failure)  273982K->154380K(506816K), 0.0086135 secs]
55.061: [GC (Allocation Failure)  274307K->154704K(506816K), 0.0084869 secs]
55.252: [GC (Allocation Failure)  274631K->155029K(506816K), 0.0086556 secs]
55.445: [GC (Allocation Failure)  274956K->155354K(506816K), 0.0084533 secs]
55.636: [GC (Allocation Failure)  275280K->155678K(506816K), 0.0086577 secs]
55.828: [GC (Allocation Failure)  275605K->156003K(506816K), 0.0087214 secs]
56.019: [GC (Allocation Failure)  275930K->156328K(506816K), 0.0088685 secs]
56.211: [GC (Allocation Failure)  276254K->156652K(506816K), 0.0086597 secs]
56.403: [GC (Allocation Failure)  276579K->156977K(506816K), 0.0087354 secs]
56.595: [GC (Allocation Failure)  276904K->157301K(506816K), 0.0085752 secs]
56.786: [GC (Allocation Failure)  277228K->157626K(506816K), 0.0086834 secs]
56.978: [GC (Allocation Failure)  277553K->157951K(506816K), 0.0083788 secs]
57.187: [GC (Allocation Failure)  277877K->158275K(506816K), 0.0086828 secs]
57.380: [GC (Allocation Failure)  278202K->158600K(506816K), 0.0084416 secs]
57.571: [GC (Allocation Failure)  278527K->158924K(506816K), 0.0086656 secs]
57.708: [GC (Allocation Failure)  275844K->195196K(506816K), 0.0430253 secs]
57.934: [GC (Allocation Failure)  315122K->195520K(506816K), 0.0108822 secs]
58.127: [GC (Allocation Failure)  315446K->195845K(506816K), 0.0103358 secs]
58.320: [GC (Allocation Failure)  315771K->196170K(506816K), 0.0103454 secs]
58.515: [GC (Allocation Failure)  316096K->196494K(506816K), 0.0101387 secs]
58.708: [GC (Allocation Failure)  316421K->196819K(506816K), 0.0101247 secs]
58.900: [GC (Allocation Failure)  316746K->197144K(506816K), 0.0100633 secs]
59.092: [GC (Allocation Failure)  317070K->197468K(506816K), 0.0096064 secs]
59.285: [GC (Allocation Failure)  317395K->197793K(506816K), 0.0094514 secs]
59.480: [GC (Allocation Failure)  317720K->198117K(506816K), 0.0095517 secs]
59.672: [GC (Allocation Failure)  318044K->198442K(506816K), 0.0094172 secs]
59.863: [GC (Allocation Failure)  318369K->198767K(506816K), 0.0091485 secs]
60.060: [GC (Allocation Failure)  318693K->199091K(506816K), 0.0113268 secs]
60.259: [GC (Allocation Failure)  319018K->199416K(506816K), 0.0088407 secs]
60.452: [GC (Allocation Failure)  319343K->199740K(506816K), 0.0088188 secs]
60.649: [GC (Allocation Failure)  319667K->200065K(506816K), 0.0089927 secs]
60.848: [GC (Allocation Failure)  319992K->200390K(506816K), 0.0091167 secs]
61.050: [GC (Allocation Failure)  320316K->200714K(506816K), 0.0090950 secs]
61.269: [GC (Allocation Failure)  320641K->201039K(506816K), 0.0109810 secs]
61.474: [GC (Allocation Failure)  320966K->201363K(506816K), 0.0089415 secs]
61.687: [GC (Allocation Failure)  321290K->201688K(506816K), 0.0092000 secs]
61.885: [GC (Allocation Failure)  321615K->202013K(506816K), 0.0087465 secs]
62.081: [GC (Allocation Failure)  321939K->202337K(506816K), 0.0088202 secs]
62.275: [GC (Allocation Failure)  322264K->202662K(506816K), 0.0086942 secs]
62.469: [GC (Allocation Failure)  322589K->202987K(506816K), 0.0085469 secs]
62.663: [GC (Allocation Failure)  322913K->203311K(506816K), 0.0087708 secs]
62.856: [GC (Allocation Failure)  323238K->203636K(506816K), 0.0088340 secs]
63.050: [GC (Allocation Failure)  323563K->203960K(506816K), 0.0087243 secs]
63.242: [GC (Allocation Failure)  323887K->204285K(506816K), 0.0085805 secs]
63.435: [GC (Allocation Failure)  324212K->204610K(506816K), 0.0085907 secs]
63.627: [GC (Allocation Failure)  324536K->204934K(506816K), 0.0086489 secs]
63.820: [GC (Allocation Failure)  324861K->205259K(506816K), 0.0086641 secs]
64.015: [GC (Allocation Failure)  325186K->205583K(506816K), 0.0087808 secs]
64.209: [GC (Allocation Failure)  325510K->205908K(506816K), 0.0087132 secs]
64.404: [GC (Allocation Failure)  325835K->206233K(506816K), 0.0091567 secs]
64.598: [GC (Allocation Failure)  326159K->206557K(506816K), 0.0088749 secs]
64.790: [GC (Allocation Failure)  326484K->206882K(506816K), 0.0087235 secs]
64.983: [GC (Allocation Failure)  326809K->207206K(506816K), 0.0090906 secs]
65.176: [GC (Allocation Failure)  327133K->207531K(506816K), 0.0089038 secs]
65.368: [GC (Allocation Failure)  327458K->207856K(506816K), 0.0087878 secs]
65.563: [GC (Allocation Failure)  327782K->208180K(506816K), 0.0086194 secs]
65.757: [GC (Allocation Failure)  328107K->208505K(506816K), 0.0087843 secs]
65.951: [GC (Allocation Failure)  328432K->208829K(506816K), 0.0090474 secs]
66.145: [GC (Allocation Failure)  328756K->209154K(506816K), 0.0085723 secs]
66.338: [GC (Allocation Failure)  329081K->209479K(506816K), 0.0087226 secs]
66.531: [GC (Allocation Failure)  329405K->209803K(506816K), 0.0086109 secs]
66.722: [GC (Allocation Failure)  329730K->210128K(506816K), 0.0087465 secs]
66.913: [GC (Allocation Failure)  330055K->210453K(506816K), 0.0085039 secs]
67.109: [GC (Allocation Failure)  330379K->210777K(506816K), 0.0087664 secs]
67.304: [GC (Allocation Failure)  330704K->211102K(506816K), 0.0090374 secs]
67.499: [GC (Allocation Failure)  331029K->211426K(506816K), 0.0089047 secs]
67.691: [GC (Allocation Failure)  331353K->211751K(506816K), 0.0085682 secs]
67.882: [GC (Allocation Failure)  331678K->212076K(506816K), 0.0087042 secs]
68.074: [GC (Allocation Failure)  332002K->212400K(506816K), 0.0086553 secs]
68.267: [GC (Allocation Failure)  332327K->212725K(506816K), 0.0087772 secs]
68.459: [GC (Allocation Failure)  332652K->213049K(506816K), 0.0087623 secs]
68.650: [GC (Allocation Failure)  332976K->213374K(506816K), 0.0087568 secs]
68.841: [GC (Allocation Failure)  333301K->213699K(506816K), 0.0083817 secs]
69.033: [GC (Allocation Failure)  333625K->214023K(506816K), 0.0087425 secs]
69.243: [GC (Allocation Failure)  333950K->214348K(506816K), 0.0087752 secs]
69.436: [GC (Allocation Failure)  334275K->214672K(506816K), 0.0088378 secs]
69.628: [GC (Allocation Failure)  334599K->214997K(506816K), 0.0083861 secs]
69.817: [GC (Allocation Failure)  334924K->215322K(506816K), 0.0085036 secs]
70.008: [GC (Allocation Failure)  335248K->215646K(506816K), 0.0083799 secs]
70.200: [GC (Allocation Failure)  335573K->215971K(506816K), 0.0085802 secs]
70.391: [GC (Allocation Failure)  335898K->216295K(506816K), 0.0086507 secs]
70.582: [GC (Allocation Failure)  336222K->216620K(506816K), 0.0088875 secs]
70.773: [GC (Allocation Failure)  336547K->216945K(506816K), 0.0086948 secs]
70.965: [GC (Allocation Failure)  336872K->217269K(506816K), 0.0087211 secs]
71.156: [GC (Allocation Failure)  337196K->217594K(506816K), 0.0087644 secs]
71.347: [GC (Allocation Failure)  337521K->217919K(506816K), 0.0086021 secs]
71.540: [GC (Allocation Failure)  337845K->218243K(506816K), 0.0085597 secs]
71.731: [GC (Allocation Failure)  338170K->218568K(506816K), 0.0087898 secs]
71.922: [GC (Allocation Failure)  338495K->218892K(506816K), 0.0087647 secs]
72.113: [GC (Allocation Failure)  338819K->219217K(506816K), 0.0090953 secs]
72.305: [GC (Allocation Failure)  339144K->219542K(506816K), 0.0087468 secs]
72.501: [GC (Allocation Failure)  339468K->219866K(506816K), 0.0087732 secs]
72.696: [GC (Allocation Failure)  339793K->220191K(506816K), 0.0085238 secs]
72.891: [GC (Allocation Failure)  340118K->220515K(506816K), 0.0084320 secs]
73.081: [GC (Allocation Failure)  340442K->220840K(506816K), 0.0086954 secs]
73.274: [GC (Allocation Failure)  340767K->221165K(506816K), 0.0084685 secs]
73.466: [GC (Allocation Failure)  341091K->221489K(506816K), 0.0087656 secs]
73.657: [GC (Allocation Failure)  341416K->221814K(506816K), 0.0085396 secs]
73.848: [GC (Allocation Failure)  341741K->222138K(506816K), 0.0084522 secs]
74.039: [GC (Allocation Failure)  342065K->222463K(506816K), 0.0090521 secs]
74.231: [GC (Allocation Failure)  342390K->222788K(506816K), 0.0087115 secs]
74.423: [GC (Allocation Failure)  342714K->223112K(506816K), 0.0088462 secs]
74.614: [GC (Allocation Failure)  343039K->223437K(506816K), 0.0088398 secs]
74.806: [GC (Allocation Failure)  343364K->223762K(506816K), 0.0087334 secs]
74.997: [GC (Allocation Failure)  343688K->224086K(506816K), 0.0086524 secs]
75.190: [GC (Allocation Failure)  344013K->224411K(506816K), 0.0085682 secs]
75.381: [GC (Allocation Failure)  344338K->224735K(506816K), 0.0087153 secs]
75.572: [GC (Allocation Failure)  344662K->225060K(506816K), 0.0086875 secs]
75.764: [GC (Allocation Failure)  344987K->225385K(506816K), 0.0084817 secs]
75.956: [GC (Allocation Failure)  345311K->225709K(506816K), 0.0087463 secs]
76.148: [GC (Allocation Failure)  345636K->226034K(506816K), 0.0086752 secs]
76.338: [GC (Allocation Failure)  345961K->226358K(506816K), 0.0087813 secs]
76.531: [GC (Allocation Failure)  346285K->226683K(506816K), 0.0084767 secs]
76.721: [GC (Allocation Failure)  346610K->227008K(506816K), 0.0086679 secs]
76.912: [GC (Allocation Failure)  346934K->227332K(506816K), 0.0085574 secs]
77.104: [GC (Allocation Failure)  347259K->227657K(506816K), 0.0087667 secs]
77.296: [GC (Allocation Failure)  347584K->227981K(506816K), 0.0086083 secs]
77.488: [GC (Allocation Failure)  347908K->228306K(506816K), 0.0087603 secs]
77.679: [GC (Allocation Failure)  348233K->228631K(506816K), 0.0086445 secs]
77.870: [GC (Allocation Failure)  348557K->228955K(506816K), 0.0087559 secs]
78.062: [GC (Allocation Failure)  348882K->229280K(506816K), 0.0084630 secs]
78.252: [GC (Allocation Failure)  349207K->229604K(506816K), 0.0086776 secs]
78.444: [GC (Allocation Failure)  349531K->229929K(506816K), 0.0085258 secs]
78.634: [GC (Allocation Failure)  349856K->230254K(506816K), 0.0086846 secs]
78.827: [GC (Allocation Failure)  350180K->230578K(506816K), 0.0085726 secs]
79.018: [GC (Allocation Failure)  350505K->230903K(506816K), 0.0085249 secs]
79.209: [GC (Allocation Failure)  350830K->231228K(506816K), 0.0086431 secs]
79.401: [GC (Allocation Failure)  351154K->231552K(506816K), 0.0089027 secs]
79.593: [GC (Allocation Failure)  351479K->231877K(506816K), 0.0087983 secs]
79.785: [GC (Allocation Failure)  351804K->232201K(506816K), 0.0088509 secs]
79.977: [GC (Allocation Failure)  352128K->232526K(506816K), 0.0087045 secs]
80.168: [GC (Allocation Failure)  352453K->232851K(506816K), 0.0087536 secs]
80.360: [GC (Allocation Failure)  352777K->233175K(506816K), 0.0087460 secs]
80.552: [GC (Allocation Failure)  353102K->233500K(506816K), 0.0087916 secs]
80.743: [GC (Allocation Failure)  353427K->233824K(506816K), 0.0085688 secs]
80.934: [GC (Allocation Failure)  353751K->234149K(506816K), 0.0087375 secs]
81.124: [GC (Allocation Failure)  354076K->234474K(506816K), 0.0085884 secs]
81.315: [GC (Allocation Failure)  354400K->234798K(506816K), 0.0085440 secs]
81.509: [GC (Allocation Failure)  354725K->235123K(506816K), 0.0088027 secs]
81.701: [GC (Allocation Failure)  355050K->235447K(506816K), 0.0088600 secs]
81.892: [GC (Allocation Failure)  355374K->235772K(506816K), 0.0087828 secs]
82.084: [GC (Allocation Failure)  355699K->236097K(506816K), 0.0086951 secs]
82.275: [GC (Allocation Failure)  356023K->236421K(506816K), 0.0086243 secs]
82.467: [GC (Allocation Failure)  356348K->236746K(506816K), 0.0085735 secs]
82.659: [GC (Allocation Failure)  356673K->237070K(506816K), 0.0086062 secs]
82.850: [GC (Allocation Failure)  356997K->237395K(506816K), 0.0087910 secs]
83.041: [GC (Allocation Failure)  357322K->237720K(506816K), 0.0085434 secs]
83.233: [GC (Allocation Failure)  357647K->238044K(506816K), 0.0087313 secs]
83.425: [GC (Allocation Failure)  357971K->238369K(506816K), 0.0088948 secs]
83.618: [GC (Allocation Failure)  358296K->238694K(506816K), 0.0089196 secs]
83.812: [GC (Allocation Failure)  358620K->239018K(506816K), 0.0087068 secs]
84.006: [GC (Allocation Failure)  358945K->239343K(506816K), 0.0091298 secs]
84.202: [GC (Allocation Failure)  359270K->239667K(506816K), 0.0088249 secs]
84.395: [GC (Allocation Failure)  359594K->239992K(506816K), 0.0088100 secs]
84.592: [GC (Allocation Failure)  359919K->240317K(506816K), 0.0090342 secs]
84.789: [GC (Allocation Failure)  360243K->240641K(506816K), 0.0093663 secs]
84.983: [GC (Allocation Failure)  360568K->240966K(506816K), 0.0086390 secs]
85.175: [GC (Allocation Failure)  360893K->241290K(506816K), 0.0088521 secs]
85.368: [GC (Allocation Failure)  361217K->241615K(506816K), 0.0087752 secs]
85.561: [GC (Allocation Failure)  361542K->241940K(506816K), 0.0085589 secs]
85.752: [GC (Allocation Failure)  361866K->242264K(506816K), 0.0086805 secs]
85.946: [GC (Allocation Failure)  362191K->242589K(506816K), 0.0087568 secs]
86.141: [GC (Allocation Failure)  362516K->242913K(506816K), 0.0091243 secs]
86.314: [GC (Allocation Failure)  362840K->282265K(506816K), 0.0199734 secs]
86.488: [GC (Allocation Failure)  417212K->336600K(506816K), 0.0586172 secs]
86.729: [Full GC (Allocation Failure)  456528K->211062K(506816K), 0.3780165 secs]
87.293: [GC (Allocation Failure)  330990K->211387K(506816K), 0.0007233 secs]
87.478: [GC (Allocation Failure)  331314K->211712K(506816K), 0.0012513 secs]
87.663: [GC (Allocation Failure)  331639K->212036K(506816K), 0.0017445 secs]
87.849: [GC (Allocation Failure)  331963K->212361K(506816K), 0.0022552 secs]
88.036: [GC (Allocation Failure)  332288K->212685K(506816K), 0.0027446 secs]
88.222: [GC (Allocation Failure)  332612K->213010K(506816K), 0.0034208 secs]
88.408: [GC (Allocation Failure)  332937K->213335K(506816K), 0.0038523 secs]
88.595: [GC (Allocation Failure)  333261K->213659K(506816K), 0.0043663 secs]
88.782: [GC (Allocation Failure)  333586K->213984K(506816K), 0.0049571 secs]
88.970: [GC (Allocation Failure)  333911K->214308K(506816K), 0.0054208 secs]
89.159: [GC (Allocation Failure)  334235K->214633K(506816K), 0.0060876 secs]
89.349: [GC (Allocation Failure)  334560K->214958K(506816K), 0.0065878 secs]
89.539: [GC (Allocation Failure)  334884K->215282K(506816K), 0.0074202 secs]
89.729: [GC (Allocation Failure)  335209K->215607K(506816K), 0.0074321 secs]
89.919: [GC (Allocation Failure)  335534K->215932K(506816K), 0.0081525 secs]
90.112: [GC (Allocation Failure)  335858K->216256K(506816K), 0.0086080 secs]
90.303: [GC (Allocation Failure)  336183K->216581K(506816K), 0.0087007 secs]
90.494: [GC (Allocation Failure)  336508K->216905K(506816K), 0.0086398 secs]
90.686: [GC (Allocation Failure)  336832K->217230K(506816K), 0.0089924 secs]
90.877: [GC (Allocation Failure)  337157K->217555K(506816K), 0.0087159 secs]
91.069: [GC (Allocation Failure)  337481K->217879K(506816K), 0.0086901 secs]
91.260: [GC (Allocation Failure)  337806K->218204K(506816K), 0.0086106 secs]
91.452: [GC (Allocation Failure)  338131K->218528K(506816K), 0.0088538 secs]
91.643: [GC (Allocation Failure)  338455K->218853K(506816K), 0.0087080 secs]
91.835: [GC (Allocation Failure)  338780K->219178K(506816K), 0.0086454 secs]
92.026: [GC (Allocation Failure)  339104K->219502K(506816K), 0.0086249 secs]
92.219: [GC (Allocation Failure)  339429K->219827K(506816K), 0.0085144 secs]
92.411: [GC (Allocation Failure)  339754K->220151K(506816K), 0.0084419 secs]
92.602: [GC (Allocation Failure)  340078K->220476K(506816K), 0.0085361 secs]
92.796: [GC (Allocation Failure)  340403K->220801K(506816K), 0.0089351 secs]
92.987: [GC (Allocation Failure)  340727K->221125K(506816K), 0.0087223 secs]
93.178: [GC (Allocation Failure)  341052K->221450K(506816K), 0.0085486 secs]
93.371: [GC (Allocation Failure)  341377K->221774K(506816K), 0.0088913 secs]
93.563: [GC (Allocation Failure)  341701K->222099K(506816K), 0.0085065 secs]
93.760: [GC (Allocation Failure)  342026K->222424K(506816K), 0.0092599 secs]
93.953: [GC (Allocation Failure)  342351K->222748K(506816K), 0.0086764 secs]
94.144: [GC (Allocation Failure)  342675K->223073K(506816K), 0.0087574 secs]
94.338: [GC (Allocation Failure)  343000K->223398K(506816K), 0.0090059 secs]
94.533: [GC (Allocation Failure)  343324K->223722K(506816K), 0.0088699 secs]
94.730: [GC (Allocation Failure)  343649K->224047K(506816K), 0.0085896 secs]
94.922: [GC (Allocation Failure)  343974K->224371K(506816K), 0.0087112 secs]
95.114: [GC (Allocation Failure)  344298K->224696K(506816K), 0.0086305 secs]
95.305: [GC (Allocation Failure)  344623K->225021K(506816K), 0.0087153 secs]
95.498: [GC (Allocation Failure)  344947K->225345K(506816K), 0.0084106 secs]
95.689: [GC (Allocation Failure)  345272K->225670K(506816K), 0.0084317 secs]
95.880: [GC (Allocation Failure)  345597K->225994K(506816K), 0.0084489 secs]
96.072: [GC (Allocation Failure)  345921K->226319K(506816K), 0.0084399 secs]
96.263: [GC (Allocation Failure)  346246K->226644K(506816K), 0.0084399 secs]
96.455: [GC (Allocation Failure)  346570K->226968K(506816K), 0.0086609 secs]
96.647: [GC (Allocation Failure)  346895K->227293K(506816K), 0.0086390 secs]
96.840: [GC (Allocation Failure)  347220K->227617K(506816K), 0.0090965 secs]
97.036: [GC (Allocation Failure)  347544K->227942K(506816K), 0.0088793 secs]
97.232: [GC (Allocation Failure)  347869K->228267K(506816K), 0.0085059 secs]
97.425: [GC (Allocation Failure)  348193K->228591K(506816K), 0.0086694 secs]
97.618: [GC (Allocation Failure)  348518K->228916K(506816K), 0.0085168 secs]
97.810: [GC (Allocation Failure)  348843K->229241K(506816K), 0.0085764 secs]
98.003: [GC (Allocation Failure)  349167K->229565K(506816K), 0.0086694 secs]
98.195: [GC (Allocation Failure)  349492K->229890K(506816K), 0.0086346 secs]
98.388: [GC (Allocation Failure)  349817K->230214K(506816K), 0.0087752 secs]
98.579: [GC (Allocation Failure)  350141K->230539K(506816K), 0.0085948 secs]
98.770: [GC (Allocation Failure)  350466K->230864K(506816K), 0.0085922 secs]
98.962: [GC (Allocation Failure)  350790K->231188K(506816K), 0.0084446 secs]
99.154: [GC (Allocation Failure)  351115K->231513K(506816K), 0.0084440 secs]
99.346: [GC (Allocation Failure)  351440K->231837K(506816K), 0.0083946 secs]
99.537: [GC (Allocation Failure)  351764K->232162K(506816K), 0.0087618 secs]
99.728: [GC (Allocation Failure)  352089K->232487K(506816K), 0.0083718 secs]
99.919: [GC (Allocation Failure)  352413K->232811K(506816K), 0.0086048 secs]
100.111: [GC (Allocation Failure)  352738K->233136K(506816K), 0.0086331 secs]
100.301: [GC (Allocation Failure)  353063K->233460K(506816K), 0.0088000 secs]
100.494: [GC (Allocation Failure)  353387K->233785K(506816K), 0.0084568 secs]
100.686: [GC (Allocation Failure)  353712K->234110K(506816K), 0.0086466 secs]
100.877: [GC (Allocation Failure)  354036K->234434K(506816K), 0.0086074 secs]
101.068: [GC (Allocation Failure)  354361K->234759K(506816K), 0.0085808 secs]
101.259: [GC (Allocation Failure)  354686K->235083K(506816K), 0.0086662 secs]
101.451: [GC (Allocation Failure)  355010K->235408K(506816K), 0.0088992 secs]
101.642: [GC (Allocation Failure)  355335K->235733K(506816K), 0.0085831 secs]
101.835: [GC (Allocation Failure)  355659K->236057K(506816K), 0.0086053 secs]
102.026: [GC (Allocation Failure)  355984K->236382K(506816K), 0.0085574 secs]
102.217: [GC (Allocation Failure)  356309K->236707K(506816K), 0.0087530 secs]
102.410: [GC (Allocation Failure)  356633K->237031K(506816K), 0.0084612 secs]
102.601: [GC (Allocation Failure)  356958K->237356K(506816K), 0.0084907 secs]
102.792: [GC (Allocation Failure)  357283K->237680K(506816K), 0.0085799 secs]
102.983: [GC (Allocation Failure)  357607K->238005K(506816K), 0.0085118 secs]
103.174: [GC (Allocation Failure)  357932K->238330K(506816K), 0.0089120 secs]
103.367: [GC (Allocation Failure)  358256K->238654K(506816K), 0.0085831 secs]
103.560: [GC (Allocation Failure)  358581K->238979K(506816K), 0.0086524 secs]
103.751: [GC (Allocation Failure)  358906K->239303K(506816K), 0.0086401 secs]
103.942: [GC (Allocation Failure)  359230K->239628K(506816K), 0.0086287 secs]
104.133: [GC (Allocation Failure)  359555K->239953K(506816K), 0.0087644 secs]
104.326: [GC (Allocation Failure)  359879K->240277K(506816K), 0.0087381 secs]
104.518: [GC (Allocation Failure)  360204K->240602K(506816K), 0.0088115 secs]
104.710: [GC (Allocation Failure)  360529K->240926K(506816K), 0.0087159 secs]
104.901: [GC (Allocation Failure)  360853K->241251K(506816K), 0.0087311 secs]
105.092: [GC (Allocation Failure)  361178K->241576K(506816K), 0.0087167 secs]
105.283: [GC (Allocation Failure)  361502K->241900K(506816K), 0.0085910 secs]
105.474: [GC (Allocation Failure)  361827K->242225K(506816K), 0.0086682 secs]
105.666: [GC (Allocation Failure)  362152K->242549K(506816K), 0.0083873 secs]
105.858: [GC (Allocation Failure)  362476K->242874K(506816K), 0.0085413 secs]
106.051: [GC (Allocation Failure)  362801K->243199K(506816K), 0.0086124 secs]
106.242: [GC (Allocation Failure)  363126K->243523K(506816K), 0.0085510 secs]
106.434: [GC (Allocation Failure)  363450K->243848K(506816K), 0.0086559 secs]
106.625: [GC (Allocation Failure)  363775K->244173K(506816K), 0.0084904 secs]
106.816: [GC (Allocation Failure)  364099K->244497K(506816K), 0.0086103 secs]
107.008: [GC (Allocation Failure)  364424K->244822K(506816K), 0.0086808 secs]
107.199: [GC (Allocation Failure)  364749K->245146K(506816K), 0.0086460 secs]
107.392: [GC (Allocation Failure)  365073K->245471K(506816K), 0.0087936 secs]
107.584: [GC (Allocation Failure)  365398K->245796K(506816K), 0.0087220 secs]
107.776: [GC (Allocation Failure)  365722K->246120K(506816K), 0.0084434 secs]
107.967: [GC (Allocation Failure)  366047K->246445K(506816K), 0.0086925 secs]
108.159: [GC (Allocation Failure)  366372K->246769K(506816K), 0.0085621 secs]
108.350: [GC (Allocation Failure)  366696K->247094K(506816K), 0.0088188 secs]
108.543: [GC (Allocation Failure)  367021K->247419K(506816K), 0.0083373 secs]
108.736: [GC (Allocation Failure)  367345K->247743K(506816K), 0.0090807 secs]
108.928: [GC (Allocation Failure)  367670K->248068K(506816K), 0.0085618 secs]
109.120: [GC (Allocation Failure)  367995K->248392K(506816K), 0.0088299 secs]
109.311: [GC (Allocation Failure)  368319K->248717K(506816K), 0.0085334 secs]
109.504: [GC (Allocation Failure)  368644K->249042K(506816K), 0.0085922 secs]
109.698: [GC (Allocation Failure)  368968K->249366K(506816K), 0.0085998 secs]
109.890: [GC (Allocation Failure)  369293K->249691K(506816K), 0.0085758 secs]
110.082: [GC (Allocation Failure)  369618K->250016K(506816K), 0.0085784 secs]
110.275: [GC (Allocation Failure)  369942K->250340K(506816K), 0.0086778 secs]
110.475: [GC (Allocation Failure)  370267K->250665K(506816K), 0.0086203 secs]
110.666: [GC (Allocation Failure)  370592K->250989K(506816K), 0.0085597 secs]
110.857: [GC (Allocation Failure)  370916K->251314K(506816K), 0.0087679 secs]
111.048: [GC (Allocation Failure)  371241K->251639K(506816K), 0.0085659 secs]
111.239: [GC (Allocation Failure)  371565K->251963K(506816K), 0.0085635 secs]
111.430: [GC (Allocation Failure)  371890K->252288K(506816K), 0.0085612 secs]
111.622: [GC (Allocation Failure)  372215K->252612K(506816K), 0.0086773 secs]
111.814: [GC (Allocation Failure)  372539K->252937K(506816K), 0.0085384 secs]
112.004: [GC (Allocation Failure)  372864K->253262K(506816K), 0.0087170 secs]
112.196: [GC (Allocation Failure)  373188K->253586K(506816K), 0.0084077 secs]
112.389: [GC (Allocation Failure)  373513K->253911K(506816K), 0.0085668 secs]
112.580: [GC (Allocation Failure)  373838K->254235K(506816K), 0.0085708 secs]
112.771: [GC (Allocation Failure)  374162K->254560K(506816K), 0.0087436 secs]
112.964: [GC (Allocation Failure)  374487K->254885K(506816K), 0.0085913 secs]
113.155: [GC (Allocation Failure)  374811K->255209K(506816K), 0.0086167 secs]
113.348: [GC (Allocation Failure)  375136K->255534K(506816K), 0.0085299 secs]
113.540: [GC (Allocation Failure)  375461K->255858K(506816K), 0.0086243 secs]
113.731: [GC (Allocation Failure)  375785K->256183K(506816K), 0.0085393 secs]
113.923: [GC (Allocation Failure)  376110K->256508K(506816K), 0.0085706 secs]
114.114: [GC (Allocation Failure)  376434K->256832K(506816K), 0.0086252 secs]
114.306: [GC (Allocation Failure)  376759K->257157K(506816K), 0.0085837 secs]
114.497: [GC (Allocation Failure)  377084K->257482K(506816K), 0.0085384 secs]
114.688: [GC (Allocation Failure)  377408K->257806K(506816K), 0.0087047 secs]
114.880: [GC (Allocation Failure)  377733K->258131K(506816K), 0.0087501 secs]
115.071: [GC (Allocation Failure)  378058K->258455K(506816K), 0.0088015 secs]
115.262: [GC (Allocation Failure)  378382K->258780K(506816K), 0.0085121 secs]
115.453: [GC (Allocation Failure)  378707K->259105K(506816K), 0.0088249 secs]
115.645: [GC (Allocation Failure)  379031K->259429K(506816K), 0.0086644 secs]
115.836: [GC (Allocation Failure)  379356K->259754K(506816K), 0.0087319 secs]
116.027: [GC (Allocation Failure)  379681K->260078K(506816K), 0.0086203 secs]
116.218: [GC (Allocation Failure)  380005K->260403K(506816K), 0.0086761 secs]
116.409: [GC (Allocation Failure)  380330K->260728K(506816K), 0.0084387 secs]
116.600: [GC (Allocation Failure)  380654K->261052K(506816K), 0.0085179 secs]
116.792: [GC (Allocation Failure)  380979K->261377K(506816K), 0.0088112 secs]
116.983: [GC (Allocation Failure)  381304K->261701K(506816K), 0.0087191 secs]
117.175: [GC (Allocation Failure)  381628K->262026K(506816K), 0.0089190 secs]
117.366: [GC (Allocation Failure)  381953K->262351K(506816K), 0.0085375 secs]
117.557: [GC (Allocation Failure)  382277K->262675K(506816K), 0.0084653 secs]
117.748: [GC (Allocation Failure)  382602K->263000K(506816K), 0.0087463 secs]
117.940: [GC (Allocation Failure)  382927K->263324K(506816K), 0.0087293 secs]
118.130: [GC (Allocation Failure)  383251K->263649K(506816K), 0.0086191 secs]
118.322: [GC (Allocation Failure)  383576K->263974K(506816K), 0.0089886 secs]
118.515: [GC (Allocation Failure)  383901K->264298K(506816K), 0.0087965 secs]
118.706: [GC (Allocation Failure)  384225K->264623K(506816K), 0.0086200 secs]
118.897: [GC (Allocation Failure)  384550K->264948K(506816K), 0.0085834 secs]
119.088: [GC (Allocation Failure)  384874K->265272K(506816K), 0.0088059 secs]
119.279: [GC (Allocation Failure)  385199K->265597K(506816K), 0.0087278 secs]
119.471: [GC (Allocation Failure)  385524K->265921K(506816K), 0.0089594 secs]
119.663: [GC (Allocation Failure)  385848K->266246K(506816K), 0.0084255 secs]
119.855: [GC (Allocation Failure)  386173K->266571K(506816K), 0.0088290 secs]
120.047: [GC (Allocation Failure)  386497K->266895K(506816K), 0.0086118 secs]
120.238: [GC (Allocation Failure)  386822K->267220K(506816K), 0.0090424 secs]
120.430: [GC (Allocation Failure)  387147K->267544K(506816K), 0.0088363 secs]
120.622: [GC (Allocation Failure)  387471K->267869K(506816K), 0.0086457 secs]
120.813: [GC (Allocation Failure)  387796K->268194K(506816K), 0.0086255 secs]
121.003: [GC (Allocation Failure)  388120K->268518K(506816K), 0.0089339 secs]
121.197: [GC (Allocation Failure)  388445K->268843K(506816K), 0.0087077 secs]
121.389: [GC (Allocation Failure)  388770K->269167K(506816K), 0.0087249 secs]
121.585: [GC (Allocation Failure)  389094K->269492K(506816K), 0.0090564 secs]
121.781: [GC (Allocation Failure)  389419K->269817K(506816K), 0.0086989 secs]
121.974: [GC (Allocation Failure)  389743K->270141K(506816K), 0.0086746 secs]
122.167: [GC (Allocation Failure)  390068K->270466K(506816K), 0.0083174 secs]
122.358: [GC (Allocation Failure)  390393K->270791K(506816K), 0.0087112 secs]
122.551: [GC (Allocation Failure)  390717K->271115K(506816K), 0.0088036 secs]
122.743: [GC (Allocation Failure)  391042K->271440K(506816K), 0.0085323 secs]
122.937: [GC (Allocation Failure)  391367K->271764K(506816K), 0.0085679 secs]
123.129: [GC (Allocation Failure)  391691K->272089K(506816K), 0.0085273 secs]
123.320: [GC (Allocation Failure)  392016K->272414K(506816K), 0.0086626 secs]
123.512: [GC (Allocation Failure)  392340K->272738K(506816K), 0.0084846 secs]
123.703: [GC (Allocation Failure)  392665K->273063K(506816K), 0.0089363 secs]
123.894: [GC (Allocation Failure)  392990K->273387K(506816K), 0.0086755 secs]
124.087: [GC (Allocation Failure)  393314K->273712K(506816K), 0.0087857 secs]
124.280: [GC (Allocation Failure)  393639K->274037K(506816K), 0.0086846 secs]
124.474: [GC (Allocation Failure)  393963K->274361K(506816K), 0.0091254 secs]
124.670: [GC (Allocation Failure)  394288K->274686K(506816K), 0.0088980 secs]
124.868: [GC (Allocation Failure)  394613K->275010K(506816K), 0.0089646 secs]
125.065: [GC (Allocation Failure)  394937K->275335K(506816K), 0.0089907 secs]
125.257: [GC (Allocation Failure)  395262K->275660K(506816K), 0.0086489 secs]
125.449: [GC (Allocation Failure)  395586K->275984K(506816K), 0.0085980 secs]
125.643: [GC (Allocation Failure)  395911K->276309K(506816K), 0.0089874 secs]
125.839: [GC (Allocation Failure)  396236K->276633K(506816K), 0.0091085 secs]
126.032: [GC (Allocation Failure)  396560K->276958K(506816K), 0.0085518 secs]
126.224: [GC (Allocation Failure)  396885K->277283K(506816K), 0.0087743 secs]
126.423: [GC (Allocation Failure)  397209K->277607K(506816K), 0.0089044 secs]
126.616: [GC (Allocation Failure)  397534K->277932K(506816K), 0.0085323 secs]
126.807: [GC (Allocation Failure)  397859K->278257K(506816K), 0.0084694 secs]
126.998: [GC (Allocation Failure)  398183K->278581K(506816K), 0.0082653 secs]
127.190: [GC (Allocation Failure)  398508K->278906K(506816K), 0.0085846 secs]
127.381: [GC (Allocation Failure)  398833K->279230K(506816K), 0.0085428 secs]
127.572: [GC (Allocation Failure)  399157K->279555K(506816K), 0.0085314 secs]
127.765: [GC (Allocation Failure)  399482K->279880K(506816K), 0.0084530 secs]
127.957: [GC (Allocation Failure)  399806K->280204K(506816K), 0.0087916 secs]
128.149: [GC (Allocation Failure)  400131K->280529K(506816K), 0.0084948 secs]
128.341: [GC (Allocation Failure)  400456K->280853K(506816K), 0.0087597 secs]
128.533: [GC (Allocation Failure)  400780K->281178K(506816K), 0.0085530 secs]
128.725: [GC (Allocation Failure)  401105K->281503K(506816K), 0.0086773 secs]
128.917: [GC (Allocation Failure)  401429K->281827K(506816K), 0.0086580 secs]
129.109: [GC (Allocation Failure)  401754K->282152K(506816K), 0.0087293 secs]
129.303: [GC (Allocation Failure)  402079K->282476K(506816K), 0.0086629 secs]
129.376: [GC (Allocation Failure)  363341K->321648K(506816K), 0.0138598 secs]
129.524: [GC (Allocation Failure) , 0.0759612 secs]
129.600: [Full GC (Allocation Failure)  444780K->309842K(506816K), 0.4832213 secs]
130.266: [GC (Allocation Failure)  429762K->310167K(506816K), 0.0007484 secs]
130.451: [GC (Allocation Failure)  430088K->310492K(506816K), 0.0012907 secs]
130.636: [GC (Allocation Failure)  430415K->310816K(506816K), 0.0018216 secs]
130.821: [GC (Allocation Failure)  430741K->311141K(506816K), 0.0023049 secs]
131.005: [GC (Allocation Failure)  431066K->311465K(506816K), 0.0027238 secs]
131.192: [GC (Allocation Failure)  431391K->311790K(506816K), 0.0034196 secs]
131.379: [GC (Allocation Failure)  431716K->312115K(506816K), 0.0038014 secs]
131.567: [GC (Allocation Failure)  432041K->312439K(506816K), 0.0042666 secs]
131.755: [GC (Allocation Failure)  432366K->312764K(506816K), 0.0050612 secs]
131.943: [GC (Allocation Failure)  432690K->313088K(506816K), 0.0054751 secs]
132.132: [GC (Allocation Failure)  433015K->313413K(506816K), 0.0059090 secs]
132.321: [GC (Allocation Failure)  433340K->313738K(506816K), 0.0065311 secs]
132.512: [GC (Allocation Failure)  433664K->314062K(506816K), 0.0068670 secs]
132.703: [GC (Allocation Failure)  433989K->314387K(506816K), 0.0077675 secs]
132.893: [GC (Allocation Failure)  434314K->314712K(506816K), 0.0081461 secs]
133.084: [GC (Allocation Failure)  434638K->315036K(506816K), 0.0085735 secs]
133.275: [GC (Allocation Failure)  434963K->315361K(506816K), 0.0090693 secs]
133.467: [GC (Allocation Failure)  435288K->315685K(506816K), 0.0087226 secs]
133.658: [GC (Allocation Failure)  435612K->316010K(506816K), 0.0084662 secs]
133.849: [GC (Allocation Failure)  435937K->316335K(506816K), 0.0082782 secs]
134.041: [GC (Allocation Failure)  436261K->316659K(506816K), 0.0086998 secs]
134.234: [GC (Allocation Failure)  436586K->316984K(506816K), 0.0084253 secs]
134.426: [GC (Allocation Failure)  436911K->317308K(506816K), 0.0088813 secs]
134.618: [GC (Allocation Failure)  437235K->317633K(506816K), 0.0086872 secs]
134.810: [GC (Allocation Failure)  437560K->317958K(506816K), 0.0085203 secs]
135.002: [GC (Allocation Failure)  437884K->318282K(506816K), 0.0088679 secs]
135.198: [GC (Allocation Failure)  438209K->318607K(506816K), 0.0086714 secs]
135.395: [GC (Allocation Failure)  438534K->318931K(506816K), 0.0087565 secs]
135.588: [GC (Allocation Failure)  438858K->319256K(506816K), 0.0084802 secs]
135.781: [GC (Allocation Failure)  439183K->319581K(506816K), 0.0083378 secs]
135.972: [GC (Allocation Failure)  439507K->319905K(506816K), 0.0086135 secs]
136.164: [GC (Allocation Failure)  439832K->320230K(506816K), 0.0085220 secs]
136.355: [GC (Allocation Failure)  440157K->320554K(506816K), 0.0086536 secs]
136.547: [GC (Allocation Failure)  440481K->320879K(506816K), 0.0086816 secs]
136.739: [GC (Allocation Failure)  440806K->321204K(506816K), 0.0086761 secs]
136.931: [GC (Allocation Failure)  441130K->321528K(506816K), 0.0084902 secs]
137.122: [GC (Allocation Failure)  441455K->321853K(506816K), 0.0086550 secs]
137.314: [GC (Allocation Failure)  441780K->322178K(506816K), 0.0084481 secs]
137.507: [GC (Allocation Failure)  442104K->322502K(506816K), 0.0086360 secs]
137.699: [GC (Allocation Failure)  442429K->322827K(506816K), 0.0086036 secs]
137.891: [GC (Allocation Failure)  442754K->323151K(506816K), 0.0085214 secs]
138.082: [GC (Allocation Failure)  443078K->323476K(506816K), 0.0086638 secs]
138.273: [GC (Allocation Failure)  443403K->323801K(506816K), 0.0088100 secs]
138.465: [GC (Allocation Failure)  443727K->324125K(506816K), 0.0084975 secs]
138.657: [GC (Allocation Failure)  444052K->324450K(506816K), 0.0086995 secs]
138.849: [GC (Allocation Failure)  444377K->324774K(506816K), 0.0087846 secs]
139.043: [GC (Allocation Failure)  444701K->325099K(506816K), 0.0084755 secs]
139.235: [GC (Allocation Failure)  445026K->325424K(506816K), 0.0086884 secs]
139.426: [GC (Allocation Failure)  445350K->325748K(506816K), 0.0087015 secs]
139.618: [GC (Allocation Failure)  445675K->326073K(506816K), 0.0088050 secs]
139.809: [GC (Allocation Failure)  446000K->326397K(506816K), 0.0086039 secs]
140.001: [GC (Allocation Failure)  446324K->326722K(506816K), 0.0087404 secs]
140.193: [GC (Allocation Failure)  446649K->327047K(506816K), 0.0084177 secs]
140.386: [GC (Allocation Failure)  446973K->327371K(506816K), 0.0085314 secs]
140.578: [GC (Allocation Failure)  447298K->327696K(506816K), 0.0085732 secs]
140.769: [GC (Allocation Failure)  447623K->328020K(506816K), 0.0088895 secs]
140.961: [GC (Allocation Failure)  447947K->328345K(506816K), 0.0085679 secs]
141.153: [GC (Allocation Failure)  448272K->328670K(506816K), 0.0086869 secs]
141.345: [GC (Allocation Failure)  448597K->328994K(506816K), 0.0085957 secs]
141.536: [GC (Allocation Failure)  448921K->329319K(506816K), 0.0087176 secs]
141.729: [GC (Allocation Failure)  449246K->329644K(506816K), 0.0086594 secs]
141.921: [GC (Allocation Failure)  449570K->329968K(506816K), 0.0086664 secs]
142.113: [GC (Allocation Failure)  449895K->330293K(506816K), 0.0086083 secs]
142.304: [GC (Allocation Failure)  450220K->330617K(506816K), 0.0087755 secs]
142.499: [GC (Allocation Failure)  450544K->330942K(506816K), 0.0085270 secs]
142.690: [GC (Allocation Failure)  450869K->331267K(506816K), 0.0088267 secs]
142.882: [GC (Allocation Failure)  451193K->331591K(506816K), 0.0086112 secs]
143.075: [GC (Allocation Failure)  451518K->331916K(506816K), 0.0090176 secs]
143.271: [GC (Allocation Failure)  451843K->332240K(506816K), 0.0095043 secs]
143.468: [GC (Allocation Failure)  452167K->332565K(506816K), 0.0084127 secs]
143.659: [GC (Allocation Failure)  452492K->332890K(506816K), 0.0087705 secs]
143.851: [GC (Allocation Failure)  452816K->333214K(506816K), 0.0088369 secs]
144.043: [GC (Allocation Failure)  453141K->333539K(506816K), 0.0089451 secs]
144.234: [GC (Allocation Failure)  453466K->333863K(506816K), 0.0086463 secs]
144.426: [GC (Allocation Failure)  453790K->334188K(506816K), 0.0089050 secs]
144.617: [GC (Allocation Failure)  454115K->334513K(506816K), 0.0085916 secs]
144.808: [GC (Allocation Failure)  454439K->334837K(506816K), 0.0088173 secs]
145.000: [GC (Allocation Failure)  454764K->335162K(506816K), 0.0088439 secs]
145.192: [GC (Allocation Failure)  455089K->335487K(506816K), 0.0086103 secs]
145.383: [GC (Allocation Failure)  455413K->335811K(506816K), 0.0086676 secs]
145.576: [GC (Allocation Failure)  455738K->336136K(506816K), 0.0086659 secs]
145.767: [GC (Allocation Failure)  456063K->336460K(506816K), 0.0086591 secs]
145.959: [GC (Allocation Failure)  456387K->336785K(506816K), 0.0088030 secs]
146.150: [GC (Allocation Failure)  456712K->337110K(506816K), 0.0087547 secs]
146.342: [GC (Allocation Failure)  457036K->337434K(506816K), 0.0088196 secs]
146.534: [GC (Allocation Failure)  457361K->337759K(506816K), 0.0086586 secs]
146.726: [GC (Allocation Failure)  457686K->338083K(506816K), 0.0085323 secs]
146.918: [GC (Allocation Failure)  458010K->338408K(506816K), 0.0088167 secs]
147.110: [GC (Allocation Failure)  458335K->338733K(506816K), 0.0087401 secs]
147.302: [GC (Allocation Failure)  458659K->339057K(506816K), 0.0088878 secs]
147.495: [GC (Allocation Failure)  458984K->339382K(506816K), 0.0086466 secs]
147.686: [GC (Allocation Failure)  459309K->339706K(506816K), 0.0087293 secs]
147.878: [GC (Allocation Failure)  459633K->340031K(506816K), 0.0088942 secs]
148.070: [GC (Allocation Failure)  459958K->340356K(506816K), 0.0086413 secs]
148.262: [GC (Allocation Failure)  460282K->340680K(506816K), 0.0087129 secs]
148.454: [GC (Allocation Failure)  460607K->341005K(506816K), 0.0087647 secs]
148.646: [GC (Allocation Failure)  460932K->341329K(506816K), 0.0086892 secs]
148.837: [GC (Allocation Failure)  461256K->341654K(506816K), 0.0088766 secs]
149.029: [GC (Allocation Failure)  461581K->341979K(506816K), 0.0085469 secs]
149.221: [GC (Allocation Failure)  461905K->342303K(506816K), 0.0089120 secs]
149.413: [GC (Allocation Failure)  462230K->342628K(506816K), 0.0087688 secs]
149.605: [GC (Allocation Failure)  462555K->342953K(506816K), 0.0087568 secs]
149.797: [GC (Allocation Failure)  462879K->343277K(506816K), 0.0087673 secs]
149.988: [GC (Allocation Failure)  463204K->343602K(506816K), 0.0089328 secs]
150.180: [GC (Allocation Failure)  463529K->343926K(506816K), 0.0085539 secs]
150.373: [GC (Allocation Failure)  463853K->344251K(506816K), 0.0087834 secs]
150.564: [GC (Allocation Failure)  464178K->344576K(506816K), 0.0086261 secs]
150.756: [GC (Allocation Failure)  464502K->344900K(506816K), 0.0086542 secs]
150.947: [GC (Allocation Failure)  464827K->345225K(506816K), 0.0084323 secs]
151.138: [GC (Allocation Failure)  465152K->345549K(506816K), 0.0087252 secs]
151.329: [GC (Allocation Failure)  465476K->345874K(506816K), 0.0087603 secs]
151.522: [GC (Allocation Failure)  465801K->346199K(506816K), 0.0086776 secs]
151.714: [GC (Allocation Failure)  466125K->346523K(506816K), 0.0084092 secs]
151.924: [GC (Allocation Failure)  466450K->346848K(506816K), 0.0086416 secs]
152.134: [GC (Allocation Failure)  466775K->347172K(506816K), 0.0085074 secs]
152.345: [GC (Allocation Failure)  467099K->347497K(506816K), 0.0086936 secs]
152.537: [GC (Allocation Failure)  467424K->347822K(506816K), 0.0088655 secs]
152.729: [GC (Allocation Failure)  467748K->348146K(506816K), 0.0084940 secs]
152.920: [GC (Allocation Failure)  468073K->348471K(506816K), 0.0087375 secs]
153.111: [GC (Allocation Failure)  468398K->348795K(506816K), 0.0086644 secs]
153.303: [GC (Allocation Failure)  468722K->349120K(506816K), 0.0087641 secs]
153.496: [GC (Allocation Failure)  469047K->349445K(506816K), 0.0084764 secs]
153.689: [GC (Allocation Failure)  469372K->349769K(506816K), 0.0088126 secs]
153.882: [GC (Allocation Failure)  469696K->350094K(506816K), 0.0085378 secs]
154.075: [GC (Allocation Failure)  470021K->350419K(506816K), 0.0087930 secs]
154.267: [GC (Allocation Failure)  470345K->350743K(506816K), 0.0086773 secs]
154.460: [GC (Allocation Failure)  470670K->351068K(506816K), 0.0087618 secs]
154.651: [GC (Allocation Failure)  470995K->351392K(506816K), 0.0086393 secs]
154.843: [GC (Allocation Failure)  471319K->351717K(506816K), 0.0086542 secs]
155.036: [GC (Allocation Failure)  471644K->352042K(506816K), 0.0087237 secs]
155.227: [GC (Allocation Failure)  471968K->352366K(506816K), 0.0085752 secs]
155.420: [GC (Allocation Failure)  472293K->352691K(506816K), 0.0088267 secs]
155.612: [GC (Allocation Failure)  472618K->353015K(506816K), 0.0086723 secs]
155.804: [GC (Allocation Failure)  472942K->353340K(506816K), 0.0086942 secs]
155.996: [GC (Allocation Failure)  473267K->353665K(506816K), 0.0086755 secs]
156.188: [GC (Allocation Failure)  473591K->353989K(506816K), 0.0088708 secs]
156.380: [GC (Allocation Failure)  473916K->354314K(506816K), 0.0088576 secs]
156.575: [Full GC (Allocation Failure)  474241K->354638K(506816K), 0.5201077 secs]
157.279: [Full GC (Allocation Failure)  474565K->343092K(506816K), 0.6454411 secs]
158.108: [GC (Allocation Failure)  462980K->343417K(506816K), 0.0007967 secs]
158.296: [GC (Allocation Failure)  463318K->343741K(506816K), 0.0012779 secs]
158.484: [GC (Allocation Failure)  463652K->344066K(506816K), 0.0017918 secs]
158.668: [GC (Allocation Failure)  463982K->344390K(506816K), 0.0022514 secs]
158.854: [GC (Allocation Failure)  464311K->344715K(506816K), 0.0027232 secs]
159.039: [GC (Allocation Failure)  464638K->345040K(506816K), 0.0032702 secs]
159.227: [GC (Allocation Failure)  464964K->345364K(506816K), 0.0040865 secs]
159.415: [GC (Allocation Failure)  465289K->345689K(506816K), 0.0043899 secs]
159.603: [GC (Allocation Failure)  465615K->346014K(506816K), 0.0047808 secs]
159.791: [GC (Allocation Failure)  465940K->346338K(506816K), 0.0055354 secs]
159.980: [GC (Allocation Failure)  466264K->346663K(506816K), 0.0058380 secs]
160.169: [GC (Allocation Failure)  466589K->346987K(506816K), 0.0064864 secs]
160.358: [GC (Allocation Failure)  466914K->347312K(506816K), 0.0071579 secs]
160.549: [GC (Allocation Failure)  467239K->347637K(506816K), 0.0075967 secs]
160.741: [GC (Allocation Failure)  467563K->347961K(506816K), 0.0080902 secs]
160.933: [GC (Allocation Failure)  467888K->348286K(506816K), 0.0085583 secs]
161.124: [GC (Allocation Failure)  468213K->348610K(506816K), 0.0086352 secs]
161.316: [GC (Allocation Failure)  468537K->348935K(506816K), 0.0083501 secs]
161.509: [GC (Allocation Failure)  468862K->349260K(506816K), 0.0088185 secs]
161.700: [GC (Allocation Failure)  469186K->349584K(506816K), 0.0086778 secs]
161.892: [GC (Allocation Failure)  469511K->349909K(506816K), 0.0086337 secs]
162.084: [GC (Allocation Failure)  469836K->350233K(506816K), 0.0087577 secs]
162.275: [GC (Allocation Failure)  470160K->350558K(506816K), 0.0089529 secs]
162.470: [GC (Allocation Failure)  470485K->350883K(506816K), 0.0090029 secs]
162.661: [GC (Allocation Failure)  470809K->351207K(506816K), 0.0086129 secs]
162.852: [GC (Allocation Failure)  471134K->351532K(506816K), 0.0084331 secs]
163.043: [GC (Allocation Failure)  471459K->351856K(506816K), 0.0087860 secs]
163.235: [GC (Allocation Failure)  471783K->352181K(506816K), 0.0086147 secs]
163.427: [GC (Allocation Failure)  472108K->352506K(506816K), 0.0089918 secs]
163.619: [GC (Allocation Failure)  472432K->352830K(506816K), 0.0086518 secs]
163.811: [GC (Allocation Failure)  472757K->353155K(506816K), 0.0086656 secs]
164.002: [GC (Allocation Failure)  473082K->353480K(506816K), 0.0086729 secs]
164.195: [GC (Allocation Failure)  473406K->353804K(506816K), 0.0090830 secs]
164.393: [GC (Allocation Failure)  473731K->354129K(506816K), 0.0090424 secs]
164.589: [Full GC (Allocation Failure)  474056K->354453K(506816K), 0.5268716 secs]
165.317: [Full GC (Allocation Failure)  474380K->354778K(506816K), 0.5244933 secs]
166.024: [Full GC (Allocation Failure)  474667K->355103K(506816K), 0.5338368 secs]
166.740: [Full GC (Allocation Failure)  474965K->355414K(506816K), 0.6749045 secs]
167.598: [Full GC (Allocation Failure)  475257K->355738K(506816K), 0.5260460 secs]
168.307: [Full GC (Allocation Failure)  475567K->356063K(506816K), 0.5350995 secs]
169.029: [Full GC (Allocation Failure)  475880K->356388K(506816K), 0.5289125 secs]
169.742: [Full GC (Allocation Failure)  476194K->356712K(506816K), 0.5281199 secs]
170.454: [Full GC (Allocation Failure)  476510K->357037K(506816K), 0.5281281 secs]
171.167: [Full GC (Allocation Failure)  476827K->357362K(506816K), 0.5385372 secs]
171.891: [Full GC (Allocation Failure)  477144K->357686K(506816K), 0.5310107 secs]
172.606: [Full GC (Allocation Failure)  477462K->358011K(506816K), 0.5333708 secs]
173.322: [Full GC (Allocation Failure)  477780K->358335K(506816K), 0.5379443 secs]
174.043: [Full GC (Allocation Failure)  478098K->358660K(506816K), 0.5340198 secs]
174.759: [Full GC (Allocation Failure)  478416K->358985K(506816K), 0.5363668 secs]
175.481: [Full GC (Allocation Failure)  478734K->359309K(506816K), 0.5322532 secs]
176.198: [Full GC (Allocation Failure)  479052K->359634K(506816K), 0.5340599 secs]
176.914: [Full GC (Allocation Failure)  479370K->359958K(506816K), 0.5433224 secs]
177.641: [Full GC (Allocation Failure)  479688K->360283K(506816K), 0.5349258 secs]
178.360: [Full GC (Allocation Failure)  480007K->360608K(506816K), 0.5454882 secs]
179.093: [Full GC (Allocation Failure)  480325K->360932K(506816K), 0.5584232 secs]
179.835: [Full GC (Allocation Failure)  480644K->361257K(506816K), 0.5441220 secs]
180.565: [Full GC (Allocation Failure)  480962K->361581K(506816K), 0.5386948 secs]
181.287: [Full GC (Allocation Failure)  481281K->361906K(506816K), 0.5399417 secs]
182.010: [Full GC (Allocation Failure)  481599K->362231K(506816K), 0.5501047 secs]
182.743: [Full GC (Allocation Failure)  481918K->362555K(506816K), 0.5473171 secs]
183.474: [Full GC (Allocation Failure)  482236K->362880K(506816K), 0.5487432 secs]
184.209: [Full GC (Allocation Failure)  482555K->363204K(506816K), 0.5511992 secs]
184.943: [Full GC (Allocation Failure)  482873K->363529K(506816K), 0.5411701 secs]
185.667: [Full GC (Allocation Failure)  483192K->363854K(506816K), 0.5503406 secs]
186.401: [Full GC (Allocation Failure)  483511K->364178K(506816K), 0.5478486 secs]
187.132: [Full GC (Allocation Failure)  483829K->364503K(506816K), 0.5514723 secs]
187.867: [Full GC (Allocation Failure)  484148K->364828K(506816K), 0.5510361 secs]
188.604: [Full GC (Allocation Failure)  484467K->365152K(506816K), 0.5518354 secs]
189.339: [Full GC (Allocation Failure)  484786K->365477K(506816K), 0.5528902 secs]
190.076: [Full GC (Allocation Failure)  485105K->365801K(506816K), 0.5526554 secs]
190.812: [Full GC (Allocation Failure)  485423K->366126K(506816K), 0.5705751 secs]
191.567: [Full GC (Allocation Failure)  485742K->366451K(506816K), 0.5539467 secs]
192.304: [Full GC (Allocation Failure)  486061K->366775K(506816K), 0.5515471 secs]
193.040: [Full GC (Allocation Failure)  486380K->367100K(506816K), 0.5478895 secs]
193.771: [Full GC (Allocation Failure)  486699K->367424K(506816K), 0.5555626 secs]
194.512: [Full GC (Allocation Failure)  487018K->367749K(506816K), 0.5546504 secs]
195.249: [Full GC (Allocation Failure)  487337K->368074K(506816K), 0.5554804 secs]
195.988: [Full GC (Allocation Failure)  487656K->368398K(506816K), 0.5590146 secs]
196.731: [Full GC (Allocation Failure)  487975K->368723K(506816K), 0.5584808 secs]
197.475: [Full GC (Allocation Failure)  488294K->369047K(506816K), 0.5590699 secs]
198.218: [Full GC (Allocation Failure)  488613K->369372K(506816K), 0.5724663 secs]
198.984: [Full GC (Allocation Failure)  488932K->369697K(506816K), 0.5731092 secs]
199.741: [Full GC (Allocation Failure)  489252K->370021K(506816K), 0.5724996 secs]
200.441: [Full GC (Allocation Failure)  450508K->370238K(506816K), 0.5820972 secs]
201.147: [Full GC (Allocation Failure)  450658K->370454K(506816K), 0.5658194 secs]
201.836: [Full GC (Allocation Failure)  450830K->370670K(506816K), 0.5603408 secs]
202.524: [Full GC (Allocation Failure)  451015K->370887K(506816K), 0.5620212 secs]
203.211: [Full GC (Allocation Failure)  451210K->371103K(506816K), 0.5828810 secs]
203.920: [Full GC (Allocation Failure)  451411K->371320K(506816K), 0.5857416 secs]
204.631: [Full GC (Allocation Failure)  451616K->371536K(506816K), 0.5774070 secs]
205.332: [Full GC (Allocation Failure)  451824K->371753K(506816K), 0.5683652 secs]
206.027: [Full GC (Allocation Failure)  452033K->371969K(506816K), 0.5662313 secs]
206.718: [Full GC (Allocation Failure)  452243K->372185K(506816K), 0.5656484 secs]
207.408: [Full GC (Allocation Failure)  452454K->372402K(506816K), 0.5767826 secs]
208.110: [Full GC (Allocation Failure)  452665K->372618K(506816K), 0.5887692 secs]
208.822: [Full GC (Allocation Failure)  452877K->372835K(506816K), 0.5935661 secs]
209.541: [Full GC (Allocation Failure)  453088K->373051K(506816K), 0.5807764 secs]
210.247: [Full GC (Allocation Failure)  453300K->373267K(506816K), 0.5747694 secs]
210.946: [Full GC (Allocation Failure)  453512K->373484K(506816K), 0.5868342 secs]
211.658: [Full GC (Allocation Failure)  453724K->373700K(506816K), 0.6012471 secs]
212.390: [Full GC (Allocation Failure)  453936K->373917K(506816K), 0.6021799 secs]
213.119: [Full GC (Allocation Failure)  454148K->374133K(506816K), 0.5856569 secs]
213.840: [Full GC (Allocation Failure)  454360K->374349K(506816K), 0.5888362 secs]
214.555: [Full GC (Allocation Failure)  454572K->374566K(506816K), 0.5957041 secs]
215.276: [Full GC (Allocation Failure)  454784K->374782K(506816K), 0.5930276 secs]
215.993: [Full GC (Allocation Failure)  454997K->374999K(506816K), 0.5734299 secs]
216.690: [Full GC (Allocation Failure)  455209K->375215K(506816K), 0.5853999 secs]
217.402: [Full GC (Allocation Failure)  455421K->375431K(506816K), 0.5730109 secs]
218.100: [Full GC (Allocation Failure)  455633K->375648K(506816K), 0.5825758 secs]
218.807: [Full GC (Allocation Failure)  455845K->375864K(506816K), 0.5823086 secs]
219.513: [Full GC (Allocation Failure)  456058K->376081K(506816K), 0.5879869 secs]
220.224: [Full GC (Allocation Failure)  456270K->376297K(506816K), 0.5808889 secs]
220.928: [Full GC (Allocation Failure)  456482K->376513K(506816K), 0.6039957 secs]
221.659: [Full GC (Allocation Failure)  456695K->376730K(506816K), 0.5932717 secs]
222.376: [Full GC (Allocation Failure)  456907K->376946K(506816K), 0.5902658 secs]
223.090: [Full GC (Allocation Failure)  457119K->377163K(506816K), 0.5801797 secs]
223.793: [Full GC (Allocation Failure)  457332K->377379K(506816K), 0.5876264 secs]
224.506: [Full GC (Allocation Failure)  457544K->377595K(506816K), 0.5933659 secs]
225.223: [Full GC (Allocation Failure)  457756K->377812K(506816K), 0.5877434 secs]
225.938: [Full GC (Allocation Failure)  457969K->378028K(506816K), 0.6039671 secs]
226.670: [Full GC (Allocation Failure)  458181K->378245K(506816K), 0.5881600 secs]
227.382: [Full GC (Allocation Failure)  458394K->378461K(506816K), 0.5872122 secs]
228.091: [Full GC (Allocation Failure)  458606K->378678K(506816K), 0.5775734 secs]
228.791: [Full GC (Allocation Failure)  458818K->378894K(506816K), 0.5757006 secs]
229.490: [Full GC (Allocation Failure)  459031K->379110K(506816K), 0.5767513 secs]
230.190: [Full GC (Allocation Failure)  459243K->379327K(506816K), 0.5750033 secs]
230.887: [Full GC (Allocation Failure)  459456K->379543K(506816K), 0.5788138 secs]
231.588: [Full GC (Allocation Failure)  459668K->379760K(506816K), 0.6068877 secs]
232.321: [Full GC (Allocation Failure)  459881K->379976K(506816K), 0.5850622 secs]
233.031: [Full GC (Allocation Failure)  460093K->380192K(506816K), 0.5949065 secs]
233.754: [Full GC (Allocation Failure)  460306K->380409K(506816K), 0.5894218 secs]
234.466: [Full GC (Allocation Failure)  460519K->380625K(506816K), 0.5764861 secs]
235.165: [Full GC (Allocation Failure)  460731K->380842K(506816K), 0.5807196 secs]
235.868: [Full GC (Allocation Failure)  460944K->381058K(506816K), 0.5820118 secs]
236.577: [Full GC (Allocation Failure)  461156K->381274K(506816K), 0.5932501 secs]
237.294: [Full GC (Allocation Failure)  461369K->381491K(506816K), 0.6149297 secs]
238.031: [Full GC (Allocation Failure)  461582K->381707K(506816K), 0.5801019 secs]
238.734: [Full GC (Allocation Failure)  461794K->381924K(506816K), 0.5808483 secs]
239.437: [Full GC (Allocation Failure)  462007K->382140K(506816K), 0.5753226 secs]
240.135: [Full GC (Allocation Failure)  462220K->382356K(506816K), 0.5726999 secs]
240.829: [Full GC (Allocation Failure)  462432K->382573K(506816K), 0.5818885 secs]
241.534: [Full GC (Allocation Failure)  462645K->382789K(506816K), 0.5873794 secs]
242.243: [Full GC (Allocation Failure)  462858K->383006K(506816K), 0.5763990 secs]
242.941: [Full GC (Allocation Failure)  463071K->383222K(506816K), 0.5902219 secs]
243.653: [Full GC (Allocation Failure)  463283K->383438K(506816K), 0.5818130 secs]
244.357: [Full GC (Allocation Failure)  463496K->383655K(506816K), 0.5978011 secs]
245.078: [Full GC (Allocation Failure)  463709K->383871K(506816K), 0.5920222 secs]
245.797: [Full GC (Allocation Failure)  463922K->384088K(506816K), 0.5984405 secs]
246.519: [Full GC (Allocation Failure)  464135K->384304K(506816K), 0.5816999 secs]
247.222: [Full GC (Allocation Failure)  464347K->384520K(506816K), 0.5835131 secs]
247.928: [Full GC (Allocation Failure)  464560K->384737K(506816K), 0.5980961 secs]
248.649: [Full GC (Allocation Failure)  464773K->384953K(506816K), 0.5849812 secs]
249.358: [Full GC (Allocation Failure)  464986K->385170K(506816K), 0.5847748 secs]
250.065: [Full GC (Allocation Failure)  465199K->385386K(506816K), 0.6085412 secs]
250.800: [Full GC (Allocation Failure)  465412K->385603K(506816K), 0.6023156 secs]
251.533: [Full GC (Allocation Failure)  465625K->385819K(506816K), 0.6426182 secs]
252.310: [Full GC (Allocation Failure)  465838K->386035K(506816K), 0.6057218 secs]
253.043: [Full GC (Allocation Failure)  466050K->386252K(506816K), 0.6104201 secs]
253.783: [Full GC (Allocation Failure)  466263K->386468K(506816K), 0.6344581 secs]
254.549: [Full GC (Allocation Failure)  466476K->386685K(506816K), 0.6089876 secs]
255.280: [Full GC (Allocation Failure)  466689K->386901K(506816K), 0.6092291 secs]
256.013: [Full GC (Allocation Failure)  466902K->387117K(506816K), 0.6051672 secs]
256.743: [Full GC (Allocation Failure)  467115K->387334K(506816K), 0.5981145 secs]
257.466: [Full GC (Allocation Failure)  467328K->387550K(506816K), 0.5948764 secs]
258.184: [Full GC (Allocation Failure)  467541K->387767K(506816K), 0.6026123 secs]
258.910: [Full GC (Allocation Failure)  467754K->387983K(506816K), 0.5963329 secs]
259.629: [Full GC (Allocation Failure)  467967K->388199K(506816K), 0.5934989 secs]
260.348: [Full GC (Allocation Failure)  468180K->388416K(506816K), 0.6073186 secs]
261.082: [Full GC (Allocation Failure)  468393K->388632K(506816K), 0.5989638 secs]
261.806: [Full GC (Allocation Failure)  468607K->388849K(506816K), 0.6132384 secs]
262.544: [Full GC (Allocation Failure)  468820K->389065K(506816K), 0.6006773 secs]
263.270: [Full GC (Allocation Failure)  469033K->389281K(506816K), 0.5960052 secs]
263.990: [Full GC (Allocation Failure)  469246K->389498K(506816K), 0.6073125 secs]
264.724: [Full GC (Allocation Failure)  469459K->389714K(506816K), 0.6765899 secs]
265.541: [Full GC (Allocation Failure)  469672K->389931K(506816K), 0.6333656 secs]
266.322: [Full GC (Allocation Failure)  469885K->390147K(506816K), 0.7100188 secs]
267.156: [Full GC (Allocation Failure)  470098K->390363K(506816K), 0.5983484 secs]
267.880: [Full GC (Allocation Failure)  470312K->390580K(506816K), 0.6113127 secs]
268.617: [Full GC (Allocation Failure)  470525K->390796K(506816K), 0.6034794 secs]
269.346: [Full GC (Allocation Failure)  470738K->391013K(506816K), 0.6110127 secs]
270.081: [Full GC (Allocation Failure)  470951K->391229K(506816K), 0.6180715 secs]
270.823: [Full GC (Allocation Failure)  471164K->391445K(506816K), 0.5945563 secs]
271.540: [Full GC (Allocation Failure)  471378K->391662K(506816K), 0.5935951 secs]
272.257: [Full GC (Allocation Failure)  471591K->391878K(506816K), 0.6140391 secs]
272.993: [Full GC (Allocation Failure)  471804K->392095K(506816K), 0.6035747 secs]
273.724: [Full GC (Allocation Failure)  472017K->392311K(506816K), 0.5946209 secs]
274.444: [Full GC (Allocation Failure)  472231K->392528K(506816K), 0.6112174 secs]
275.179: [Full GC (Allocation Failure)  472444K->392744K(506816K), 0.5954614 secs]
275.899: [Full GC (Allocation Failure)  472657K->392960K(506816K), 0.5941996 secs]
276.617: [Full GC (Allocation Failure)  472870K->393177K(506816K), 0.6036043 secs]
277.347: [Full GC (Allocation Failure)  473084K->393393K(506816K), 0.5973065 secs]
278.068: [Full GC (Allocation Failure)  473297K->393610K(506816K), 0.6151916 secs]
278.805: [Full GC (Allocation Failure)  473510K->393826K(506816K), 0.6023881 secs]
279.532: [Full GC (Allocation Failure)  473724K->394042K(506816K), 0.6134249 secs]
280.267: [Full GC (Allocation Failure)  473937K->394259K(506816K), 0.6012076 secs]
280.992: [Full GC (Allocation Failure)  474150K->394475K(506816K), 0.5966884 secs]
281.711: [Full GC (Allocation Failure)  474364K->394692K(506816K), 0.6241641 secs]
282.461: [Full GC (Allocation Failure)  474577K->394908K(506816K), 0.6241253 secs]
283.211: [Full GC (Allocation Failure)  474791K->395124K(506816K), 0.6082521 secs]
283.941: [Full GC (Allocation Failure)  475004K->395341K(506816K), 0.6167335 secs]
284.686: [Full GC (Allocation Failure)  475217K->395557K(506816K), 0.6146048 secs]
285.423: [Full GC (Allocation Failure)  475431K->395774K(506816K), 0.6099547 secs]
286.156: [Full GC (Allocation Failure)  475644K->395990K(506816K), 0.5997338 secs]
286.882: [Full GC (Allocation Failure)  475858K->396206K(506816K), 0.6034704 secs]
287.620: [Full GC (Allocation Failure)  476071K->396423K(506816K), 0.6075136 secs]
288.350: [Full GC (Allocation Failure)  476285K->396639K(506816K), 0.6170486 secs]
289.090: [Full GC (Allocation Failure)  476498K->396856K(506816K), 0.6081395 secs]
289.823: [Full GC (Allocation Failure)  476712K->397072K(506816K), 0.6068780 secs]
290.559: [Full GC (Allocation Failure)  476925K->397288K(506816K), 0.6116021 secs]
291.294: [Full GC (Allocation Failure)  477139K->397505K(506816K), 0.6073133 secs]
292.026: [Full GC (Allocation Failure)  477352K->397721K(506816K), 0.6162335 secs]
292.765: [Full GC (Allocation Failure)  477566K->397938K(506816K), 0.6182110 secs]
293.506: [Full GC (Allocation Failure)  477779K->398154K(506816K), 0.6126569 secs]
294.243: [Full GC (Allocation Failure)  477993K->398370K(506816K), 0.6246784 secs]
294.991: [Full GC (Allocation Failure)  478206K->398587K(506816K), 0.6077136 secs]
295.722: [Full GC (Allocation Failure)  478420K->398803K(506816K), 0.6101073 secs]
296.459: [Full GC (Allocation Failure)  478633K->399020K(506816K), 0.6161049 secs]
297.200: [Full GC (Allocation Failure)  478847K->399236K(506816K), 0.6224600 secs]
297.959: [Full GC (Allocation Failure)  479060K->399453K(506816K), 0.6384306 secs]
298.722: [Full GC (Allocation Failure)  479274K->399669K(506816K), 0.6220920 secs]
299.469: [Full GC (Allocation Failure)  479488K->399885K(506816K), 0.6396470 secs]
300.247: [Full GC (Allocation Failure)  479701K->400102K(506816K), 0.6234473 secs]
300.996: [Full GC (Allocation Failure)  479915K->400318K(506816K), 0.6302383 secs]
301.749: [Full GC (Allocation Failure)  480129K->400535K(506816K), 0.6265205 secs]
302.500: [Full GC (Allocation Failure)  480342K->400751K(506816K), 0.6131782 secs]
303.236: [Full GC (Allocation Failure)  480556K->400967K(506816K), 0.6197590 secs]
303.979: [Full GC (Allocation Failure)  480769K->401184K(506816K), 0.6324470 secs]
304.737: [Full GC (Allocation Failure)  480983K->401400K(506816K), 0.6176392 secs]
